# GENERISANO (build/gen_pages.py, S9): adresa strane → ista adresa; nginx map ne razlikuje velika i mala slova
/rime-za/abakus/ /rime-za/abakus/;
/rime-za/abecedni/ /rime-za/abecedni/;
/rime-za/aberacija/ /rime-za/aberacija/;
/rime-za/abiturijent/ /rime-za/abiturijent/;
/rime-za/ablaut/ /rime-za/ablaut/;
/rime-za/abnormalan/ /rime-za/abnormalan/;
/rime-za/abolicija/ /rime-za/abolicija/;
/rime-za/aboniranje/ /rime-za/aboniranje/;
/rime-za/abonos/ /rime-za/abonos/;
/rime-za/aboridzin/ /rime-za/aboridzin/;
/rime-za/abracadabra/ /rime-za/abracadabra/;
/rime-za/abrakadabra/ /rime-za/abrakadabra/;
/rime-za/abramovic/ /rime-za/abramovic/;
/rime-za/abrasevic/ /rime-za/abrasevic/;
/rime-za/acetat/ /rime-za/acetat/;
/rime-za/ackovic/ /rime-za/ackovic/;
/rime-za/adaptirati/ /rime-za/adaptirati/;
/rime-za/adasevic/ /rime-za/adasevic/;
/rime-za/adler/ /rime-za/adler/;
/rime-za/adlesic/ /rime-za/adlesic/;
/rime-za/admiral/ /rime-za/admiral/;
/rime-za/adonis/ /rime-za/adonis/;
/rime-za/adresa/ /rime-za/adresa/;
/rime-za/adventista/ /rime-za/adventista/;
/rime-za/aerobni/ /rime-za/aerobni/;
/rime-za/aeroklub/ /rime-za/aeroklub/;
/rime-za/aeromiting/ /rime-za/aeromiting/;
/rime-za/aeronauticki/ /rime-za/aeronauticki/;
/rime-za/aeroplanski/ /rime-za/aeroplanski/;
/rime-za/aerosol/ /rime-za/aerosol/;
/rime-za/afera/ /rime-za/afera/;
/rime-za/afganistanka/ /rime-za/afganistanka/;
/rime-za/afirmacija/ /rime-za/afirmacija/;
/rime-za/afrodita/ /rime-za/afrodita/;
/rime-za/agata/ /rime-za/agata/;
/rime-za/age/ /rime-za/age/;
/rime-za/agencija/ /rime-za/agencija/;
/rime-za/agens/ /rime-za/agens/;
/rime-za/agent/ /rime-za/agent/;
/rime-za/agilnost/ /rime-za/agilnost/;
/rime-za/agitprop/ /rime-za/agitprop/;
/rime-za/aglomerat/ /rime-za/aglomerat/;
/rime-za/agrar/ /rime-za/agrar/;
/rime-za/agregat/ /rime-za/agregat/;
/rime-za/agregatni/ /rime-za/agregatni/;
/rime-za/agresor/ /rime-za/agresor/;
/rime-za/agresorski/ /rime-za/agresorski/;
/rime-za/agrum/ /rime-za/agrum/;
/rime-za/ajatolah/ /rime-za/ajatolah/;
/rime-za/ajdacic/ /rime-za/ajdacic/;
/rime-za/ajgir/ /rime-za/ajgir/;
/rime-za/ajkule/ /rime-za/ajkule/;
/rime-za/akacija/ /rime-za/akacija/;
/rime-za/akademski/ /rime-za/akademski/;
/rime-za/akcenti/ /rime-za/akcenti/;
/rime-za/akcesija/ /rime-za/akcesija/;
/rime-za/akcesioni/ /rime-za/akcesioni/;
/rime-za/akcija/ /rime-za/akcija/;
/rime-za/akcije/ /rime-za/akcije/;
/rime-za/akcionar/ /rime-za/akcionar/;
/rime-za/akcionarski/ /rime-za/akcionarski/;
/rime-za/akcioni/ /rime-za/akcioni/;
/rime-za/ako/ /rime-za/ako/;
/rime-za/akt/ /rime-za/akt/;
/rime-za/aktivnost/ /rime-za/aktivnost/;
/rime-za/aktivnosti/ /rime-za/aktivnosti/;
/rime-za/albanija/ /rime-za/albanija/;
/rime-za/alzir/ /rime-za/alzir/;
/rime-za/amandman/ /rime-za/amandman/;
/rime-za/ambasador/ /rime-za/ambasador/;
/rime-za/amsterdam/ /rime-za/amsterdam/;
/rime-za/analiza/ /rime-za/analiza/;
/rime-za/anastasija/ /rime-za/anastasija/;
/rime-za/andjeo/ /rime-za/andjeo/;
/rime-za/angola/ /rime-za/angola/;
/rime-za/antifona/ /rime-za/antifona/;
/rime-za/aparat/ /rime-za/aparat/;
/rime-za/aplikacija/ /rime-za/aplikacija/;
/rime-za/april/ /rime-za/april/;
/rime-za/argentina/ /rime-za/argentina/;
/rime-za/asocijacija/ /rime-za/asocijacija/;
/rime-za/atina/ /rime-za/atina/;
/rime-za/atmosfera/ /rime-za/atmosfera/;
/rime-za/australija/ /rime-za/australija/;
/rime-za/austrija/ /rime-za/austrija/;
/rime-za/auto/ /rime-za/auto/;
/rime-za/automatski/ /rime-za/automatski/;
/rime-za/automobil/ /rime-za/automobil/;
/rime-za/autor/ /rime-za/autor/;
/rime-za/avganistan/ /rime-za/avganistan/;
/rime-za/avgust/ /rime-za/avgust/;
/rime-za/bajka/ /rime-za/bajka/;
/rime-za/baka/ /rime-za/baka/;
/rime-za/balon/ /rime-za/balon/;
/rime-za/bangkok/ /rime-za/bangkok/;
/rime-za/banka/ /rime-za/banka/;
/rime-za/bar/ /rime-za/bar/;
/rime-za/barem/ /rime-za/barem/;
/rime-za/barselona/ /rime-za/barselona/;
/rime-za/bas/ /rime-za/bas/;
/rime-za/baviti/ /rime-za/baviti/;
/rime-za/baza/ /rime-za/baza/;
/rime-za/bazen/ /rime-za/bazen/;
/rime-za/beba/ /rime-za/beba/;
/rime-za/bebe/ /rime-za/bebe/;
/rime-za/bec/ /rime-za/bec/;
/rime-za/belgija/ /rime-za/belgija/;
/rime-za/belorusija/ /rime-za/belorusija/;
/rime-za/bend/ /rime-za/bend/;
/rime-za/beograd/ /rime-za/beograd/;
/rime-za/beogradski/ /rime-za/beogradski/;
/rime-za/berlin/ /rime-za/berlin/;
/rime-za/besplatan/ /rime-za/besplatan/;
/rime-za/beta/ /rime-za/beta/;
/rime-za/bezbednost/ /rime-za/bezbednost/;
/rime-za/biblioteka/ /rime-za/biblioteka/;
/rime-za/bice/ /rime-za/bice/;
/rime-za/biser/ /rime-za/biser/;
/rime-za/bitan/ /rime-za/bitan/;
/rime-za/bitno/ /rime-za/bitno/;
/rime-za/bivsi/ /rime-za/bivsi/;
/rime-za/blago/ /rime-za/blago/;
/rime-za/blizi/ /rime-za/blizi/;
/rime-za/blizu/ /rime-za/blizu/;
/rime-za/blog/ /rime-za/blog/;
/rime-za/bogat/ /rime-za/bogat/;
/rime-za/bogatstvo/ /rime-za/bogatstvo/;
/rime-za/boja/ /rime-za/boja/;
/rime-za/boje/ /rime-za/boje/;
/rime-za/bol/ /rime-za/bol/;
/rime-za/bolest/ /rime-za/bolest/;
/rime-za/bolesti/ /rime-za/bolesti/;
/rime-za/bolivija/ /rime-za/bolivija/;
/rime-za/bolje/ /rime-za/bolje/;
/rime-za/bolji/ /rime-za/bolji/;
/rime-za/bor/ /rime-za/bor/;
/rime-za/boravak/ /rime-za/boravak/;
/rime-za/borba/ /rime-za/borba/;
/rime-za/borbe/ /rime-za/borbe/;
/rime-za/bore/ /rime-za/bore/;
/rime-za/boston/ /rime-za/boston/;
/rime-za/brak/ /rime-za/brak/;
/rime-za/brane/ /rime-za/brane/;
/rime-za/brat/ /rime-za/brat/;
/rime-za/brazil/ /rime-za/brazil/;
/rime-za/breskva/ /rime-za/breskva/;
/rime-za/briga/ /rime-za/briga/;
/rime-za/brisel/ /rime-za/brisel/;
/rime-za/britanski/ /rime-za/britanski/;
/rime-za/brod/ /rime-za/brod/;
/rime-za/broj/ /rime-za/broj/;
/rime-za/brze/ /rime-za/brze/;
/rime-za/brzina/ /rime-za/brzina/;
/rime-za/brzo/ /rime-za/brzo/;
/rime-za/bubanj/ /rime-za/bubanj/;
/rime-za/budimpesta/ /rime-za/budimpesta/;
/rime-za/buducnost/ /rime-za/buducnost/;
/rime-za/bugarska/ /rime-za/bugarska/;
/rime-za/bukvalno/ /rime-za/bukvalno/;
/rime-za/cacak/ /rime-za/cacak/;
/rime-za/caj/ /rime-za/caj/;
/rime-za/car/ /rime-za/car/;
/rime-za/carstvo/ /rime-za/carstvo/;
/rime-za/cas/ /rime-za/cas/;
/rime-za/casopis/ /rime-za/casopis/;
/rime-za/cast/ /rime-za/cast/;
/rime-za/celija/ /rime-za/celija/;
/rime-za/centar/ /rime-za/centar/;
/rime-za/ceo/ /rime-za/ceo/;
/rime-za/cerka/ /rime-za/cerka/;
/rime-za/cesce/ /rime-za/cesce/;
/rime-za/ceska/ /rime-za/ceska/;
/rime-za/cesto/ /rime-za/cesto/;
/rime-za/cetvrtak/ /rime-za/cetvrtak/;
/rime-za/cetvrti/ /rime-za/cetvrti/;
/rime-za/cevi/ /rime-za/cevi/;
/rime-za/ceznja/ /rime-za/ceznja/;
/rime-za/cikago/ /rime-za/cikago/;
/rime-za/ciklus/ /rime-za/ciklus/;
/rime-za/cile/ /rime-za/cile/;
/rime-za/cilj/ /rime-za/cilj/;
/rime-za/cini/ /rime-za/cini/;
/rime-za/ciniti/ /rime-za/ciniti/;
/rime-za/cinjenica/ /rime-za/cinjenica/;
/rime-za/cinjenice/ /rime-za/cinjenice/;
/rime-za/ciscenje/ /rime-za/ciscenje/;
/rime-za/cist/ /rime-za/cist/;
/rime-za/cisto/ /rime-za/cisto/;
/rime-za/citav/ /rime-za/citav/;
/rime-za/clan/ /rime-za/clan/;
/rime-za/clanak/ /rime-za/clanak/;
/rime-za/clanica/ /rime-za/clanica/;
/rime-za/clanovi/ /rime-za/clanovi/;
/rime-za/clanstvo/ /rime-za/clanstvo/;
/rime-za/cokolada/ /rime-za/cokolada/;
/rime-za/covek/ /rime-za/covek/;
/rime-za/crkva/ /rime-za/crkva/;
/rime-za/crkve/ /rime-za/crkve/;
/rime-za/cuda/ /rime-za/cuda/;
/rime-za/cudo/ /rime-za/cudo/;
/rime-za/cula/ /rime-za/cula/;
/rime-za/cuti/ /rime-za/cuti/;
/rime-za/cvet/ /rime-za/cvet/;
/rime-za/dablin/ /rime-za/dablin/;
/rime-za/dah/ /rime-za/dah/;
/rime-za/daleko/ /rime-za/daleko/;
/rime-za/dalje/ /rime-za/dalje/;
/rime-za/daljina/ /rime-za/daljina/;
/rime-za/dan/ /rime-za/dan/;
/rime-za/danas/ /rime-za/danas/;
/rime-za/danasnji/ /rime-za/danasnji/;
/rime-za/dani/ /rime-za/dani/;
/rime-za/danska/ /rime-za/danska/;
/rime-za/dati/ /rime-za/dati/;
/rime-za/datum/ /rime-za/datum/;
/rime-za/davanja/ /rime-za/davanja/;
/rime-za/davanje/ /rime-za/davanje/;
/rime-za/deca/ /rime-za/deca/;
/rime-za/decembar/ /rime-za/decembar/;
/rime-za/decenija/ /rime-za/decenija/;
/rime-za/deficit/ /rime-za/deficit/;
/rime-za/definitivno/ /rime-za/definitivno/;
/rime-za/dejstvo/ /rime-za/dejstvo/;
/rime-za/deka/ /rime-za/deka/;
/rime-za/dela/ /rime-za/dela/;
/rime-za/delatnost/ /rime-za/delatnost/;
/rime-za/delegacija/ /rime-za/delegacija/;
/rime-za/delhi/ /rime-za/delhi/;
/rime-za/delimicno/ /rime-za/delimicno/;
/rime-za/delo/ /rime-za/delo/;
/rime-za/delom/ /rime-za/delom/;
/rime-za/delovanja/ /rime-za/delovanja/;
/rime-za/delovanje/ /rime-za/delovanje/;
/rime-za/delta/ /rime-za/delta/;
/rime-za/demokratija/ /rime-za/demokratija/;
/rime-za/demokratski/ /rime-za/demokratski/;
/rime-za/deo/ /rime-za/deo/;
/rime-za/desavanja/ /rime-za/desavanja/;
/rime-za/desetina/ /rime-za/desetina/;
/rime-za/desiti/ /rime-za/desiti/;
/rime-za/desno/ /rime-za/desno/;
/rime-za/detaljno/ /rime-za/detaljno/;
/rime-za/dete/ /rime-za/dete/;
/rime-za/devojcica/ /rime-za/devojcica/;
/rime-za/devojka/ /rime-za/devojka/;
/rime-za/devojke/ /rime-za/devojke/;
/rime-za/dijalog/ /rime-za/dijalog/;
/rime-za/dijamant/ /rime-za/dijamant/;
/rime-za/dimenzija/ /rime-za/dimenzija/;
/rime-za/din/ /rime-za/din/;
/rime-za/dinar/ /rime-za/dinar/;
/rime-za/dio/ /rime-za/dio/;
/rime-za/direktor/ /rime-za/direktor/;
/rime-za/disciplina/ /rime-za/disciplina/;
/rime-za/djavo/ /rime-za/djavo/;
/rime-za/dlan/ /rime-za/dlan/;
/rime-za/dnevni/ /rime-za/dnevni/;
/rime-za/dnevnik/ /rime-za/dnevnik/;
/rime-za/doba/ /rime-za/doba/;
/rime-za/dobar/ /rime-za/dobar/;
/rime-za/dobijanje/ /rime-za/dobijanje/;
/rime-za/dobit/ /rime-za/dobit/;
/rime-za/dobiti/ /rime-za/dobiti/;
/rime-za/dobro/ /rime-za/dobro/;
/rime-za/doci/ /rime-za/doci/;
/rime-za/dodatak/ /rime-za/dodatak/;
/rime-za/dodati/ /rime-za/dodati/;
/rime-za/dodatni/ /rime-za/dodatni/;
/rime-za/dodir/ /rime-za/dodir/;
/rime-za/doduse/ /rime-za/doduse/;
/rime-za/dogadjaj/ /rime-za/dogadjaj/;
/rime-za/dogadjaji/ /rime-za/dogadjaji/;
/rime-za/dokaz/ /rime-za/dokaz/;
/rime-za/dokle/ /rime-za/dokle/;
/rime-za/doktor/ /rime-za/doktor/;
/rime-za/dokument/ /rime-za/dokument/;
/rime-za/dolazak/ /rime-za/dolazak/;
/rime-za/dole/ /rime-za/dole/;
/rime-za/dom/ /rime-za/dom/;
/rime-za/doma/ /rime-za/doma/;
/rime-za/domaci/ /rime-za/domaci/;
/rime-za/domacin/ /rime-za/domacin/;
/rime-za/donekle/ /rime-za/donekle/;
/rime-za/doneti/ /rime-za/doneti/;
/rime-za/doprinos/ /rime-za/doprinos/;
/rime-za/doprinosi/ /rime-za/doprinosi/;
/rime-za/dosad/ /rime-za/dosad/;
/rime-za/dosta/ /rime-za/dosta/;
/rime-za/dostupan/ /rime-za/dostupan/;
/rime-za/dovesti/ /rime-za/dovesti/;
/rime-za/dovoljan/ /rime-za/dovoljan/;
/rime-za/dovoljno/ /rime-za/dovoljno/;
/rime-za/dozvola/ /rime-za/dozvola/;
/rime-za/dozvoliti/ /rime-za/dozvoliti/;
/rime-za/draga/ /rime-za/draga/;
/rime-za/dragi/ /rime-za/dragi/;
/rime-za/drago/ /rime-za/drago/;
/rime-za/drasticno/ /rime-za/drasticno/;
/rime-za/droga/ /rime-za/droga/;
/rime-za/drug/ /rime-za/drug/;
/rime-za/drugacije/ /rime-za/drugacije/;
/rime-za/drugaciji/ /rime-za/drugaciji/;
/rime-za/drugarica/ /rime-za/drugarica/;
/rime-za/drugi/ /rime-za/drugi/;
/rime-za/drustva/ /rime-za/drustva/;
/rime-za/drustveni/ /rime-za/drustveni/;
/rime-za/drustveno/ /rime-za/drustveno/;
/rime-za/drustvo/ /rime-za/drustvo/;
/rime-za/drvo/ /rime-za/drvo/;
/rime-za/drzati/ /rime-za/drzati/;
/rime-za/drzava/ /rime-za/drzava/;
/rime-za/drzave/ /rime-za/drzave/;
/rime-za/dug/ /rime-za/dug/;
/rime-za/duga/ /rime-za/duga/;
/rime-za/duge/ /rime-za/duge/;
/rime-za/dugme/ /rime-za/dugme/;
/rime-za/dugo/ /rime-za/dugo/;
/rime-za/duh/ /rime-za/duh/;
/rime-za/dusa/ /rime-za/dusa/;
/rime-za/duzan/ /rime-za/duzan/;
/rime-za/duzi/ /rime-za/duzi/;
/rime-za/duzina/ /rime-za/duzina/;
/rime-za/duzine/ /rime-za/duzine/;
/rime-za/duznost/ /rime-za/duznost/;
/rime-za/duznosti/ /rime-za/duznosti/;
/rime-za/dvojica/ /rime-za/dvojica/;
/rime-za/efekti/ /rime-za/efekti/;
/rime-za/efikasno/ /rime-za/efikasno/;
/rime-za/efikasnost/ /rime-za/efikasnost/;
/rime-za/egipat/ /rime-za/egipat/;
/rime-za/ekipa/ /rime-za/ekipa/;
/rime-za/ekoloski/ /rime-za/ekoloski/;
/rime-za/ekonomija/ /rime-za/ekonomija/;
/rime-za/ekonomski/ /rime-za/ekonomski/;
/rime-za/ekran/ /rime-za/ekran/;
/rime-za/ekvador/ /rime-za/ekvador/;
/rime-za/elementi/ /rime-za/elementi/;
/rime-za/elita/ /rime-za/elita/;
/rime-za/emisija/ /rime-za/emisija/;
/rime-za/emocije/ /rime-za/emocije/;
/rime-za/energija/ /rime-za/energija/;
/rime-za/engleski/ /rime-za/engleski/;
/rime-za/estonija/ /rime-za/estonija/;
/rime-za/etiopija/ /rime-za/etiopija/;
/rime-za/evro/ /rime-za/evro/;
/rime-za/evropski/ /rime-za/evropski/;
/rime-za/fabrika/ /rime-za/fabrika/;
/rime-za/fabrike/ /rime-za/fabrike/;
/rime-za/faktor/ /rime-za/faktor/;
/rime-za/fakultet/ /rime-za/fakultet/;
/rime-za/faza/ /rime-za/faza/;
/rime-za/februar/ /rime-za/februar/;
/rime-za/festival/ /rime-za/festival/;
/rime-za/filipini/ /rime-za/filipini/;
/rime-za/finale/ /rime-za/finale/;
/rime-za/finansije/ /rime-za/finansije/;
/rime-za/finansijski/ /rime-za/finansijski/;
/rime-za/finska/ /rime-za/finska/;
/rime-za/firenca/ /rime-za/firenca/;
/rime-za/fond/ /rime-za/fond/;
/rime-za/formalno/ /rime-za/formalno/;
/rime-za/forme/ /rime-za/forme/;
/rime-za/foto/ /rime-za/foto/;
/rime-za/fotografija/ /rime-za/fotografija/;
/rime-za/francuska/ /rime-za/francuska/;
/rime-za/fudbal/ /rime-za/fudbal/;
/rime-za/funkcija/ /rime-za/funkcija/;
/rime-za/funkcije/ /rime-za/funkcije/;
/rime-za/funkcionisanje/ /rime-za/funkcionisanje/;
/rime-za/garancija/ /rime-za/garancija/;
/rime-za/garancije/ /rime-za/garancije/;
/rime-za/gas/ /rime-za/gas/;
/rime-za/generacija/ /rime-za/generacija/;
/rime-za/general/ /rime-za/general/;
/rime-za/generalni/ /rime-za/generalni/;
/rime-za/generalno/ /rime-za/generalno/;
/rime-za/gimnazije/ /rime-za/gimnazije/;
/rime-za/gitara/ /rime-za/gitara/;
/rime-za/glas/ /rime-za/glas/;
/rime-za/glasanje/ /rime-za/glasanje/;
/rime-za/glava/ /rime-za/glava/;
/rime-za/glavni/ /rime-za/glavni/;
/rime-za/glavom/ /rime-za/glavom/;
/rime-za/gledati/ /rime-za/gledati/;
/rime-za/glumac/ /rime-za/glumac/;
/rime-za/glumica/ /rime-za/glumica/;
/rime-za/godina/ /rime-za/godina/;
/rime-za/godine/ /rime-za/godine/;
/rime-za/godisnji/ /rime-za/godisnji/;
/rime-za/gol/ /rime-za/gol/;
/rime-za/golub/ /rime-za/golub/;
/rime-za/gora/ /rime-za/gora/;
/rime-za/gore/ /rime-za/gore/;
/rime-za/gorivo/ /rime-za/gorivo/;
/rime-za/gospodin/ /rime-za/gospodin/;
/rime-za/gospodja/ /rime-za/gospodja/;
/rime-za/gost/ /rime-za/gost/;
/rime-za/gotovo/ /rime-za/gotovo/;
/rime-za/govor/ /rime-za/govor/;
/rime-za/govori/ /rime-za/govori/;
/rime-za/govoriti/ /rime-za/govoriti/;
/rime-za/grad/ /rime-za/grad/;
/rime-za/gradjanin/ /rime-za/gradjanin/;
/rime-za/gradonacelnik/ /rime-za/gradonacelnik/;
/rime-za/gradski/ /rime-za/gradski/;
/rime-za/granica/ /rime-za/granica/;
/rime-za/grcka/ /rime-za/grcka/;
/rime-za/greh/ /rime-za/greh/;
/rime-za/grejanje/ /rime-za/grejanje/;
/rime-za/greska/ /rime-za/greska/;
/rime-za/grlo/ /rime-za/grlo/;
/rime-za/grozdje/ /rime-za/grozdje/;
/rime-za/grudi/ /rime-za/grudi/;
/rime-za/grupa/ /rime-za/grupa/;
/rime-za/gubitak/ /rime-za/gubitak/;
/rime-za/hamburg/ /rime-za/hamburg/;
/rime-za/havana/ /rime-za/havana/;
/rime-za/helsinki/ /rime-za/helsinki/;
/rime-za/hitno/ /rime-za/hitno/;
/rime-za/hleb/ /rime-za/hleb/;
/rime-za/holandija/ /rime-za/holandija/;
/rime-za/hotel/ /rime-za/hotel/;
/rime-za/hram/ /rime-za/hram/;
/rime-za/hrana/ /rime-za/hrana/;
/rime-za/hrvatska/ /rime-za/hrvatska/;
/rime-za/hrvatski/ /rime-za/hrvatski/;
/rime-za/hvala/ /rime-za/hvala/;
/rime-za/ici/ /rime-za/ici/;
/rime-za/idealan/ /rime-za/idealan/;
/rime-za/idealno/ /rime-za/idealno/;
/rime-za/ideja/ /rime-za/ideja/;
/rime-za/ideje/ /rime-za/ideje/;
/rime-za/identitet/ /rime-za/identitet/;
/rime-za/igra/ /rime-za/igra/;
/rime-za/igrac/ /rime-za/igrac/;
/rime-za/igraci/ /rime-za/igraci/;
/rime-za/igracka/ /rime-za/igracka/;
/rime-za/igrati/ /rime-za/igrati/;
/rime-za/ikad/ /rime-za/ikad/;
/rime-za/imati/ /rime-za/imati/;
/rime-za/ime/ /rime-za/ime/;
/rime-za/imena/ /rime-za/imena/;
/rime-za/imovina/ /rime-za/imovina/;
/rime-za/inace/ /rime-za/inace/;
/rime-za/indeks/ /rime-za/indeks/;
/rime-za/indija/ /rime-za/indija/;
/rime-za/indonezija/ /rime-za/indonezija/;
/rime-za/industrija/ /rime-za/industrija/;
/rime-za/infekcija/ /rime-za/infekcija/;
/rime-za/informacija/ /rime-za/informacija/;
/rime-za/inicijativa/ /rime-za/inicijativa/;
/rime-za/institucija/ /rime-za/institucija/;
/rime-za/institut/ /rime-za/institut/;
/rime-za/integracija/ /rime-za/integracija/;
/rime-za/interes/ /rime-za/interes/;
/rime-za/interesovanje/ /rime-za/interesovanje/;
/rime-za/internet/ /rime-za/internet/;
/rime-za/intervju/ /rime-za/intervju/;
/rime-za/investicija/ /rime-za/investicija/;
/rime-za/ionako/ /rime-za/ionako/;
/rime-za/ipak/ /rime-za/ipak/;
/rime-za/irak/ /rime-za/irak/;
/rime-za/iran/ /rime-za/iran/;
/rime-za/irska/ /rime-za/irska/;
/rime-za/ishod/ /rime-za/ishod/;
/rime-za/ishrana/ /rime-za/ishrana/;
/rime-za/iskljucivo/ /rime-za/iskljucivo/;
/rime-za/iskoristiti/ /rime-za/iskoristiti/;
/rime-za/iskreno/ /rime-za/iskreno/;
/rime-za/iskustva/ /rime-za/iskustva/;
/rime-za/iskustvo/ /rime-za/iskustvo/;
/rime-za/island/ /rime-za/island/;
/rime-za/ispit/ /rime-za/ispit/;
/rime-za/ispitivanja/ /rime-za/ispitivanja/;
/rime-za/ispitivanje/ /rime-za/ispitivanje/;
/rime-za/istanbul/ /rime-za/istanbul/;
/rime-za/isti/ /rime-za/isti/;
/rime-za/istina/ /rime-za/istina/;
/rime-za/istine/ /rime-za/istine/;
/rime-za/istinski/ /rime-za/istinski/;
/rime-za/isto/ /rime-za/isto/;
/rime-za/istorija/ /rime-za/istorija/;
/rime-za/istorije/ /rime-za/istorije/;
/rime-za/istorijski/ /rime-za/istorijski/;
/rime-za/istovremeno/ /rime-za/istovremeno/;
/rime-za/istraga/ /rime-za/istraga/;
/rime-za/istrazivanje/ /rime-za/istrazivanje/;
/rime-za/italija/ /rime-za/italija/;
/rime-za/italijanski/ /rime-za/italijanski/;
/rime-za/izabran/ /rime-za/izabran/;
/rime-za/izaci/ /rime-za/izaci/;
/rime-za/izbor/ /rime-za/izbor/;
/rime-za/izbori/ /rime-za/izbori/;
/rime-za/izdanje/ /rime-za/izdanje/;
/rime-za/izdavanje/ /rime-za/izdavanje/;
/rime-za/izgled/ /rime-za/izgled/;
/rime-za/izgleda/ /rime-za/izgleda/;
/rime-za/izjava/ /rime-za/izjava/;
/rime-za/izjave/ /rime-za/izjave/;
/rime-za/izlaz/ /rime-za/izlaz/;
/rime-za/izlazak/ /rime-za/izlazak/;
/rime-za/izlazi/ /rime-za/izlazi/;
/rime-za/izlozba/ /rime-za/izlozba/;
/rime-za/izmena/ /rime-za/izmena/;
/rime-za/iznenadjenje/ /rime-za/iznenadjenje/;
/rime-za/iznos/ /rime-za/iznos/;
/rime-za/izrada/ /rime-za/izrada/;
/rime-za/izrael/ /rime-za/izrael/;
/rime-za/izraz/ /rime-za/izraz/;
/rime-za/izuzetno/ /rime-za/izuzetno/;
/rime-za/izvestaj/ /rime-za/izvestaj/;
/rime-za/izvodi/ /rime-za/izvodi/;
/rime-za/izvodjenje/ /rime-za/izvodjenje/;
/rime-za/izvor/ /rime-za/izvor/;
/rime-za/izvoz/ /rime-za/izvoz/;
/rime-za/izvrsiti/ /rime-za/izvrsiti/;
/rime-za/jabuka/ /rime-za/jabuka/;
/rime-za/jagoda/ /rime-za/jagoda/;
/rime-za/jaja/ /rime-za/jaja/;
/rime-za/jak/ /rime-za/jak/;
/rime-za/jako/ /rime-za/jako/;
/rime-za/jamajka/ /rime-za/jamajka/;
/rime-za/januar/ /rime-za/januar/;
/rime-za/japan/ /rime-za/japan/;
/rime-za/jasan/ /rime-za/jasan/;
/rime-za/jasno/ /rime-za/jasno/;
/rime-za/java/ /rime-za/java/;
/rime-za/javni/ /rime-za/javni/;
/rime-za/javno/ /rime-za/javno/;
/rime-za/javnost/ /rime-za/javnost/;
/rime-za/jedini/ /rime-za/jedini/;
/rime-za/jedinica/ /rime-za/jedinica/;
/rime-za/jedinice/ /rime-za/jedinice/;
/rime-za/jedino/ /rime-za/jedino/;
/rime-za/jedinstven/ /rime-za/jedinstven/;
/rime-za/jedinstvo/ /rime-za/jedinstvo/;
/rime-za/jednostavan/ /rime-za/jednostavan/;
/rime-za/jednostavno/ /rime-za/jednostavno/;
/rime-za/jedva/ /rime-za/jedva/;
/rime-za/jela/ /rime-za/jela/;
/rime-za/jesen/ /rime-za/jesen/;
/rime-za/jezero/ /rime-za/jezero/;
/rime-za/jezik/ /rime-za/jezik/;
/rime-za/jordan/ /rime-za/jordan/;
/rime-za/jos/ /rime-za/jos/;
/rime-za/juce/ /rime-za/juce/;
/rime-za/jun/ /rime-za/jun/;
/rime-za/jutra/ /rime-za/jutra/;
/rime-za/jutro/ /rime-za/jutro/;
/rime-za/jutros/ /rime-za/jutros/;
/rime-za/kada/ /rime-za/kada/;
/rime-za/kafa/ /rime-za/kafa/;
/rime-za/kafe/ /rime-za/kafe/;
/rime-za/kairo/ /rime-za/kairo/;
/rime-za/kajanje/ /rime-za/kajanje/;
/rime-za/kamata/ /rime-za/kamata/;
/rime-za/kamen/ /rime-za/kamen/;
/rime-za/kamera/ /rime-za/kamera/;
/rime-za/kampanja/ /rime-za/kampanja/;
/rime-za/kanada/ /rime-za/kanada/;
/rime-za/kanal/ /rime-za/kanal/;
/rime-za/kancelarija/ /rime-za/kancelarija/;
/rime-za/kandidat/ /rime-za/kandidat/;
/rime-za/kapacitet/ /rime-za/kapacitet/;
/rime-za/kapital/ /rime-za/kapital/;
/rime-za/karakter/ /rime-za/karakter/;
/rime-za/karakteristika/ /rime-za/karakteristika/;
/rime-za/karta/ /rime-za/karta/;
/rime-za/karte/ /rime-za/karte/;
/rime-za/kartica/ /rime-za/kartica/;
/rime-za/kasno/ /rime-za/kasno/;
/rime-za/kategorija/ /rime-za/kategorija/;
/rime-za/kazahstan/ /rime-za/kazahstan/;
/rime-za/kazna/ /rime-za/kazna/;
/rime-za/kazne/ /rime-za/kazne/;
/rime-za/kejptaun/ /rime-za/kejptaun/;
/rime-za/kenija/ /rime-za/kenija/;
/rime-za/kijev/ /rime-za/kijev/;
/rime-za/kim/ /rime-za/kim/;
/rime-za/kina/ /rime-za/kina/;
/rime-za/kisa/ /rime-za/kisa/;
/rime-za/klasa/ /rime-za/klasa/;
/rime-za/klima/ /rime-za/klima/;
/rime-za/kljucni/ /rime-za/kljucni/;
/rime-za/klub/ /rime-za/klub/;
/rime-za/knjiga/ /rime-za/knjiga/;
/rime-za/knjige/ /rime-za/knjige/;
/rime-za/knjizevnost/ /rime-za/knjizevnost/;
/rime-za/koalicija/ /rime-za/koalicija/;
/rime-za/kola/ /rime-za/kola/;
/rime-za/kolac/ /rime-za/kolac/;
/rime-za/kolena/ /rime-za/kolena/;
/rime-za/kolicina/ /rime-za/kolicina/;
/rime-za/koliko/ /rime-za/koliko/;
/rime-za/kolo/ /rime-za/kolo/;
/rime-za/kolumbija/ /rime-za/kolumbija/;
/rime-za/komad/ /rime-za/komad/;
/rime-za/kombinacija/ /rime-za/kombinacija/;
/rime-za/komentar/ /rime-za/komentar/;
/rime-za/komisija/ /rime-za/komisija/;
/rime-za/komora/ /rime-za/komora/;
/rime-za/kompanija/ /rime-za/kompanija/;
/rime-za/kompleks/ /rime-za/kompleks/;
/rime-za/kompletan/ /rime-za/kompletan/;
/rime-za/kompletno/ /rime-za/kompletno/;
/rime-za/komsija/ /rime-za/komsija/;
/rime-za/komunikacija/ /rime-za/komunikacija/;
/rime-za/konacno/ /rime-za/konacno/;
/rime-za/koncert/ /rime-za/koncert/;
/rime-za/konferencija/ /rime-za/konferencija/;
/rime-za/konkretno/ /rime-za/konkretno/;
/rime-za/konkurencija/ /rime-za/konkurencija/;
/rime-za/konstantno/ /rime-za/konstantno/;
/rime-za/kontakt/ /rime-za/kontakt/;
/rime-za/kontrole/ /rime-za/kontrole/;
/rime-za/kopenhagen/ /rime-za/kopenhagen/;
/rime-za/korak/ /rime-za/korak/;
/rime-za/koreja/ /rime-za/koreja/;
/rime-za/korisnik/ /rime-za/korisnik/;
/rime-za/korisno/ /rime-za/korisno/;
/rime-za/korist/ /rime-za/korist/;
/rime-za/kosa/ /rime-za/kosa/;
/rime-za/kose/ /rime-za/kose/;
/rime-za/kosti/ /rime-za/kosti/;
/rime-za/koza/ /rime-za/koza/;
/rime-za/kragujevac/ /rime-za/kragujevac/;
/rime-za/kraj/ /rime-za/kraj/;
/rime-za/krajnje/ /rime-za/krajnje/;
/rime-za/krajnji/ /rime-za/krajnji/;
/rime-za/kralj/ /rime-za/kralj/;
/rime-za/kraljica/ /rime-za/kraljica/;
/rime-za/kratak/ /rime-za/kratak/;
/rime-za/kredit/ /rime-za/kredit/;
/rime-za/krenuti/ /rime-za/krenuti/;
/rime-za/kretanja/ /rime-za/kretanja/;
/rime-za/kretanje/ /rime-za/kretanje/;
/rime-za/krila/ /rime-za/krila/;
/rime-za/kriminal/ /rime-za/kriminal/;
/rime-za/kritika/ /rime-za/kritika/;
/rime-za/kriv/ /rime-za/kriv/;
/rime-za/krivica/ /rime-za/krivica/;
/rime-za/krivicno/ /rime-za/krivicno/;
/rime-za/kriza/ /rime-za/kriza/;
/rime-za/krov/ /rime-za/krov/;
/rime-za/krst/ /rime-za/krst/;
/rime-za/krug/ /rime-za/krug/;
/rime-za/kruna/ /rime-za/kruna/;
/rime-za/krusevac/ /rime-za/krusevac/;
/rime-za/kruska/ /rime-za/kruska/;
/rime-za/krvi/ /rime-za/krvi/;
/rime-za/kuba/ /rime-za/kuba/;
/rime-za/kuca/ /rime-za/kuca/;
/rime-za/kuce/ /rime-za/kuce/;
/rime-za/kuci/ /rime-za/kuci/;
/rime-za/kucica/ /rime-za/kucica/;
/rime-za/kultura/ /rime-za/kultura/;
/rime-za/kulturno/ /rime-za/kulturno/;
/rime-za/kupa/ /rime-za/kupa/;
/rime-za/kupac/ /rime-za/kupac/;
/rime-za/kupe/ /rime-za/kupe/;
/rime-za/kupiti/ /rime-za/kupiti/;
/rime-za/kupovina/ /rime-za/kupovina/;
/rime-za/kvalifikacija/ /rime-za/kvalifikacija/;
/rime-za/kvalitet/ /rime-za/kvalitet/;
/rime-za/kvalitetan/ /rime-za/kvalitetan/;
/rime-za/kvalitetno/ /rime-za/kvalitetno/;
/rime-za/lagano/ /rime-za/lagano/;
/rime-za/lak/ /rime-za/lak/;
/rime-za/lako/ /rime-za/lako/;
/rime-za/lav/ /rime-za/lav/;
/rime-za/laz/ /rime-za/laz/;
/rime-za/lazi/ /rime-za/lazi/;
/rime-za/lecenje/ /rime-za/lecenje/;
/rime-za/led/ /rime-za/led/;
/rime-za/ledja/ /rime-za/ledja/;
/rime-za/lek/ /rime-za/lek/;
/rime-za/lekar/ /rime-za/lekar/;
/rime-za/lep/ /rime-za/lep/;
/rime-za/lepo/ /rime-za/lepo/;
/rime-za/lepota/ /rime-za/lepota/;
/rime-za/lepote/ /rime-za/lepote/;
/rime-za/lepse/ /rime-za/lepse/;
/rime-za/leptir/ /rime-za/leptir/;
/rime-za/leskovac/ /rime-za/leskovac/;
/rime-za/leto/ /rime-za/leto/;
/rime-za/letonija/ /rime-za/letonija/;
/rime-za/liban/ /rime-za/liban/;
/rime-za/libija/ /rime-za/libija/;
/rime-za/lice/ /rime-za/lice/;
/rime-za/licni/ /rime-za/licni/;
/rime-za/licno/ /rime-za/licno/;
/rime-za/licnost/ /rime-za/licnost/;
/rime-za/licnosti/ /rime-za/licnosti/;
/rime-za/liga/ /rime-za/liga/;
/rime-za/lik/ /rime-za/lik/;
/rime-za/linija/ /rime-za/linija/;
/rime-za/linije/ /rime-za/linije/;
/rime-za/lion/ /rime-za/lion/;
/rime-za/lisabon/ /rime-za/lisabon/;
/rime-za/lisica/ /rime-za/lisica/;
/rime-za/list/ /rime-za/list/;
/rime-za/lista/ /rime-za/lista/;
/rime-za/liste/ /rime-za/liste/;
/rime-za/litvanija/ /rime-za/litvanija/;
/rime-za/ljubav/ /rime-za/ljubav/;
/rime-za/ljubavi/ /rime-za/ljubavi/;
/rime-za/ljubavnik/ /rime-za/ljubavnik/;
/rime-za/ljubljana/ /rime-za/ljubljana/;
/rime-za/ljubomora/ /rime-za/ljubomora/;
/rime-za/ljudi/ /rime-za/ljudi/;
/rime-za/ljudski/ /rime-za/ljudski/;
/rime-za/logicno/ /rime-za/logicno/;
/rime-za/lokacija/ /rime-za/lokacija/;
/rime-za/lokalni/ /rime-za/lokalni/;
/rime-za/london/ /rime-za/london/;
/rime-za/lopta/ /rime-za/lopta/;
/rime-za/los/ /rime-za/los/;
/rime-za/lose/ /rime-za/lose/;
/rime-za/loznica/ /rime-za/loznica/;
/rime-za/luk/ /rime-za/luk/;
/rime-za/lutka/ /rime-za/lutka/;
/rime-za/maca/ /rime-za/maca/;
/rime-za/macka/ /rime-za/macka/;
/rime-za/madagaskar/ /rime-za/madagaskar/;
/rime-za/madjarska/ /rime-za/madjarska/;
/rime-za/madrid/ /rime-za/madrid/;
/rime-za/maj/ /rime-za/maj/;
/rime-za/majka/ /rime-za/majka/;
/rime-za/majke/ /rime-za/majke/;
/rime-za/makar/ /rime-za/makar/;
/rime-za/makedonija/ /rime-za/makedonija/;
/rime-za/maksimalno/ /rime-za/maksimalno/;
/rime-za/maksimum/ /rime-za/maksimum/;
/rime-za/malezija/ /rime-za/malezija/;
/rime-za/mali/ /rime-za/mali/;
/rime-za/malina/ /rime-za/malina/;
/rime-za/malo/ /rime-za/malo/;
/rime-za/mama/ /rime-za/mama/;
/rime-za/manastir/ /rime-za/manastir/;
/rime-za/mandat/ /rime-za/mandat/;
/rime-za/manifestacija/ /rime-za/manifestacija/;
/rime-za/manja/ /rime-za/manja/;
/rime-za/manje/ /rime-za/manje/;
/rime-za/manji/ /rime-za/manji/;
/rime-za/manjina/ /rime-za/manjina/;
/rime-za/marketing/ /rime-za/marketing/;
/rime-za/maroko/ /rime-za/maroko/;
/rime-za/marselj/ /rime-za/marselj/;
/rime-za/mart/ /rime-za/mart/;
/rime-za/masa/ /rime-za/masa/;
/rime-za/masina/ /rime-za/masina/;
/rime-za/masine/ /rime-za/masine/;
/rime-za/master/ /rime-za/master/;
/rime-za/masti/ /rime-za/masti/;
/rime-za/materija/ /rime-za/materija/;
/rime-za/materijal/ /rime-za/materijal/;
/rime-za/materije/ /rime-za/materije/;
/rime-za/mec/ /rime-za/mec/;
/rime-za/med/ /rime-za/med/;
/rime-za/meda/ /rime-za/meda/;
/rime-za/medijski/ /rime-za/medijski/;
/rime-za/medjunarodni/ /rime-za/medjunarodni/;
/rime-za/medjusobno/ /rime-za/medjusobno/;
/rime-za/medjutim/ /rime-za/medjutim/;
/rime-za/mehanizam/ /rime-za/mehanizam/;
/rime-za/meksiko/ /rime-za/meksiko/;
/rime-za/menadzer/ /rime-za/menadzer/;
/rime-za/menjati/ /rime-za/menjati/;
/rime-za/mera/ /rime-za/mera/;
/rime-za/mere/ /rime-za/mere/;
/rime-za/mesec/ /rime-za/mesec/;
/rime-za/meseci/ /rime-za/meseci/;
/rime-za/mesecno/ /rime-za/mesecno/;
/rime-za/meso/ /rime-za/meso/;
/rime-za/mesto/ /rime-za/mesto/;
/rime-za/metod/ /rime-za/metod/;
/rime-za/metoda/ /rime-za/metoda/;
/rime-za/milano/ /rime-za/milano/;
/rime-za/minhen/ /rime-za/minhen/;
/rime-za/ministar/ /rime-za/ministar/;
/rime-za/ministarka/ /rime-za/ministarka/;
/rime-za/ministarstvo/ /rime-za/ministarstvo/;
/rime-za/minut/ /rime-za/minut/;
/rime-za/mir/ /rime-za/mir/;
/rime-za/miris/ /rime-za/miris/;
/rime-za/mirno/ /rime-za/mirno/;
/rime-za/mis/ /rime-za/mis/;
/rime-za/misao/ /rime-za/misao/;
/rime-za/misija/ /rime-za/misija/;
/rime-za/misli/ /rime-za/misli/;
/rime-za/mlad/ /rime-za/mlad/;
/rime-za/mlada/ /rime-za/mlada/;
/rime-za/mladost/ /rime-za/mladost/;
/rime-za/mladosti/ /rime-za/mladosti/;
/rime-za/mleka/ /rime-za/mleka/;
/rime-za/mleko/ /rime-za/mleko/;
/rime-za/mnogo/ /rime-za/mnogo/;
/rime-za/mnostvo/ /rime-za/mnostvo/;
/rime-za/moc/ /rime-za/moc/;
/rime-za/moci/ /rime-za/moci/;
/rime-za/model/ /rime-za/model/;
/rime-za/moguce/ /rime-za/moguce/;
/rime-za/mogucnost/ /rime-za/mogucnost/;
/rime-za/mogucnosti/ /rime-za/mogucnosti/;
/rime-za/molitva/ /rime-za/molitva/;
/rime-za/momak/ /rime-za/momak/;
/rime-za/mongolija/ /rime-za/mongolija/;
/rime-za/mora/ /rime-za/mora/;
/rime-za/more/ /rime-za/more/;
/rime-za/moskva/ /rime-za/moskva/;
/rime-za/most/ /rime-za/most/;
/rime-za/motiv/ /rime-za/motiv/;
/rime-za/motor/ /rime-za/motor/;
/rime-za/mozambik/ /rime-za/mozambik/;
/rime-za/mozda/ /rime-za/mozda/;
/rime-za/mrak/ /rime-za/mrak/;
/rime-za/mreza/ /rime-za/mreza/;
/rime-za/mreze/ /rime-za/mreze/;
/rime-za/mrznje/ /rime-za/mrznje/;
/rime-za/muka/ /rime-za/muka/;
/rime-za/muke/ /rime-za/muke/;
/rime-za/mumbaj/ /rime-za/mumbaj/;
/rime-za/munja/ /rime-za/munja/;
/rime-za/muskarac/ /rime-za/muskarac/;
/rime-za/muz/ /rime-za/muz/;
/rime-za/muzej/ /rime-za/muzej/;
/rime-za/muzicki/ /rime-za/muzicki/;
/rime-za/muzika/ /rime-za/muzika/;
/rime-za/nacela/ /rime-za/nacela/;
/rime-za/nacelnik/ /rime-za/nacelnik/;
/rime-za/naci/ /rime-za/naci/;
/rime-za/nacija/ /rime-za/nacija/;
/rime-za/nacije/ /rime-za/nacije/;
/rime-za/nacin/ /rime-za/nacin/;
/rime-za/nacionalni/ /rime-za/nacionalni/;
/rime-za/nacionalno/ /rime-za/nacionalno/;
/rime-za/nada/ /rime-za/nada/;
/rime-za/nadleznosti/ /rime-za/nadleznosti/;
/rime-za/nadzor/ /rime-za/nadzor/;
/rime-za/naglo/ /rime-za/naglo/;
/rime-za/nagrada/ /rime-za/nagrada/;
/rime-za/najlepse/ /rime-za/najlepse/;
/rime-za/najmanje/ /rime-za/najmanje/;
/rime-za/najpre/ /rime-za/najpre/;
/rime-za/najrobi/ /rime-za/najrobi/;
/rime-za/najvazniji/ /rime-za/najvazniji/;
/rime-za/najvecu/ /rime-za/najvecu/;
/rime-za/najvise/ /rime-za/najvise/;
/rime-za/najvisi/ /rime-za/najvisi/;
/rime-za/najzad/ /rime-za/najzad/;
/rime-za/naknada/ /rime-za/naknada/;
/rime-za/naknadno/ /rime-za/naknadno/;
/rime-za/nalazi/ /rime-za/nalazi/;
/rime-za/nalog/ /rime-za/nalog/;
/rime-za/namera/ /rime-za/namera/;
/rime-za/namerno/ /rime-za/namerno/;
/rime-za/namibija/ /rime-za/namibija/;
/rime-za/namirnica/ /rime-za/namirnica/;
/rime-za/namirnice/ /rime-za/namirnice/;
/rime-za/napad/ /rime-za/napad/;
/rime-za/naplate/ /rime-za/naplate/;
/rime-za/naprave/ /rime-za/naprave/;
/rime-za/napraviti/ /rime-za/napraviti/;
/rime-za/napred/ /rime-za/napred/;
/rime-za/napredak/ /rime-za/napredak/;
/rime-za/napulj/ /rime-za/napulj/;
/rime-za/narocito/ /rime-za/narocito/;
/rime-za/narod/ /rime-za/narod/;
/rime-za/naselja/ /rime-za/naselja/;
/rime-za/nasilje/ /rime-za/nasilje/;
/rime-za/nastava/ /rime-za/nastava/;
/rime-za/nastavak/ /rime-za/nastavak/;
/rime-za/nastaviti/ /rime-za/nastaviti/;
/rime-za/nastup/ /rime-za/nastup/;
/rime-za/nauciti/ /rime-za/nauciti/;
/rime-za/naucni/ /rime-za/naucni/;
/rime-za/nauka/ /rime-za/nauka/;
/rime-za/navodeci/ /rime-za/navodeci/;
/rime-za/navodi/ /rime-za/navodi/;
/rime-za/navodno/ /rime-za/navodno/;
/rime-za/nazad/ /rime-za/nazad/;
/rime-za/naziv/ /rime-za/naziv/;
/rime-za/nebo/ /rime-za/nebo/;
/rime-za/nedavno/ /rime-za/nedavno/;
/rime-za/nedelja/ /rime-za/nedelja/;
/rime-za/nedelje/ /rime-za/nedelje/;
/rime-za/nedostatak/ /rime-za/nedostatak/;
/rime-za/nedovoljno/ /rime-za/nedovoljno/;
/rime-za/negativno/ /rime-za/negativno/;
/rime-za/negde/ /rime-za/negde/;
/rime-za/nekad/ /rime-za/nekad/;
/rime-za/nekada/ /rime-za/nekada/;
/rime-za/nekadasnji/ /rime-za/nekadasnji/;
/rime-za/nekako/ /rime-za/nekako/;
/rime-za/nekoliko/ /rime-za/nekoliko/;
/rime-za/nekretnina/ /rime-za/nekretnina/;
/rime-za/nema/ /rime-za/nema/;
/rime-za/nemacka/ /rime-za/nemacka/;
/rime-za/nemacki/ /rime-za/nemacki/;
/rime-za/nemam/ /rime-za/nemam/;
/rime-za/nemoj/ /rime-za/nemoj/;
/rime-za/neobicno/ /rime-za/neobicno/;
/rime-za/neophodan/ /rime-za/neophodan/;
/rime-za/neprestano/ /rime-za/neprestano/;
/rime-za/nesumnjivo/ /rime-za/nesumnjivo/;
/rime-za/neverovatno/ /rime-za/neverovatno/;
/rime-za/nezavisno/ /rime-za/nezavisno/;
/rime-za/nezavisnost/ /rime-za/nezavisnost/;
/rime-za/neznost/ /rime-za/neznost/;
/rime-za/nigde/ /rime-za/nigde/;
/rime-za/nigerija/ /rime-za/nigerija/;
/rime-za/nijedan/ /rime-za/nijedan/;
/rime-za/nikako/ /rime-za/nikako/;
/rime-za/nimalo/ /rime-za/nimalo/;
/rime-za/nis/ /rime-za/nis/;
/rime-za/nivo/ /rime-za/nivo/;
/rime-za/niz/ /rime-za/niz/;
/rime-za/nize/ /rime-za/nize/;
/rime-za/noc/ /rime-za/noc/;
/rime-za/noci/ /rime-za/noci/;
/rime-za/nocu/ /rime-za/nocu/;
/rime-za/noge/ /rime-za/noge/;
/rime-za/normalan/ /rime-za/normalan/;
/rime-za/norveska/ /rime-za/norveska/;
/rime-za/nos/ /rime-za/nos/;
/rime-za/nov/ /rime-za/nov/;
/rime-za/nova/ /rime-za/nova/;
/rime-za/novac/ /rime-za/novac/;
/rime-za/novembar/ /rime-za/novembar/;
/rime-za/novi/ /rime-za/novi/;
/rime-za/novina/ /rime-za/novina/;
/rime-za/novinar/ /rime-za/novinar/;
/rime-za/novine/ /rime-za/novine/;
/rime-za/novosti/ /rime-za/novosti/;
/rime-za/nuzno/ /rime-za/nuzno/;
/rime-za/obaveza/ /rime-za/obaveza/;
/rime-za/obaveze/ /rime-za/obaveze/;
/rime-za/obavezno/ /rime-za/obavezno/;
/rime-za/obavljanje/ /rime-za/obavljanje/;
/rime-za/obezbediti/ /rime-za/obezbediti/;
/rime-za/obican/ /rime-za/obican/;
/rime-za/obicno/ /rime-za/obicno/;
/rime-za/obim/ /rime-za/obim/;
/rime-za/objasniti/ /rime-za/objasniti/;
/rime-za/objasnjenje/ /rime-za/objasnjenje/;
/rime-za/objekat/ /rime-za/objekat/;
/rime-za/oblak/ /rime-za/oblak/;
/rime-za/oblast/ /rime-za/oblast/;
/rime-za/oblasti/ /rime-za/oblasti/;
/rime-za/oblik/ /rime-za/oblik/;
/rime-za/obrade/ /rime-za/obrade/;
/rime-za/obratiti/ /rime-za/obratiti/;
/rime-za/obrazovanje/ /rime-za/obrazovanje/;
/rime-za/obuka/ /rime-za/obuka/;
/rime-za/obzir/ /rime-za/obzir/;
/rime-za/ocekivati/ /rime-za/ocekivati/;
/rime-za/ocena/ /rime-za/ocena/;
/rime-za/ocene/ /rime-za/ocene/;
/rime-za/oci/ /rime-za/oci/;
/rime-za/ocito/ /rime-za/ocito/;
/rime-za/ocuvanje/ /rime-za/ocuvanje/;
/rime-za/odakle/ /rime-za/odakle/;
/rime-za/odavno/ /rime-za/odavno/;
/rime-za/odbor/ /rime-za/odbor/;
/rime-za/odbrane/ /rime-za/odbrane/;
/rime-za/ode/ /rime-za/ode/;
/rime-za/odeljenje/ /rime-za/odeljenje/;
/rime-za/odgovarajuci/ /rime-za/odgovarajuci/;
/rime-za/odgovornost/ /rime-za/odgovornost/;
/rime-za/odjednom/ /rime-za/odjednom/;
/rime-za/odlazak/ /rime-za/odlazak/;
/rime-za/odlican/ /rime-za/odlican/;
/rime-za/odlicno/ /rime-za/odlicno/;
/rime-za/odluka/ /rime-za/odluka/;
/rime-za/odluke/ /rime-za/odluke/;
/rime-za/odmah/ /rime-za/odmah/;
/rime-za/odmor/ /rime-za/odmor/;
/rime-za/odnos/ /rime-za/odnos/;
/rime-za/odnosno/ /rime-za/odnosno/;
/rime-za/odredbe/ /rime-za/odredbe/;
/rime-za/odredjen/ /rime-za/odredjen/;
/rime-za/odredjeno/ /rime-za/odredjeno/;
/rime-za/odrzati/ /rime-za/odrzati/;
/rime-za/odrzavanje/ /rime-za/odrzavanje/;
/rime-za/oduvek/ /rime-za/oduvek/;
/rime-za/oko/ /rime-za/oko/;
/rime-za/okolnosti/ /rime-za/okolnosti/;
/rime-za/okruzenje/ /rime-za/okruzenje/;
/rime-za/oktobar/ /rime-za/oktobar/;
/rime-za/okvir/ /rime-za/okvir/;
/rime-za/omoguciti/ /rime-za/omoguciti/;
/rime-za/onako/ /rime-za/onako/;
/rime-za/onda/ /rime-za/onda/;
/rime-za/opasnost/ /rime-za/opasnost/;
/rime-za/opasnosti/ /rime-za/opasnosti/;
/rime-za/opcija/ /rime-za/opcija/;
/rime-za/operacija/ /rime-za/operacija/;
/rime-za/opet/ /rime-za/opet/;
/rime-za/opis/ /rime-za/opis/;
/rime-za/oporavak/ /rime-za/oporavak/;
/rime-za/opozicija/ /rime-za/opozicija/;
/rime-za/oprema/ /rime-za/oprema/;
/rime-za/oprost/ /rime-za/oprost/;
/rime-za/opstanak/ /rime-za/opstanak/;
/rime-za/opsti/ /rime-za/opsti/;
/rime-za/opstina/ /rime-za/opstina/;
/rime-za/optuzbe/ /rime-za/optuzbe/;
/rime-za/orao/ /rime-za/orao/;
/rime-za/organ/ /rime-za/organ/;
/rime-za/organizacija/ /rime-za/organizacija/;
/rime-za/organizacije/ /rime-za/organizacije/;
/rime-za/organizam/ /rime-za/organizam/;
/rime-za/organizator/ /rime-za/organizator/;
/rime-za/organizovati/ /rime-za/organizovati/;
/rime-za/oruzje/ /rime-za/oruzje/;
/rime-za/osecaj/ /rime-za/osecaj/;
/rime-za/osecanja/ /rime-za/osecanja/;
/rime-za/osiguranje/ /rime-za/osiguranje/;
/rime-za/oslo/ /rime-za/oslo/;
/rime-za/osmeh/ /rime-za/osmeh/;
/rime-za/osnivac/ /rime-za/osnivac/;
/rime-za/osnov/ /rime-za/osnov/;
/rime-za/osnova/ /rime-za/osnova/;
/rime-za/osnovni/ /rime-za/osnovni/;
/rime-za/osoba/ /rime-za/osoba/;
/rime-za/osobine/ /rime-za/osobine/;
/rime-za/osoblje/ /rime-za/osoblje/;
/rime-za/ostatak/ /rime-za/ostatak/;
/rime-za/ostati/ /rime-za/ostati/;
/rime-za/ostaviti/ /rime-za/ostaviti/;
/rime-za/ostrvo/ /rime-za/ostrvo/;
/rime-za/ostvarenja/ /rime-za/ostvarenja/;
/rime-za/ostvarenje/ /rime-za/ostvarenje/;
/rime-za/ostvariti/ /rime-za/ostvariti/;
/rime-za/otac/ /rime-za/otac/;
/rime-za/otici/ /rime-za/otici/;
/rime-za/otpor/ /rime-za/otpor/;
/rime-za/otprilike/ /rime-za/otprilike/;
/rime-za/otvoren/ /rime-za/otvoren/;
/rime-za/otvoreno/ /rime-za/otvoreno/;
/rime-za/otvoriti/ /rime-za/otvoriti/;
/rime-za/ovako/ /rime-za/ovako/;
/rime-za/ovde/ /rime-za/ovde/;
/rime-za/ozbiljan/ /rime-za/ozbiljan/;
/rime-za/ozbiljno/ /rime-za/ozbiljno/;
/rime-za/pad/ /rime-za/pad/;
/rime-za/pakao/ /rime-za/pakao/;
/rime-za/pakistan/ /rime-za/pakistan/;
/rime-za/pamet/ /rime-za/pamet/;
/rime-za/pameti/ /rime-za/pameti/;
/rime-za/pancevo/ /rime-za/pancevo/;
/rime-za/papir/ /rime-za/papir/;
/rime-za/par/ /rime-za/par/;
/rime-za/para/ /rime-za/para/;
/rime-za/paragvaj/ /rime-za/paragvaj/;
/rime-za/pare/ /rime-za/pare/;
/rime-za/pariz/ /rime-za/pariz/;
/rime-za/park/ /rime-za/park/;
/rime-za/parlament/ /rime-za/parlament/;
/rime-za/partija/ /rime-za/partija/;
/rime-za/partizan/ /rime-za/partizan/;
/rime-za/pas/ /rime-za/pas/;
/rime-za/patka/ /rime-za/patka/;
/rime-za/patrijarh/ /rime-za/patrijarh/;
/rime-za/pauze/ /rime-za/pauze/;
/rime-za/pazljivo/ /rime-za/pazljivo/;
/rime-za/paznja/ /rime-za/paznja/;
/rime-za/pcela/ /rime-za/pcela/;
/rime-za/peking/ /rime-za/peking/;
/rime-za/penzija/ /rime-za/penzija/;
/rime-za/period/ /rime-za/period/;
/rime-za/peru/ /rime-za/peru/;
/rime-za/pesak/ /rime-za/pesak/;
/rime-za/pesma/ /rime-za/pesma/;
/rime-za/pesnik/ /rime-za/pesnik/;
/rime-za/petak/ /rime-za/petak/;
/rime-za/peti/ /rime-za/peti/;
/rime-za/petrograd/ /rime-za/petrograd/;
/rime-za/pevacica/ /rime-za/pevacica/;
/rime-za/pice/ /rime-za/pice/;
/rime-za/pile/ /rime-za/pile/;
/rime-za/pisac/ /rime-za/pisac/;
/rime-za/pisanja/ /rime-za/pisanja/;
/rime-za/pisanje/ /rime-za/pisanje/;
/rime-za/pisati/ /rime-za/pisati/;
/rime-za/pismo/ /rime-za/pismo/;
/rime-za/pita/ /rime-za/pita/;
/rime-za/pitanje/ /rime-za/pitanje/;
/rime-za/pivo/ /rime-za/pivo/;
/rime-za/placanja/ /rime-za/placanja/;
/rime-za/plan/ /rime-za/plan/;
/rime-za/planeta/ /rime-za/planeta/;
/rime-za/planina/ /rime-za/planina/;
/rime-za/planine/ /rime-za/planine/;
/rime-za/plasman/ /rime-za/plasman/;
/rime-za/plata/ /rime-za/plata/;
/rime-za/plate/ /rime-za/plate/;
/rime-za/platiti/ /rime-za/platiti/;
/rime-za/ploca/ /rime-za/ploca/;
/rime-za/ploce/ /rime-za/ploce/;
/rime-za/pluca/ /rime-za/pluca/;
/rime-za/plus/ /rime-za/plus/;
/rime-za/pobednik/ /rime-za/pobednik/;
/rime-za/poboljsanje/ /rime-za/poboljsanje/;
/rime-za/pocetak/ /rime-za/pocetak/;
/rime-za/poceti/ /rime-za/poceti/;
/rime-za/podaci/ /rime-za/podaci/;
/rime-za/podatak/ /rime-za/podatak/;
/rime-za/podela/ /rime-za/podela/;
/rime-za/podele/ /rime-za/podele/;
/rime-za/podgorica/ /rime-za/podgorica/;
/rime-za/podjednako/ /rime-za/podjednako/;
/rime-za/podrska/ /rime-za/podrska/;
/rime-za/podrucje/ /rime-za/podrucje/;
/rime-za/podrzati/ /rime-za/podrzati/;
/rime-za/pogled/ /rime-za/pogled/;
/rime-za/pogledati/ /rime-za/pogledati/;
/rime-za/pogotovo/ /rime-za/pogotovo/;
/rime-za/pogresno/ /rime-za/pogresno/;
/rime-za/pojam/ /rime-za/pojam/;
/rime-za/pojava/ /rime-za/pojava/;
/rime-za/pojave/ /rime-za/pojave/;
/rime-za/pojaviti/ /rime-za/pojaviti/;
/rime-za/pojedinacno/ /rime-za/pojedinacno/;
/rime-za/pokazati/ /rime-za/pokazati/;
/rime-za/poklon/ /rime-za/poklon/;
/rime-za/pokret/ /rime-za/pokret/;
/rime-za/pokusati/ /rime-za/pokusati/;
/rime-za/polako/ /rime-za/polako/;
/rime-za/policija/ /rime-za/policija/;
/rime-za/politicki/ /rime-za/politicki/;
/rime-za/politika/ /rime-za/politika/;
/rime-za/polja/ /rime-za/polja/;
/rime-za/polje/ /rime-za/polje/;
/rime-za/poljska/ /rime-za/poljska/;
/rime-za/poljubac/ /rime-za/poljubac/;
/rime-za/polovina/ /rime-za/polovina/;
/rime-za/polozaj/ /rime-za/polozaj/;
/rime-za/pomalo/ /rime-za/pomalo/;
/rime-za/pomenuti/ /rime-za/pomenuti/;
/rime-za/pomoc/ /rime-za/pomoc/;
/rime-za/pomoci/ /rime-za/pomoci/;
/rime-za/pomocnik/ /rime-za/pomocnik/;
/rime-za/ponasanja/ /rime-za/ponasanja/;
/rime-za/ponasanje/ /rime-za/ponasanje/;
/rime-za/ponedeljak/ /rime-za/ponedeljak/;
/rime-za/ponekad/ /rime-za/ponekad/;
/rime-za/ponos/ /rime-za/ponos/;
/rime-za/ponovo/ /rime-za/ponovo/;
/rime-za/ponude/ /rime-za/ponude/;
/rime-za/porast/ /rime-za/porast/;
/rime-za/poraz/ /rime-za/poraz/;
/rime-za/poreklo/ /rime-za/poreklo/;
/rime-za/porez/ /rime-za/porez/;
/rime-za/porodica/ /rime-za/porodica/;
/rime-za/portal/ /rime-za/portal/;
/rime-za/portparol/ /rime-za/portparol/;
/rime-za/portugalija/ /rime-za/portugalija/;
/rime-za/posao/ /rime-za/posao/;
/rime-za/poseban/ /rime-za/poseban/;
/rime-za/posebno/ /rime-za/posebno/;
/rime-za/poseta/ /rime-za/poseta/;
/rime-za/poslanik/ /rime-za/poslanik/;
/rime-za/poslati/ /rime-za/poslati/;
/rime-za/posledica/ /rime-za/posledica/;
/rime-za/posledice/ /rime-za/posledice/;
/rime-za/poslednji/ /rime-za/poslednji/;
/rime-za/poslovanje/ /rime-za/poslovanje/;
/rime-za/post/ /rime-za/post/;
/rime-za/postati/ /rime-za/postati/;
/rime-za/posteno/ /rime-za/posteno/;
/rime-za/postepeno/ /rime-za/postepeno/;
/rime-za/postici/ /rime-za/postici/;
/rime-za/postojanje/ /rime-za/postojanje/;
/rime-za/postovanje/ /rime-za/postovanje/;
/rime-za/postupak/ /rime-za/postupak/;
/rime-za/posvecen/ /rime-za/posvecen/;
/rime-za/potencijal/ /rime-za/potencijal/;
/rime-za/potez/ /rime-za/potez/;
/rime-za/potom/ /rime-za/potom/;
/rime-za/potpredsednik/ /rime-za/potpredsednik/;
/rime-za/potpuno/ /rime-za/potpuno/;
/rime-za/potreba/ /rime-za/potreba/;
/rime-za/potreban/ /rime-za/potreban/;
/rime-za/potrebe/ /rime-za/potrebe/;
/rime-za/potrebno/ /rime-za/potrebno/;
/rime-za/potvrda/ /rime-za/potvrda/;
/rime-za/povecanje/ /rime-za/povecanje/;
/rime-za/povecati/ /rime-za/povecati/;
/rime-za/poverenja/ /rime-za/poverenja/;
/rime-za/poverenje/ /rime-za/poverenje/;
/rime-za/povezivanje/ /rime-za/povezivanje/;
/rime-za/povod/ /rime-za/povod/;
/rime-za/povratak/ /rime-za/povratak/;
/rime-za/povrce/ /rime-za/povrce/;
/rime-za/povreda/ /rime-za/povreda/;
/rime-za/povremeno/ /rime-za/povremeno/;
/rime-za/povrsina/ /rime-za/povrsina/;
/rime-za/povrsine/ /rime-za/povrsine/;
/rime-za/pozarevac/ /rime-za/pozarevac/;
/rime-za/pozdrav/ /rime-za/pozdrav/;
/rime-za/pozicija/ /rime-za/pozicija/;
/rime-za/pozitivan/ /rime-za/pozitivan/;
/rime-za/pozitivno/ /rime-za/pozitivno/;
/rime-za/poziv/ /rime-za/poziv/;
/rime-za/poznati/ /rime-za/poznati/;
/rime-za/pozoriste/ /rime-za/pozoriste/;
/rime-za/pracenje/ /rime-za/pracenje/;
/rime-za/prag/ /rime-za/prag/;
/rime-za/praksa/ /rime-za/praksa/;
/rime-za/prakticno/ /rime-za/prakticno/;
/rime-za/prati/ /rime-za/prati/;
/rime-za/pratiti/ /rime-za/pratiti/;
/rime-za/prava/ /rime-za/prava/;
/rime-za/pravac/ /rime-za/pravac/;
/rime-za/pravda/ /rime-za/pravda/;
/rime-za/pravde/ /rime-za/pravde/;
/rime-za/pravi/ /rime-za/pravi/;
/rime-za/pravila/ /rime-za/pravila/;
/rime-za/pravilno/ /rime-za/pravilno/;
/rime-za/pravilo/ /rime-za/pravilo/;
/rime-za/praviti/ /rime-za/praviti/;
/rime-za/pravni/ /rime-za/pravni/;
/rime-za/pravo/ /rime-za/pravo/;
/rime-za/praznik/ /rime-za/praznik/;
/rime-za/precizno/ /rime-za/precizno/;
/rime-za/predavanja/ /rime-za/predavanja/;
/rime-za/predavanje/ /rime-za/predavanje/;
/rime-za/predje/ /rime-za/predje/;
/rime-za/predlog/ /rime-za/predlog/;
/rime-za/predmet/ /rime-za/predmet/;
/rime-za/predmeti/ /rime-za/predmeti/;
/rime-za/prednost/ /rime-za/prednost/;
/rime-za/predsednica/ /rime-za/predsednica/;
/rime-za/predsednik/ /rime-za/predsednik/;
/rime-za/predstava/ /rime-za/predstava/;
/rime-za/predstave/ /rime-za/predstave/;
/rime-za/predstaviti/ /rime-za/predstaviti/;
/rime-za/predstavnik/ /rime-za/predstavnik/;
/rime-za/preduzece/ /rime-za/preduzece/;
/rime-za/pregled/ /rime-za/pregled/;
/rime-za/pregovori/ /rime-za/pregovori/;
/rime-za/prelazi/ /rime-za/prelazi/;
/rime-za/premijer/ /rime-za/premijer/;
/rime-za/premijera/ /rime-za/premijera/;
/rime-za/prenos/ /rime-za/prenos/;
/rime-za/preporuka/ /rime-za/preporuka/;
/rime-za/prepreka/ /rime-za/prepreka/;
/rime-za/presuda/ /rime-za/presuda/;
/rime-za/presude/ /rime-za/presude/;
/rime-za/preterano/ /rime-za/preterano/;
/rime-za/pretezno/ /rime-za/pretezno/;
/rime-za/prethodno/ /rime-za/prethodno/;
/rime-za/preuzeti/ /rime-za/preuzeti/;
/rime-za/previse/ /rime-za/previse/;
/rime-za/prevoz/ /rime-za/prevoz/;
/rime-za/prezentacija/ /rime-za/prezentacija/;
/rime-za/prezime/ /rime-za/prezime/;
/rime-za/priblizno/ /rime-za/priblizno/;
/rime-za/prica/ /rime-za/prica/;
/rime-za/prihod/ /rime-za/prihod/;
/rime-za/prihvatiti/ /rime-za/prihvatiti/;
/rime-za/prijatelj/ /rime-za/prijatelj/;
/rime-za/prijava/ /rime-za/prijava/;
/rime-za/prijem/ /rime-za/prijem/;
/rime-za/prikaz/ /rime-za/prikaz/;
/rime-za/prilicno/ /rime-za/prilicno/;
/rime-za/prilika/ /rime-za/prilika/;
/rime-za/prilike/ /rime-za/prilike/;
/rime-za/prilog/ /rime-za/prilog/;
/rime-za/primer/ /rime-za/primer/;
/rime-za/princeza/ /rime-za/princeza/;
/rime-za/princip/ /rime-za/princip/;
/rime-za/prioritet/ /rime-za/prioritet/;
/rime-za/pripadnici/ /rime-za/pripadnici/;
/rime-za/priprema/ /rime-za/priprema/;
/rime-za/priroda/ /rime-za/priroda/;
/rime-za/prirodni/ /rime-za/prirodni/;
/rime-za/pristina/ /rime-za/pristina/;
/rime-za/prisustvo/ /rime-za/prisustvo/;
/rime-za/prisutan/ /rime-za/prisutan/;
/rime-za/pritisak/ /rime-za/pritisak/;
/rime-za/privreda/ /rime-za/privreda/;
/rime-za/priznanje/ /rime-za/priznanje/;
/rime-za/priznati/ /rime-za/priznati/;
/rime-za/problem/ /rime-za/problem/;
/rime-za/procedura/ /rime-za/procedura/;
/rime-za/procenat/ /rime-za/procenat/;
/rime-za/proces/ /rime-za/proces/;
/rime-za/procesor/ /rime-za/procesor/;
/rime-za/proci/ /rime-za/proci/;
/rime-za/procitati/ /rime-za/procitati/;
/rime-za/prodaja/ /rime-za/prodaja/;
/rime-za/profesionalni/ /rime-za/profesionalni/;
/rime-za/profesionalno/ /rime-za/profesionalno/;
/rime-za/profesor/ /rime-za/profesor/;
/rime-za/profil/ /rime-za/profil/;
/rime-za/profit/ /rime-za/profit/;
/rime-za/program/ /rime-za/program/;
/rime-za/proizvod/ /rime-za/proizvod/;
/rime-za/proizvodi/ /rime-za/proizvodi/;
/rime-za/proizvodjac/ /rime-za/proizvodjac/;
/rime-za/proizvodnja/ /rime-za/proizvodnja/;
/rime-za/prokuplje/ /rime-za/prokuplje/;
/rime-za/prolazi/ /rime-za/prolazi/;
/rime-za/prolece/ /rime-za/prolece/;
/rime-za/promene/ /rime-za/promene/;
/rime-za/promeniti/ /rime-za/promeniti/;
/rime-za/promet/ /rime-za/promet/;
/rime-za/promocija/ /rime-za/promocija/;
/rime-za/pronaci/ /rime-za/pronaci/;
/rime-za/prosirenje/ /rime-za/prosirenje/;
/rime-za/proslost/ /rime-za/proslost/;
/rime-za/proslosti/ /rime-za/proslosti/;
/rime-za/prostor/ /rime-za/prostor/;
/rime-za/prostorija/ /rime-za/prostorija/;
/rime-za/protest/ /rime-za/protest/;
/rime-za/provere/ /rime-za/provere/;
/rime-za/prozor/ /rime-za/prozor/;
/rime-za/prst/ /rime-za/prst/;
/rime-za/pruziti/ /rime-za/pruziti/;
/rime-za/prvenstveno/ /rime-za/prvenstveno/;
/rime-za/prvenstvo/ /rime-za/prvenstvo/;
/rime-za/prvi/ /rime-za/prvi/;
/rime-za/prvo/ /rime-za/prvo/;
/rime-za/ptica/ /rime-za/ptica/;
/rime-za/publika/ /rime-za/publika/;
/rime-za/pun/ /rime-za/pun/;
/rime-za/puno/ /rime-za/puno/;
/rime-za/put/ /rime-za/put/;
/rime-za/putovanja/ /rime-za/putovanja/;
/rime-za/racun/ /rime-za/racun/;
/rime-za/racunar/ /rime-za/racunar/;
/rime-za/rad/ /rime-za/rad/;
/rime-za/radio/ /rime-za/radio/;
/rime-za/radionica/ /rime-za/radionica/;
/rime-za/raditi/ /rime-za/raditi/;
/rime-za/radni/ /rime-za/radni/;
/rime-za/radnik/ /rime-za/radnik/;
/rime-za/radnje/ /rime-za/radnje/;
/rime-za/radno/ /rime-za/radno/;
/rime-za/rado/ /rime-za/rado/;
/rime-za/radost/ /rime-za/radost/;
/rime-za/raj/ /rime-za/raj/;
/rime-za/raka/ /rime-za/raka/;
/rime-za/rane/ /rime-za/rane/;
/rime-za/ranije/ /rime-za/ranije/;
/rime-za/rano/ /rime-za/rano/;
/rime-za/raspolozenje/ /rime-za/raspolozenje/;
/rime-za/raspored/ /rime-za/raspored/;
/rime-za/rasprava/ /rime-za/rasprava/;
/rime-za/rasprave/ /rime-za/rasprave/;
/rime-za/rast/ /rime-za/rast/;
/rime-za/rastanak/ /rime-za/rastanak/;
/rime-za/rat/ /rime-za/rat/;
/rime-za/rata/ /rime-za/rata/;
/rime-za/razgovor/ /rime-za/razgovor/;
/rime-za/razlika/ /rime-za/razlika/;
/rime-za/razlike/ /rime-za/razlike/;
/rime-za/razlog/ /rime-za/razlog/;
/rime-za/razlozi/ /rime-za/razlozi/;
/rime-za/razmisljanja/ /rime-za/razmisljanja/;
/rime-za/razum/ /rime-za/razum/;
/rime-za/razumeti/ /rime-za/razumeti/;
/rime-za/razumevanje/ /rime-za/razumevanje/;
/rime-za/razvoj/ /rime-za/razvoj/;
/rime-za/reakcija/ /rime-za/reakcija/;
/rime-za/realno/ /rime-za/realno/;
/rime-za/realnost/ /rime-za/realnost/;
/rime-za/rec/ /rime-za/rec/;
/rime-za/recenica/ /rime-za/recenica/;
/rime-za/reci/ /rime-za/reci/;
/rime-za/red/ /rime-za/red/;
/rime-za/reditelj/ /rime-za/reditelj/;
/rime-za/redom/ /rime-za/redom/;
/rime-za/redovno/ /rime-za/redovno/;
/rime-za/region/ /rime-za/region/;
/rime-za/reka/ /rime-za/reka/;
/rime-za/reke/ /rime-za/reke/;
/rime-za/reklama/ /rime-za/reklama/;
/rime-za/rekonstrukcija/ /rime-za/rekonstrukcija/;
/rime-za/rekord/ /rime-za/rekord/;
/rime-za/relativno/ /rime-za/relativno/;
/rime-za/reprezentacija/ /rime-za/reprezentacija/;
/rime-za/republika/ /rime-za/republika/;
/rime-za/resavanje/ /rime-za/resavanje/;
/rime-za/resenje/ /rime-za/resenje/;
/rime-za/resiti/ /rime-za/resiti/;
/rime-za/restoran/ /rime-za/restoran/;
/rime-za/retko/ /rime-za/retko/;
/rime-za/revolucije/ /rime-za/revolucije/;
/rime-za/rezim/ /rime-za/rezim/;
/rime-za/rezultat/ /rime-za/rezultat/;
/rime-za/riba/ /rime-za/riba/;
/rime-za/ribe/ /rime-za/ribe/;
/rime-za/rim/ /rime-za/rim/;
/rime-za/ritam/ /rime-za/ritam/;
/rime-za/rizik/ /rime-za/rizik/;
/rime-za/roba/ /rime-za/roba/;
/rime-za/rod/ /rime-za/rod/;
/rime-za/roda/ /rime-za/roda/;
/rime-za/rodjendan/ /rime-za/rodjendan/;
/rime-za/rodjenja/ /rime-za/rodjenja/;
/rime-za/rok/ /rime-za/rok/;
/rime-za/roman/ /rime-za/roman/;
/rime-za/rucak/ /rime-za/rucak/;
/rime-za/ruka/ /rime-za/ruka/;
/rime-za/ruke/ /rime-za/ruke/;
/rime-za/rukovodstvo/ /rime-za/rukovodstvo/;
/rime-za/rumunija/ /rime-za/rumunija/;
/rime-za/rusija/ /rime-za/rusija/;
/rime-za/ruski/ /rime-za/ruski/;
/rime-za/ruza/ /rime-za/ruza/;
/rime-za/sabac/ /rime-za/sabac/;
/rime-za/sad/ /rime-za/sad/;
/rime-za/sada/ /rime-za/sada/;
/rime-za/sadasnji/ /rime-za/sadasnji/;
/rime-za/sadasnjost/ /rime-za/sadasnjost/;
/rime-za/sadrzaj/ /rime-za/sadrzaj/;
/rime-za/saglasnost/ /rime-za/saglasnost/;
/rime-za/sajam/ /rime-za/sajam/;
/rime-za/samo/ /rime-za/samo/;
/rime-za/samoca/ /rime-za/samoca/;
/rime-za/samostalno/ /rime-za/samostalno/;
/rime-za/samouprava/ /rime-za/samouprava/;
/rime-za/sampion/ /rime-za/sampion/;
/rime-za/san/ /rime-za/san/;
/rime-za/sangaj/ /rime-za/sangaj/;
/rime-za/sanjarenje/ /rime-za/sanjarenje/;
/rime-za/sansa/ /rime-za/sansa/;
/rime-za/saobracaj/ /rime-za/saobracaj/;
/rime-za/sarajevo/ /rime-za/sarajevo/;
/rime-za/sastanak/ /rime-za/sastanak/;
/rime-za/sastav/ /rime-za/sastav/;
/rime-za/sastavni/ /rime-za/sastavni/;
/rime-za/sasvim/ /rime-za/sasvim/;
/rime-za/sat/ /rime-za/sat/;
/rime-za/sati/ /rime-za/sati/;
/rime-za/sav/ /rime-za/sav/;
/rime-za/savet/ /rime-za/savet/;
/rime-za/savetnik/ /rime-za/savetnik/;
/rime-za/savez/ /rime-za/savez/;
/rime-za/savrseno/ /rime-za/savrseno/;
/rime-za/saznanja/ /rime-za/saznanja/;
/rime-za/scena/ /rime-za/scena/;
/rime-za/scenario/ /rime-za/scenario/;
/rime-za/scene/ /rime-za/scene/;
/rime-za/secer/ /rime-za/secer/;
/rime-za/sediste/ /rime-za/sediste/;
/rime-za/sednica/ /rime-za/sednica/;
/rime-za/sef/ /rime-za/sef/;
/rime-za/seks/ /rime-za/seks/;
/rime-za/selektor/ /rime-za/selektor/;
/rime-za/selo/ /rime-za/selo/;
/rime-za/sem/ /rime-za/sem/;
/rime-za/seminar/ /rime-za/seminar/;
/rime-za/senka/ /rime-za/senka/;
/rime-za/septembar/ /rime-za/septembar/;
/rime-za/server/ /rime-za/server/;
/rime-za/servis/ /rime-za/servis/;
/rime-za/sestra/ /rime-za/sestra/;
/rime-za/set/ /rime-za/set/;
/rime-za/seul/ /rime-za/seul/;
/rime-za/shodno/ /rime-za/shodno/;
/rime-za/shvatiti/ /rime-za/shvatiti/;
/rime-za/sidnej/ /rime-za/sidnej/;
/rime-za/signal/ /rime-za/signal/;
/rime-za/siguran/ /rime-za/siguran/;
/rime-za/sigurno/ /rime-za/sigurno/;
/rime-za/sigurnost/ /rime-za/sigurnost/;
/rime-za/sila/ /rime-za/sila/;
/rime-za/sile/ /rime-za/sile/;
/rime-za/silom/ /rime-za/silom/;
/rime-za/simbol/ /rime-za/simbol/;
/rime-za/sin/ /rime-za/sin/;
/rime-za/sindikat/ /rime-za/sindikat/;
/rime-za/singapur/ /rime-za/singapur/;
/rime-za/sinoc/ /rime-za/sinoc/;
/rime-za/sirenje/ /rime-za/sirenje/;
/rime-za/sirija/ /rime-za/sirija/;
/rime-za/sirok/ /rime-za/sirok/;
/rime-za/sistem/ /rime-za/sistem/;
/rime-za/situacija/ /rime-za/situacija/;
/rime-za/situacije/ /rime-za/situacije/;
/rime-za/sjajan/ /rime-za/sjajan/;
/rime-za/sjajno/ /rime-za/sjajno/;
/rime-za/skola/ /rime-za/skola/;
/rime-za/skole/ /rime-za/skole/;
/rime-za/skoplje/ /rime-za/skoplje/;
/rime-za/skoro/ /rime-za/skoro/;
/rime-za/skup/ /rime-za/skup/;
/rime-za/skupa/ /rime-za/skupa/;
/rime-za/skupstina/ /rime-za/skupstina/;
/rime-za/skupstine/ /rime-za/skupstine/;
/rime-za/sladoled/ /rime-za/sladoled/;
/rime-za/slatkis/ /rime-za/slatkis/;
/rime-za/slava/ /rime-za/slava/;
/rime-za/slave/ /rime-za/slave/;
/rime-za/sledeci/ /rime-za/sledeci/;
/rime-za/slican/ /rime-za/slican/;
/rime-za/slika/ /rime-za/slika/;
/rime-za/slike/ /rime-za/slike/;
/rime-za/sljiva/ /rime-za/sljiva/;
/rime-za/sloboda/ /rime-za/sloboda/;
/rime-za/slobodan/ /rime-za/slobodan/;
/rime-za/slobode/ /rime-za/slobode/;
/rime-za/slobodno/ /rime-za/slobodno/;
/rime-za/sloj/ /rime-za/sloj/;
/rime-za/slova/ /rime-za/slova/;
/rime-za/slovacka/ /rime-za/slovacka/;
/rime-za/slovenija/ /rime-za/slovenija/;
/rime-za/slucaj/ /rime-za/slucaj/;
/rime-za/slucajno/ /rime-za/slucajno/;
/rime-za/sluzba/ /rime-za/sluzba/;
/rime-za/sluzbe/ /rime-za/sluzbe/;
/rime-za/smanjenje/ /rime-za/smanjenje/;
/rime-za/smanjiti/ /rime-za/smanjiti/;
/rime-za/smatrati/ /rime-za/smatrati/;
/rime-za/smederevo/ /rime-za/smederevo/;
/rime-za/smesno/ /rime-za/smesno/;
/rime-za/smestaj/ /rime-za/smestaj/;
/rime-za/smisao/ /rime-za/smisao/;
/rime-za/smrt/ /rime-za/smrt/;
/rime-za/snaga/ /rime-za/snaga/;
/rime-za/snazan/ /rime-za/snazan/;
/rime-za/snazno/ /rime-za/snazno/;
/rime-za/sneg/ /rime-za/sneg/;
/rime-za/snimanje/ /rime-za/snimanje/;
/rime-za/so/ /rime-za/so/;
/rime-za/soba/ /rime-za/soba/;
/rime-za/sobe/ /rime-za/sobe/;
/rime-za/sofija/ /rime-za/sofija/;
/rime-za/softver/ /rime-za/softver/;
/rime-za/sokak/ /rime-za/sokak/;
/rime-za/sombor/ /rime-za/sombor/;
/rime-za/sopstveni/ /rime-za/sopstveni/;
/rime-za/spanija/ /rime-za/spanija/;
/rime-za/specijalno/ /rime-za/specijalno/;
/rime-za/spolja/ /rime-za/spolja/;
/rime-za/spomenik/ /rime-za/spomenik/;
/rime-za/spor/ /rime-za/spor/;
/rime-za/sporazum/ /rime-za/sporazum/;
/rime-za/sport/ /rime-za/sport/;
/rime-za/sportista/ /rime-za/sportista/;
/rime-za/sportski/ /rime-za/sportski/;
/rime-za/sposobnost/ /rime-za/sposobnost/;
/rime-za/sposobnosti/ /rime-za/sposobnosti/;
/rime-za/spreman/ /rime-za/spreman/;
/rime-za/spremnost/ /rime-za/spremnost/;
/rime-za/sprovodjenje/ /rime-za/sprovodjenje/;
/rime-za/sramota/ /rime-za/sramota/;
/rime-za/srbija/ /rime-za/srbija/;
/rime-za/srca/ /rime-za/srca/;
/rime-za/srce/ /rime-za/srce/;
/rime-za/srebro/ /rime-za/srebro/;
/rime-za/sreca/ /rime-za/sreca/;
/rime-za/srecan/ /rime-za/srecan/;
/rime-za/srece/ /rime-za/srece/;
/rime-za/sredina/ /rime-za/sredina/;
/rime-za/sredstvo/ /rime-za/sredstvo/;
/rime-za/srpski/ /rime-za/srpski/;
/rime-za/stabilnost/ /rime-za/stabilnost/;
/rime-za/stalno/ /rime-za/stalno/;
/rime-za/stalo/ /rime-za/stalo/;
/rime-za/stan/ /rime-za/stan/;
/rime-za/standard/ /rime-za/standard/;
/rime-za/stanja/ /rime-za/stanja/;
/rime-za/stanje/ /rime-za/stanje/;
/rime-za/stanovnistvo/ /rime-za/stanovnistvo/;
/rime-za/star/ /rime-za/star/;
/rime-za/stari/ /rime-za/stari/;
/rime-za/starost/ /rime-za/starost/;
/rime-za/starosti/ /rime-za/starosti/;
/rime-za/status/ /rime-za/status/;
/rime-za/stav/ /rime-za/stav/;
/rime-za/staviti/ /rime-za/staviti/;
/rime-za/staza/ /rime-za/staza/;
/rime-za/staze/ /rime-za/staze/;
/rime-za/stepen/ /rime-za/stepen/;
/rime-za/steta/ /rime-za/steta/;
/rime-za/stici/ /rime-za/stici/;
/rime-za/stih/ /rime-za/stih/;
/rime-za/stil/ /rime-za/stil/;
/rime-za/stoga/ /rime-za/stoga/;
/rime-za/stopa/ /rime-za/stopa/;
/rime-za/stotina/ /rime-za/stotina/;
/rime-za/strah/ /rime-za/strah/;
/rime-za/strajk/ /rime-za/strajk/;
/rime-za/strana/ /rime-za/strana/;
/rime-za/stranci/ /rime-za/stranci/;
/rime-za/strane/ /rime-za/strane/;
/rime-za/strani/ /rime-za/strani/;
/rime-za/stranica/ /rime-za/stranica/;
/rime-za/stranice/ /rime-za/stranice/;
/rime-za/stranka/ /rime-za/stranka/;
/rime-za/stranke/ /rime-za/stranke/;
/rime-za/strasno/ /rime-za/strasno/;
/rime-za/strast/ /rime-za/strast/;
/rime-za/strasti/ /rime-za/strasti/;
/rime-za/strategija/ /rime-za/strategija/;
/rime-za/strateski/ /rime-za/strateski/;
/rime-za/strucnjak/ /rime-za/strucnjak/;
/rime-za/strucno/ /rime-za/strucno/;
/rime-za/struja/ /rime-za/struja/;
/rime-za/struje/ /rime-za/struje/;
/rime-za/struke/ /rime-za/struke/;
/rime-za/struktura/ /rime-za/struktura/;
/rime-za/student/ /rime-za/student/;
/rime-za/studenti/ /rime-za/studenti/;
/rime-za/studija/ /rime-za/studija/;
/rime-za/studije/ /rime-za/studije/;
/rime-za/studio/ /rime-za/studio/;
/rime-za/stvar/ /rime-za/stvar/;
/rime-za/stvaranja/ /rime-za/stvaranja/;
/rime-za/stvaranje/ /rime-za/stvaranje/;
/rime-za/stvari/ /rime-za/stvari/;
/rime-za/stvarno/ /rime-za/stvarno/;
/rime-za/stvarnost/ /rime-za/stvarnost/;
/rime-za/subotica/ /rime-za/subotica/;
/rime-za/sudan/ /rime-za/sudan/;
/rime-za/sudbina/ /rime-za/sudbina/;
/rime-za/sudija/ /rime-za/sudija/;
/rime-za/sudjenje/ /rime-za/sudjenje/;
/rime-za/sukob/ /rime-za/sukob/;
/rime-za/suma/ /rime-za/suma/;
/rime-za/sume/ /rime-za/sume/;
/rime-za/sumnja/ /rime-za/sumnja/;
/rime-za/sumnje/ /rime-za/sumnje/;
/rime-za/sumrak/ /rime-za/sumrak/;
/rime-za/sunca/ /rime-za/sunca/;
/rime-za/sunce/ /rime-za/sunce/;
/rime-za/super/ /rime-za/super/;
/rime-za/supruga/ /rime-za/supruga/;
/rime-za/susret/ /rime-za/susret/;
/rime-za/sustina/ /rime-za/sustina/;
/rime-za/sustinski/ /rime-za/sustinski/;
/rime-za/sutra/ /rime-za/sutra/;
/rime-za/suvise/ /rime-za/suvise/;
/rime-za/suza/ /rime-za/suza/;
/rime-za/svajcarska/ /rime-za/svajcarska/;
/rime-za/svakako/ /rime-za/svakako/;
/rime-za/svakodnevno/ /rime-za/svakodnevno/;
/rime-za/sve/ /rime-za/sve/;
/rime-za/svecano/ /rime-za/svecano/;
/rime-za/svedska/ /rime-za/svedska/;
/rime-za/svejedno/ /rime-za/svejedno/;
/rime-za/svesno/ /rime-za/svesno/;
/rime-za/svest/ /rime-za/svest/;
/rime-za/svestan/ /rime-za/svestan/;
/rime-za/svesti/ /rime-za/svesti/;
/rime-za/svet/ /rime-za/svet/;
/rime-za/svetlo/ /rime-za/svetlo/;
/rime-za/svetlost/ /rime-za/svetlost/;
/rime-za/svetlosti/ /rime-za/svetlosti/;
/rime-za/svetski/ /rime-za/svetski/;
/rime-za/svi/ /rime-za/svi/;
/rime-za/svojevremeno/ /rime-za/svojevremeno/;
/rime-za/svrha/ /rime-za/svrha/;
/rime-za/svuda/ /rime-za/svuda/;
/rime-za/tacka/ /rime-za/tacka/;
/rime-za/tacke/ /rime-za/tacke/;
/rime-za/tacno/ /rime-za/tacno/;
/rime-za/tad/ /rime-za/tad/;
/rime-za/tajland/ /rime-za/tajland/;
/rime-za/tajna/ /rime-za/tajna/;
/rime-za/takmicenja/ /rime-za/takmicenja/;
/rime-za/takmicenje/ /rime-za/takmicenje/;
/rime-za/tako/ /rime-za/tako/;
/rime-za/talas/ /rime-za/talas/;
/rime-za/tata/ /rime-za/tata/;
/rime-za/tecnosti/ /rime-za/tecnosti/;
/rime-za/tehnika/ /rime-za/tehnika/;
/rime-za/tehnologija/ /rime-za/tehnologija/;
/rime-za/tek/ /rime-za/tek/;
/rime-za/tekst/ /rime-za/tekst/;
/rime-za/telefon/ /rime-za/telefon/;
/rime-za/televizija/ /rime-za/televizija/;
/rime-za/telo/ /rime-za/telo/;
/rime-za/tema/ /rime-za/tema/;
/rime-za/teme/ /rime-za/teme/;
/rime-za/temperatura/ /rime-za/temperatura/;
/rime-za/temperature/ /rime-za/temperature/;
/rime-za/teorija/ /rime-za/teorija/;
/rime-za/terapija/ /rime-za/terapija/;
/rime-za/teret/ /rime-za/teret/;
/rime-za/teritorije/ /rime-za/teritorije/;
/rime-za/termin/ /rime-za/termin/;
/rime-za/tesko/ /rime-za/tesko/;
/rime-za/test/ /rime-za/test/;
/rime-za/tezak/ /rime-za/tezak/;
/rime-za/tezi/ /rime-za/tezi/;
/rime-za/tip/ /rime-za/tip/;
/rime-za/tok/ /rime-za/tok/;
/rime-za/tokio/ /rime-za/tokio/;
/rime-za/toliko/ /rime-za/toliko/;
/rime-za/tona/ /rime-za/tona/;
/rime-za/top/ /rime-za/top/;
/rime-za/toronto/ /rime-za/toronto/;
/rime-za/torta/ /rime-za/torta/;
/rime-za/totalno/ /rime-za/totalno/;
/rime-za/tradicija/ /rime-za/tradicija/;
/rime-za/tradicije/ /rime-za/tradicije/;
/rime-za/tradicionalno/ /rime-za/tradicionalno/;
/rime-za/trag/ /rime-za/trag/;
/rime-za/trajati/ /rime-za/trajati/;
/rime-za/trajno/ /rime-za/trajno/;
/rime-za/trava/ /rime-za/trava/;
/rime-za/traziti/ /rime-za/traziti/;
/rime-za/treci/ /rime-za/treci/;
/rime-za/trend/ /rime-za/trend/;
/rime-za/trener/ /rime-za/trener/;
/rime-za/trening/ /rime-za/trening/;
/rime-za/trenutak/ /rime-za/trenutak/;
/rime-za/trenutno/ /rime-za/trenutno/;
/rime-za/tretman/ /rime-za/tretman/;
/rime-za/trka/ /rime-za/trka/;
/rime-za/trke/ /rime-za/trke/;
/rime-za/troskovi/ /rime-za/troskovi/;
/rime-za/truba/ /rime-za/truba/;
/rime-za/trud/ /rime-za/trud/;
/rime-za/trziste/ /rime-za/trziste/;
/rime-za/tuga/ /rime-za/tuga/;
/rime-za/tunis/ /rime-za/tunis/;
/rime-za/turizam/ /rime-za/turizam/;
/rime-za/turnir/ /rime-za/turnir/;
/rime-za/turska/ /rime-za/turska/;
/rime-za/tuzilac/ /rime-za/tuzilac/;
/rime-za/tuzilastvo/ /rime-za/tuzilastvo/;
/rime-za/ubedljivo/ /rime-za/ubedljivo/;
/rime-za/ubistvo/ /rime-za/ubistvo/;
/rime-za/ubrzo/ /rime-za/ubrzo/;
/rime-za/ubuduce/ /rime-za/ubuduce/;
/rime-za/ucenik/ /rime-za/ucenik/;
/rime-za/ucenje/ /rime-za/ucenje/;
/rime-za/ucesnici/ /rime-za/ucesnici/;
/rime-za/ucestvovati/ /rime-za/ucestvovati/;
/rime-za/uci/ /rime-za/uci/;
/rime-za/uciniti/ /rime-za/uciniti/;
/rime-za/udarac/ /rime-za/udarac/;
/rime-za/udruzenja/ /rime-za/udruzenja/;
/rime-za/udruzenje/ /rime-za/udruzenje/;
/rime-za/uglavnom/ /rime-za/uglavnom/;
/rime-za/ugled/ /rime-za/ugled/;
/rime-za/ugovor/ /rime-za/ugovor/;
/rime-za/uho/ /rime-za/uho/;
/rime-za/ujedno/ /rime-za/ujedno/;
/rime-za/ujutro/ /rime-za/ujutro/;
/rime-za/ukidanje/ /rime-za/ukidanje/;
/rime-za/ukrajina/ /rime-za/ukrajina/;
/rime-za/ukratko/ /rime-za/ukratko/;
/rime-za/ukupan/ /rime-za/ukupan/;
/rime-za/ukupno/ /rime-za/ukupno/;
/rime-za/ukus/ /rime-za/ukus/;
/rime-za/ulaz/ /rime-za/ulaz/;
/rime-za/ulazak/ /rime-za/ulazak/;
/rime-za/ulica/ /rime-za/ulica/;
/rime-za/ulice/ /rime-za/ulice/;
/rime-za/ulja/ /rime-za/ulja/;
/rime-za/ulje/ /rime-za/ulje/;
/rime-za/uloga/ /rime-za/uloga/;
/rime-za/um/ /rime-za/um/;
/rime-za/umetnost/ /rime-za/umetnost/;
/rime-za/unapred/ /rime-za/unapred/;
/rime-za/unapredjenje/ /rime-za/unapredjenje/;
/rime-za/unazad/ /rime-za/unazad/;
/rime-za/unija/ /rime-za/unija/;
/rime-za/univerzitet/ /rime-za/univerzitet/;
/rime-za/unos/ /rime-za/unos/;
/rime-za/unutra/ /rime-za/unutra/;
/rime-za/uopste/ /rime-za/uopste/;
/rime-za/uostalom/ /rime-za/uostalom/;
/rime-za/upis/ /rime-za/upis/;
/rime-za/uporno/ /rime-za/uporno/;
/rime-za/upotreba/ /rime-za/upotreba/;
/rime-za/uprava/ /rime-za/uprava/;
/rime-za/upravljanje/ /rime-za/upravljanje/;
/rime-za/upravo/ /rime-za/upravo/;
/rime-za/uraditi/ /rime-za/uraditi/;
/rime-za/uredjaj/ /rime-za/uredjaj/;
/rime-za/uredjenje/ /rime-za/uredjenje/;
/rime-za/uredno/ /rime-za/uredno/;
/rime-za/urugvaj/ /rime-za/urugvaj/;
/rime-za/uskoro/ /rime-za/uskoro/;
/rime-za/uslov/ /rime-za/uslov/;
/rime-za/usne/ /rime-za/usne/;
/rime-za/uspeh/ /rime-za/uspeh/;
/rime-za/uspesan/ /rime-za/uspesan/;
/rime-za/uspesno/ /rime-za/uspesno/;
/rime-za/uspeti/ /rime-za/uspeti/;
/rime-za/uspostavljanje/ /rime-za/uspostavljanje/;
/rime-za/usput/ /rime-za/usput/;
/rime-za/usta/ /rime-za/usta/;
/rime-za/ustanova/ /rime-za/ustanova/;
/rime-za/ustav/ /rime-za/ustav/;
/rime-za/ustava/ /rime-za/ustava/;
/rime-za/ustavni/ /rime-za/ustavni/;
/rime-za/ustvari/ /rime-za/ustvari/;
/rime-za/usvajanje/ /rime-za/usvajanje/;
/rime-za/utakmica/ /rime-za/utakmica/;
/rime-za/uticaj/ /rime-za/uticaj/;
/rime-za/uticati/ /rime-za/uticati/;
/rime-za/utisak/ /rime-za/utisak/;
/rime-za/utorak/ /rime-za/utorak/;
/rime-za/utvrditi/ /rime-za/utvrditi/;
/rime-za/uvece/ /rime-za/uvece/;
/rime-za/uvek/ /rime-za/uvek/;
/rime-za/uveliko/ /rime-za/uveliko/;
/rime-za/uvid/ /rime-za/uvid/;
/rime-za/uvod/ /rime-za/uvod/;
/rime-za/uvodjenje/ /rime-za/uvodjenje/;
/rime-za/uvoz/ /rime-za/uvoz/;
/rime-za/uzeti/ /rime-za/uzeti/;
/rime-za/uzice/ /rime-za/uzice/;
/rime-za/uzivo/ /rime-za/uzivo/;
/rime-za/uzrok/ /rime-za/uzrok/;
/rime-za/valjda/ /rime-za/valjda/;
/rime-za/valjevo/ /rime-za/valjevo/;
/rime-za/varijanta/ /rime-za/varijanta/;
/rime-za/varsava/ /rime-za/varsava/;
/rime-za/vasington/ /rime-za/vasington/;
/rime-za/vatra/ /rime-za/vatra/;
/rime-za/vazan/ /rime-za/vazan/;
/rime-za/vazduh/ /rime-za/vazduh/;
/rime-za/vazno/ /rime-za/vazno/;
/rime-za/vaznost/ /rime-za/vaznost/;
/rime-za/veca/ /rime-za/veca/;
/rime-za/vece/ /rime-za/vece/;
/rime-za/veceras/ /rime-za/veceras/;
/rime-za/veceri/ /rime-za/veceri/;
/rime-za/vecina/ /rime-za/vecina/;
/rime-za/vecnost/ /rime-za/vecnost/;
/rime-za/vek/ /rime-za/vek/;
/rime-za/velicina/ /rime-za/velicina/;
/rime-za/velicine/ /rime-za/velicine/;
/rime-za/veliki/ /rime-za/veliki/;
/rime-za/venecija/ /rime-za/venecija/;
/rime-za/venecuela/ /rime-za/venecuela/;
/rime-za/veoma/ /rime-za/veoma/;
/rime-za/vera/ /rime-za/vera/;
/rime-za/vere/ /rime-za/vere/;
/rime-za/verovatno/ /rime-za/verovatno/;
/rime-za/verzija/ /rime-za/verzija/;
/rime-za/vest/ /rime-za/vest/;
/rime-za/vesti/ /rime-za/vesti/;
/rime-za/vestina/ /rime-za/vestina/;
/rime-za/vestine/ /rime-za/vestine/;
/rime-za/vetar/ /rime-za/vetar/;
/rime-za/veza/ /rime-za/veza/;
/rime-za/vezan/ /rime-za/vezan/;
/rime-za/vezano/ /rime-za/vezano/;
/rime-za/veze/ /rime-za/veze/;
/rime-za/vid/ /rime-za/vid/;
/rime-za/video/ /rime-za/video/;
/rime-za/videti/ /rime-za/videti/;
/rime-za/vijetnam/ /rime-za/vijetnam/;
/rime-za/vina/ /rime-za/vina/;
/rime-za/vino/ /rime-za/vino/;
/rime-za/visak/ /rime-za/visak/;
/rime-za/vise/ /rime-za/vise/;
/rime-za/visina/ /rime-za/visina/;
/rime-za/visine/ /rime-za/visine/;
/rime-za/visok/ /rime-za/visok/;
/rime-za/vitez/ /rime-za/vitez/;
/rime-za/vlada/ /rime-za/vlada/;
/rime-za/vladavine/ /rime-za/vladavine/;
/rime-za/vladika/ /rime-za/vladika/;
/rime-za/vlasnik/ /rime-za/vlasnik/;
/rime-za/vlasnistvo/ /rime-za/vlasnistvo/;
/rime-za/vlast/ /rime-za/vlast/;
/rime-za/voce/ /rime-za/voce/;
/rime-za/voda/ /rime-za/voda/;
/rime-za/vodeci/ /rime-za/vodeci/;
/rime-za/voditi/ /rime-za/voditi/;
/rime-za/vodja/ /rime-za/vodja/;
/rime-za/vodjenje/ /rime-za/vodjenje/;
/rime-za/vodjstvo/ /rime-za/vodjstvo/;
/rime-za/vojni/ /rime-za/vojni/;
/rime-za/vojnici/ /rime-za/vojnici/;
/rime-za/vojska/ /rime-za/vojska/;
/rime-za/vojske/ /rime-za/vojske/;
/rime-za/volja/ /rime-za/volja/;
/rime-za/voljena/ /rime-za/voljena/;
/rime-za/vozac/ /rime-za/vozac/;
/rime-za/vozila/ /rime-za/vozila/;
/rime-za/vozilo/ /rime-za/vozilo/;
/rime-za/vranje/ /rime-za/vranje/;
/rime-za/vrata/ /rime-za/vrata/;
/rime-za/vratiti/ /rime-za/vratiti/;
/rime-za/vredan/ /rime-za/vredan/;
/rime-za/vrednost/ /rime-za/vrednost/;
/rime-za/vrednosti/ /rime-za/vrednosti/;
/rime-za/vreme/ /rime-za/vreme/;
/rime-za/vremenom/ /rime-za/vremenom/;
/rime-za/vremenski/ /rime-za/vremenski/;
/rime-za/vrhunski/ /rime-za/vrhunski/;
/rime-za/vrlo/ /rime-za/vrlo/;
/rime-za/vrsta/ /rime-za/vrsta/;
/rime-za/vrste/ /rime-za/vrste/;
/rime-za/vuk/ /rime-za/vuk/;
/rime-za/zaboraviti/ /rime-za/zaboraviti/;
/rime-za/zadatak/ /rime-za/zadatak/;
/rime-za/zadnji/ /rime-za/zadnji/;
/rime-za/zadovoljan/ /rime-za/zadovoljan/;
/rime-za/zadovoljstvo/ /rime-za/zadovoljstvo/;
/rime-za/zaduzen/ /rime-za/zaduzen/;
/rime-za/zagreb/ /rime-za/zagreb/;
/rime-za/zagrljaj/ /rime-za/zagrljaj/;
/rime-za/zahtev/ /rime-za/zahtev/;
/rime-za/zahvaljujuci/ /rime-za/zahvaljujuci/;
/rime-za/zaista/ /rime-za/zaista/;
/rime-za/zajecar/ /rime-za/zajecar/;
/rime-za/zajednica/ /rime-za/zajednica/;
/rime-za/zajednice/ /rime-za/zajednice/;
/rime-za/zajednicki/ /rime-za/zajednicki/;
/rime-za/zajedno/ /rime-za/zajedno/;
/rime-za/zakljucak/ /rime-za/zakljucak/;
/rime-za/zakljuciti/ /rime-za/zakljuciti/;
/rime-za/zakon/ /rime-za/zakon/;
/rime-za/zakoni/ /rime-za/zakoni/;
/rime-za/zakonski/ /rime-za/zakonski/;
/rime-za/zalost/ /rime-za/zalost/;
/rime-za/zambija/ /rime-za/zambija/;
/rime-za/zamena/ /rime-za/zamena/;
/rime-za/zamenik/ /rime-za/zamenik/;
/rime-za/zamisli/ /rime-za/zamisli/;
/rime-za/zanimljiv/ /rime-za/zanimljiv/;
/rime-za/zao/ /rime-za/zao/;
/rime-za/zapad/ /rime-za/zapad/;
/rime-za/zapravo/ /rime-za/zapravo/;
/rime-za/zarada/ /rime-za/zarada/;
/rime-za/zarade/ /rime-za/zarade/;
/rime-za/zastita/ /rime-za/zastita/;
/rime-za/zastite/ /rime-za/zastite/;
/rime-za/zato/ /rime-za/zato/;
/rime-za/zatvor/ /rime-za/zatvor/;
/rime-za/zavisno/ /rime-za/zavisno/;
/rime-za/zavrsetak/ /rime-za/zavrsetak/;
/rime-za/zavrsiti/ /rime-za/zavrsiti/;
/rime-za/zdrav/ /rime-za/zdrav/;
/rime-za/zdravlje/ /rime-za/zdravlje/;
/rime-za/zdravo/ /rime-za/zdravo/;
/rime-za/zdravstveno/ /rime-za/zdravstveno/;
/rime-za/zeka/ /rime-za/zeka/;
/rime-za/zele/ /rime-za/zele/;
/rime-za/zelja/ /rime-za/zelja/;
/rime-za/zelje/ /rime-za/zelje/;
/rime-za/zemlja/ /rime-za/zemlja/;
/rime-za/zemljista/ /rime-za/zemljista/;
/rime-za/zemljiste/ /rime-za/zemljiste/;
/rime-za/zena/ /rime-za/zena/;
/rime-za/zene/ /rime-za/zene/;
/rime-za/zgrada/ /rime-za/zgrada/;
/rime-za/zid/ /rime-za/zid/;
/rime-za/zima/ /rime-za/zima/;
/rime-za/zimbabve/ /rime-za/zimbabve/;
/rime-za/zime/ /rime-za/zime/;
/rime-za/ziv/ /rime-za/ziv/;
/rime-za/ziva/ /rime-za/ziva/;
/rime-za/ziveti/ /rime-za/ziveti/;
/rime-za/zivot/ /rime-za/zivot/;
/rime-za/zivotinja/ /rime-za/zivotinja/;
/rime-za/zivotni/ /rime-za/zivotni/;
/rime-za/zlata/ /rime-za/zlata/;
/rime-za/zlato/ /rime-za/zlato/;
/rime-za/zlo/ /rime-za/zlo/;
/rime-za/zlocin/ /rime-za/zlocin/;
/rime-za/zmija/ /rime-za/zmija/;
/rime-za/znacaj/ /rime-za/znacaj/;
/rime-za/znacajan/ /rime-za/znacajan/;
/rime-za/znacajno/ /rime-za/znacajno/;
/rime-za/znacenje/ /rime-za/znacenje/;
/rime-za/znaci/ /rime-za/znaci/;
/rime-za/znak/ /rime-za/znak/;
/rime-za/znanja/ /rime-za/znanja/;
/rime-za/znanje/ /rime-za/znanje/;
/rime-za/znati/ /rime-za/znati/;
/rime-za/znatno/ /rime-za/znatno/;
/rime-za/zora/ /rime-za/zora/;
/rime-za/zrenjanin/ /rime-za/zrenjanin/;
/rime-za/zrtva/ /rime-za/zrtva/;
/rime-za/zub/ /rime-za/zub/;
/rime-za/zvanicni/ /rime-za/zvanicni/;
/rime-za/zvanicno/ /rime-za/zvanicno/;
/rime-za/zvezda/ /rime-za/zvezda/;
/rime-za/zvuk/ /rime-za/zvuk/;
