/rime-za/aaa/ 1;
/rime-za/aah/ 1;
/rime-za/aba/ 1;
/rime-za/abadzija/ 1;
/rime-za/abadzijski/ 1;
/rime-za/abakusi/ 1;
/rime-za/abazur/ 1;
/rime-za/abdicirati/ 1;
/rime-za/abdikacija/ 1;
/rime-za/abdomen/ 1;
/rime-za/abeceda/ 1;
/rime-za/abecede/ 1;
/rime-za/aber/ 1;
/rime-za/abesinac/ 1;
/rime-za/abesinija/ 1;
/rime-za/abisinac/ 1;
/rime-za/abisinija/ 1;
/rime-za/abnormalnost/ 1;
/rime-za/abolicionista/ 1;
/rime-za/abolirati/ 1;
/rime-za/abonent/ 1;
/rime-za/abonirati/ 1;
/rime-za/abonman/ 1;
/rime-za/abortirati/ 1;
/rime-za/abortus/ 1;
/rime-za/abrazija/ 1;
/rime-za/abrogacija/ 1;
/rime-za/absint/ 1;
/rime-za/aca/ 1;
/rime-za/acamovic/ 1;
/rime-za/aceci/ 1;
/rime-za/acenje/ 1;
/rime-za/acetaminofen/ 1;
/rime-za/acetilen/ 1;
/rime-za/aceton/ 1;
/rime-za/acidoza/ 1;
/rime-za/acim/ 1;
/rime-za/acimovic/ 1;
/rime-za/aciti/ 1;
/rime-za/acovic/ 1;
/rime-za/ada/ 1;
/rime-za/adadjo/ 1;
/rime-za/adam/ 1;
/rime-za/adamovic/ 1;
/rime-za/adamski/ 1;
/rime-za/adaptacija/ 1;
/rime-za/adapter/ 1;
/rime-za/ade/ 1;
/rime-za/adekvatan/ 1;
/rime-za/adekvatno/ 1;
/rime-za/adenoidi/ 1;
/rime-za/adenozin/ 1;
/rime-za/adet/ 1;
/rime-za/adhezija/ 1;
/rime-za/adidas/ 1;
/rime-za/adidjar/ 1;
/rime-za/adio/ 1;
/rime-za/adios/ 1;
/rime-za/aditiv/ 1;
/rime-za/adjektiv/ 1;
/rime-za/adjutant/ 1;
/rime-za/administracija/ 1;
/rime-za/administrativan/ 1;
/rime-za/administrativni/ 1;
/rime-za/administrator/ 1;
/rime-za/administratorski/ 1;
/rime-za/administrirati/ 1;
/rime-za/admiralitet/ 1;
/rime-za/admiralitetu/ 1;
/rime-za/admiralski/ 1;
/rime-za/adolescencija/ 1;
/rime-za/adolescent/ 1;
/rime-za/adolf/ 1;
/rime-za/adopcija/ 1;
/rime-za/adoptacija/ 1;
/rime-za/adoptirati/ 1;
/rime-za/adrenalin/ 1;
/rime-za/adrenalinski/ 1;
/rime-za/adresant/ 1;
/rime-za/adresar/ 1;
/rime-za/adresari/ 1;
/rime-za/adresat/ 1;
/rime-za/adresiranje/ 1;
/rime-za/adresirati/ 1;
/rime-za/adresni/ 1;
/rime-za/adresovati/ 1;
/rime-za/adrijana/ 1;
/rime-za/adrovic/ 1;
/rime-za/adut/ 1;
/rime-za/adverbijalni/ 1;
/rime-za/advokat/ 1;
/rime-za/advokati/ 1;
/rime-za/advokatica/ 1;
/rime-za/advokatice/ 1;
/rime-za/advokatisanje/ 1;
/rime-za/advokatski/ 1;
/rime-za/advokatura/ 1;
/rime-za/adzemovic/ 1;
/rime-za/aerobik/ 1;
/rime-za/aerobika/ 1;
/rime-za/aerodinamican/ 1;
/rime-za/aerodinamicki/ 1;
/rime-za/aerodinamika/ 1;
/rime-za/aerodinamiku/ 1;
/rime-za/aerodrom/ 1;
/rime-za/aerodromi/ 1;
/rime-za/aerodromski/ 1;
/rime-za/aeromehanicar/ 1;
/rime-za/aeromehanika/ 1;
/rime-za/aeronauta/ 1;
/rime-za/aeronautika/ 1;
/rime-za/aeroplan/ 1;
/rime-za/aerostat/ 1;
/rime-za/afazija/ 1;
/rime-za/afekat/ 1;
/rime-za/afekt/ 1;
/rime-za/afektacija/ 1;
/rime-za/afektirati/ 1;
/rime-za/afganistan/ 1;
/rime-za/afganistanac/ 1;
/rime-za/afinitet/ 1;
/rime-za/afirmirati/ 1;
/rime-za/afirmisanje/ 1;
/rime-za/afirmisati/ 1;
/rime-za/aforizam/ 1;
/rime-za/africki/ 1;
/rime-za/afroamerikanka/ 1;
/rime-za/afrodizijak/ 1;
/rime-za/aga/ 1;
/rime-za/agaluk/ 1;
/rime-za/agamemnon/ 1;
/rime-za/agapija/ 1;
/rime-za/agenda/ 1;
/rime-za/agende/ 1;
/rime-za/agentica/ 1;
/rime-za/agentkinja/ 1;
/rime-za/agentura/ 1;
/rime-za/agilan/ 1;
/rime-za/aginica/ 1;
/rime-za/agitacija/ 1;
/rime-za/agitator/ 1;
/rime-za/agitovanje/ 1;
/rime-za/agitovati/ 1;
/rime-za/agnec/ 1;
/rime-za/agnes/ 1;
/rime-za/agnosticizam/ 1;
/rime-za/agnostik/ 1;
/rime-za/ago/ 1;
/rime-za/agogika/ 1;
/rime-za/agonija/ 1;
/rime-za/agora/ 1;
/rime-za/agorafobija/ 1;
/rime-za/agrarni/ 1;
/rime-za/agregacija/ 1;
/rime-za/agreman/ 1;
/rime-za/agresija/ 1;
/rime-za/agresivac/ 1;
/rime-za/agresivan/ 1;
/rime-za/agresivno/ 1;
/rime-za/agresivnost/ 1;
/rime-za/agrikultura/ 1;
/rime-za/agrobiznis/ 1;
/rime-za/agrohemija/ 1;
/rime-za/agronom/ 1;
/rime-za/agronomi/ 1;
/rime-za/agronomija/ 1;
/rime-za/agronomski/ 1;
/rime-za/agrotehnika/ 1;
/rime-za/aha/ 1;
/rime-za/ahat/ 1;
/rime-za/ahil/ 1;
/rime-za/ahmatova/ 1;
/rime-za/ahmetovic/ 1;
/rime-za/ahoj/ 1;
/rime-za/aikido/ 1;
/rime-za/aisa/ 1;
/rime-za/ajaks/ 1;
/rime-za/ajd/ 1;
/rime-za/ajdaho/ 1;
/rime-za/ajde/ 1;
/rime-za/ajdemo/ 1;
/rime-za/ajdukovic/ 1;
/rime-za/ajetovic/ 1;
/rime-za/ajfel/ 1;
/rime-za/ajisa/ 1;
/rime-za/ajkula/ 1;
/rime-za/ajlajner/ 1;
/rime-za/ajlend/ 1;
/rime-za/ajme/ 1;
/rime-za/ajmo/ 1;
/rime-za/ajmokac/ 1;
/rime-za/ajnstajn/ 1;
/rime-za/ajnstajnijum/ 1;
/rime-za/ajoj/ 1;
/rime-za/ajsa/ 1;
/rime-za/ajte/ 1;
/rime-za/ajvar/ 1;
/rime-za/ajzenhauer/ 1;
/rime-za/akademac/ 1;
/rime-za/akademija/ 1;
/rime-za/akademik/ 1;
/rime-za/akapela/ 1;
/rime-za/akceleracija/ 1;
/rime-za/akcelerator/ 1;
/rime-za/akcenat/ 1;
/rime-za/akcenatski/ 1;
/rime-za/akcent/ 1;
/rime-za/akcentoloski/ 1;
/rime-za/akcentovanje/ 1;
/rime-za/akcentovati/ 1;
/rime-za/akcentuacija/ 1;
/rime-za/akceptant/ 1;
/rime-za/akceptirana/ 1;
/rime-za/akceptirati/ 1;
/rime-za/akceptor/ 1;
/rime-za/akcident/ 1;
/rime-za/akcijski/ 1;
/rime-za/akciza/ 1;
/rime-za/akcizni/ 1;
/rime-za/aklamacija/ 1;
/rime-za/aklamovati/ 1;
/rime-za/aklimatizacija/ 1;
/rime-za/aklimatizovati/ 1;
/rime-za/akne/ 1;
/rime-za/akomodacija/ 1;
/rime-za/akontacija/ 1;
/rime-za/akontirati/ 1;
/rime-za/akonto/ 1;
/rime-za/akord/ 1;
/rime-za/akordi/ 1;
/rime-za/akordni/ 1;
/rime-za/akreditacija/ 1;
/rime-za/akreditirati/ 1;
/rime-za/akreditiv/ 1;
/rime-za/akreditivni/ 1;
/rime-za/akreditovati/ 1;
/rime-za/akrep/ 1;
/rime-za/akrobacija/ 1;
/rime-za/akrobata/ 1;
/rime-za/akrobate/ 1;
/rime-za/akrobatika/ 1;
/rime-za/akrobatski/ 1;
/rime-za/akrofobija/ 1;
/rime-za/akronim/ 1;
/rime-za/akropola/ 1;
/rime-za/akropolj/ 1;
/rime-za/akrostih/ 1;
/rime-za/aksam/ 1;
/rime-za/aksentijevic/ 1;
/rime-za/aksioloski/ 1;
/rime-za/aksiom/ 1;
/rime-za/aksiomi/ 1;
/rime-za/akterski/ 1;
/rime-za/akti/ 1;
/rime-za/aktiv/ 1;
/rime-za/aktiva/ 1;
/rime-za/aktivac/ 1;
/rime-za/aktivacija/ 1;
/rime-za/aktivan/ 1;
/rime-za/aktivator/ 1;
/rime-za/aktiviranim/ 1;
/rime-za/aktiviranje/ 1;
/rime-za/aktivirati/ 1;
/rime-za/aktivist/ 1;
/rime-za/aktivista/ 1;
/rime-za/aktivistkinja/ 1;
/rime-za/aktivitet/ 1;
/rime-za/aktivizam/ 1;
/rime-za/aktivno/ 1;
/rime-za/aktovka/ 1;
/rime-za/aktualno/ 1;
/rime-za/aktualnost/ 1;
/rime-za/aktuelan/ 1;
/rime-za/aktuelnost/ 1;
/rime-za/akumulacija/ 1;
/rime-za/akumulacije/ 1;
/rime-za/akumulator/ 1;
/rime-za/akupunktura/ 1;
/rime-za/akuser/ 1;
/rime-za/akuserstvo/ 1;
/rime-za/akustican/ 1;
/rime-za/akusticki/ 1;
/rime-za/akustika/ 1;
/rime-za/akutni/ 1;
/rime-za/akuzativ/ 1;
/rime-za/akuzativni/ 1;
/rime-za/akvadukt/ 1;
/rime-za/akvamarin/ 1;
/rime-za/akvarel/ 1;
/rime-za/akvareli/ 1;
/rime-za/akvarijum/ 1;
/rime-za/akvitanija/ 1;
/rime-za/akvizicija/ 1;
/rime-za/akviziter/ 1;
/rime-za/akviziterski/ 1;
/rime-za/ala/ 1;
/rime-za/alabama/ 1;
/rime-za/alabaster/ 1;
/rime-za/aladin/ 1;
/rime-za/alah/ 1;
/rime-za/alajbeg/ 1;
/rime-za/alakanje/ 1;
/rime-za/alal/ 1;
/rime-za/alaliti/ 1;
/rime-za/alan/ 1;
/rime-za/alapaca/ 1;
/rime-za/alarm/ 1;
/rime-za/alarmantan/ 1;
/rime-za/alarmantno/ 1;
/rime-za/alarmi/ 1;
/rime-za/alarmirati/ 1;
/rime-za/alarmni/ 1;
/rime-za/alas/ 1;
/rime-za/alaski/ 1;
/rime-za/alat/ 1;
/rime-za/alatast/ 1;
/rime-za/alati/ 1;
/rime-za/alatka/ 1;
/rime-za/alatke/ 1;
/rime-za/alatljika/ 1;
/rime-za/alatni/ 1;
/rime-za/alatnica/ 1;
/rime-za/alatnicar/ 1;
/rime-za/alatnicarski/ 1;
/rime-za/alav/ 1;
/rime-za/alavost/ 1;
/rime-za/albanski/ 1;
/rime-za/albatros/ 1;
/rime-za/albert/ 1;
/rime-za/albino/ 1;
/rime-za/album/ 1;
/rime-za/albumi/ 1;
/rime-za/alcak/ 1;
/rime-za/alchajmer/ 1;
/rime-za/aldehid/ 1;
/rime-za/ale/ 1;
/rime-za/aleckovic/ 1;
/rime-za/alef/ 1;
/rime-za/alegorija/ 1;
/rime-za/alegro/ 1;
/rime-za/aleja/ 1;
/rime-za/aleks/ 1;
/rime-za/aleksa/ 1;
/rime-za/aleksandar/ 1;
/rime-za/aleksandra/ 1;
/rime-za/aleksandrija/ 1;
/rime-za/aleksej/ 1;
/rime-za/aleksic/ 1;
/rime-za/aleksij/ 1;
/rime-za/aleksije/ 1;
/rime-za/aleksinac/ 1;
/rime-za/aleksovic/ 1;
/rime-za/aleluja/ 1;
/rime-za/alem/ 1;
/rime-za/alen/ 1;
/rime-za/alergen/ 1;
/rime-za/alergican/ 1;
/rime-za/alergija/ 1;
/rime-za/alergijski/ 1;
/rime-za/alfa/ 1;
/rime-za/alfabet/ 1;
/rime-za/alfabetski/ 1;
/rime-za/alfalfa/ 1;
/rime-za/alfi/ 1;
/rime-za/alfonso/ 1;
/rime-za/alfred/ 1;
/rime-za/alfredo/ 1;
/rime-za/alga/ 1;
/rime-za/alge/ 1;
/rime-za/algebarski/ 1;
/rime-za/algebra/ 1;
/rime-za/algoritam/ 1;
/rime-za/alhemicar/ 1;
/rime-za/alhemicarski/ 1;
/rime-za/alhemija/ 1;
/rime-za/alhemijski/ 1;
/rime-za/ali/ 1;
/rime-za/alias/ 1;
/rime-za/alibi/ 1;
/rime-za/alibunar/ 1;
/rime-za/aligator/ 1;
/rime-za/aligrudic/ 1;
/rime-za/alihodzic/ 1;
/rime-za/alija/ 1;
/rime-za/alijagic/ 1;
/rime-za/alijansa/ 1;
/rime-za/alijenacija/ 1;
/rime-za/aliluja/ 1;
/rime-za/alim/ 1;
/rime-za/alimentacija/ 1;
/rime-za/alimpic/ 1;
/rime-za/alimpije/ 1;
/rime-za/alina/ 1;
/rime-za/alineja/ 1;
/rime-za/alineje/ 1;
/rime-za/alisa/ 1;
/rime-za/alispahic/ 1;
/rime-za/aliteracija/ 1;
/rime-za/aliterativni/ 1;
/rime-za/aljaska/ 1;
/rime-za/aljaski/ 1;
/rime-za/aljkav/ 1;
/rime-za/aljkavac/ 1;
/rime-za/aljkavica/ 1;
/rime-za/aljkavo/ 1;
/rime-za/aljkavost/ 1;
/rime-za/aljkavosti/ 1;
/rime-za/aljosa/ 1;
/rime-za/alka/ 1;
/rime-za/alkalaj/ 1;
/rime-za/alkali/ 1;
/rime-za/alkalni/ 1;
/rime-za/alkaloid/ 1;
/rime-za/alkar/ 1;
/rime-za/alke/ 1;
/rime-za/alkemicar/ 1;
/rime-za/alkica/ 1;
/rime-za/alkice/ 1;
/rime-za/alkohol/ 1;
/rime-za/alkoholicar/ 1;
/rime-za/alkoholicarka/ 1;
/rime-za/alkoholicarski/ 1;
/rime-za/alkoholisanje/ 1;
/rime-za/alkoholizam/ 1;
/rime-za/alkotest/ 1;
/rime-za/alkovic/ 1;
/rime-za/almanah/ 1;
/rime-za/almanasi/ 1;
/rime-za/almasi/ 1;
/rime-za/almerija/ 1;
/rime-za/almira/ 1;
/rime-za/alo/ 1;
/rime-za/aloe/ 1;
/rime-za/aloja/ 1;
/rime-za/alojzije/ 1;
/rime-za/alokacija/ 1;
/rime-za/alomerovic/ 1;
/rime-za/alpaka/ 1;
/rime-za/alpe/ 1;
/rime-za/alpijski/ 1;
/rime-za/alpinista/ 1;
/rime-za/alpinisti/ 1;
/rime-za/alpinisticki/ 1;
/rime-za/alpinizam/ 1;
/rime-za/alpinski/ 1;
/rime-za/alpski/ 1;
/rime-za/alt/ 1;
/rime-za/alter/ 1;
/rime-za/alteracija/ 1;
/rime-za/alternacija/ 1;
/rime-za/alternativa/ 1;
/rime-za/alternativni/ 1;
/rime-za/alternativno/ 1;
/rime-za/alternator/ 1;
/rime-za/altruista/ 1;
/rime-za/altruisticki/ 1;
/rime-za/altruizam/ 1;
/rime-za/aludirati/ 1;
/rime-za/aluminijum/ 1;
/rime-za/aluminijumski/ 1;
/rime-za/alunirati/ 1;
/rime-za/aluvijum/ 1;
/rime-za/aluzija/ 1;
/rime-za/aluzije/ 1;
/rime-za/alva/ 1;
/rime-za/alve/ 1;
/rime-za/alveola/ 1;
/rime-za/alveolarni/ 1;
/rime-za/alzirac/ 1;
/rime-za/alzirka/ 1;
/rime-za/alzirski/ 1;
/rime-za/ama/ 1;
/rime-za/amadeus/ 1;
/rime-za/amajlija/ 1;
/rime-za/amajlije/ 1;
/rime-za/amalgam/ 1;
/rime-za/amalija/ 1;
/rime-za/amam/ 1;
/rime-za/aman/ 1;
/rime-za/amanda/ 1;
/rime-za/amanet/ 1;
/rime-za/amareto/ 1;
/rime-za/amater/ 1;
/rime-za/amaterizam/ 1;
/rime-za/amaterka/ 1;
/rime-za/amaterski/ 1;
/rime-za/amazon/ 1;
/rime-za/amazonka/ 1;
/rime-za/amazonski/ 1;
/rime-za/ambalaza/ 1;
/rime-za/ambalazni/ 1;
/rime-za/ambalazu/ 1;
/rime-za/ambar/ 1;
/rime-za/ambari/ 1;
/rime-za/ambasada/ 1;
/rime-za/ambasadori/ 1;
/rime-za/ambasadorka/ 1;
/rime-za/ambasadorski/ 1;
/rime-za/ambicija/ 1;
/rime-za/ambicije/ 1;
/rime-za/ambiciozan/ 1;
/rime-za/ambiciozno/ 1;
/rime-za/ambicioznost/ 1;
/rime-za/ambijent/ 1;
/rime-za/ambis/ 1;
/rime-za/amblem/ 1;
/rime-za/amblemi/ 1;
/rime-za/ambroz/ 1;
/rime-za/ambrozic/ 1;
/rime-za/ambrozija/ 1;
/rime-za/ambulanta/ 1;
/rime-za/ambulante/ 1;
/rime-za/ambulantni/ 1;
/rime-za/ameba/ 1;
/rime-za/amelija/ 1;
/rime-za/amen/ 1;
/rime-za/amer/ 1;
/rime-za/americijum/ 1;
/rime-za/amerika/ 1;
/rime-za/amerikanac/ 1;
/rime-za/amerikanka/ 1;
/rime-za/amerikanski/ 1;
/rime-za/ametist/ 1;
/rime-za/amfetamin/ 1;
/rime-za/amfibija/ 1;
/rime-za/amfibrah/ 1;
/rime-za/amfilohije/ 1;
/rime-za/amfiteatar/ 1;
/rime-za/amfora/ 1;
/rime-za/amforica/ 1;
/rime-za/amidza/ 1;
/rime-za/amidzic/ 1;
/rime-za/amigdala/ 1;
/rime-za/amigo/ 1;
/rime-za/amiloidoza/ 1;
/rime-za/amin/ 1;
/rime-za/aminati/ 1;
/rime-za/aminovati/ 1;
/rime-za/amiodaron/ 1;
/rime-za/amis/ 1;
/rime-za/amisi/ 1;
/rime-za/amiski/ 1;
/rime-za/amnestija/ 1;
/rime-za/amnestirati/ 1;
/rime-za/amnezija/ 1;
/rime-za/amo/ 1;
/rime-za/amok/ 1;
/rime-za/amoksicilin/ 1;
/rime-za/amonijak/ 1;
/rime-za/amonijum/ 1;
/rime-za/amor/ 1;
/rime-za/amoralan/ 1;
/rime-za/amoralnost/ 1;
/rime-za/amorfan/ 1;
/rime-za/amortizacija/ 1;
/rime-za/amortizer/ 1;
/rime-za/amos/ 1;
/rime-za/amovi/ 1;
/rime-za/amper/ 1;
/rime-za/ampermetar/ 1;
/rime-za/ampicilin/ 1;
/rime-za/ampir/ 1;
/rime-za/amplifikacija/ 1;
/rime-za/amplituda/ 1;
/rime-za/ampula/ 1;
/rime-za/amputacija/ 1;
/rime-za/amputirati/ 1;
/rime-za/amulet/ 1;
/rime-za/amuleti/ 1;
/rime-za/ana/ 1;
/rime-za/anabaza/ 1;
/rime-za/anabela/ 1;
/rime-za/anadolija/ 1;
/rime-za/anafilakticki/ 1;
/rime-za/anafora/ 1;
/rime-za/anagram/ 1;
/rime-za/anahron/ 1;
/rime-za/anahronizam/ 1;
/rime-za/anakonda/ 1;
/rime-za/analfabeta/ 1;
/rime-za/analfabetski/ 1;
/rime-za/analgetik/ 1;
/rime-za/anali/ 1;
/rime-za/analista/ 1;
/rime-za/analitican/ 1;
/rime-za/analiticar/ 1;
/rime-za/analiticari/ 1;
/rime-za/analiticarka/ 1;
/rime-za/analiticki/ 1;
/rime-za/analizator/ 1;
/rime-za/analize/ 1;
/rime-za/analizirati/ 1;
/rime-za/analni/ 1;
/rime-za/analogan/ 1;
/rime-za/analogija/ 1;
/rime-za/analogon/ 1;
/rime-za/analoski/ 1;
/rime-za/anamarija/ 1;
/rime-za/anamneza/ 1;
/rime-za/anamorfoza/ 1;
/rime-za/ananas/ 1;
/rime-za/anapest/ 1;
/rime-za/anarhican/ 1;
/rime-za/anarhicnost/ 1;
/rime-za/anarhija/ 1;
/rime-za/anarhist/ 1;
/rime-za/anarhista/ 1;
/rime-za/anarhisticki/ 1;
/rime-za/anarhizam/ 1;
/rime-za/anason/ 1;
/rime-za/anastas/ 1;
/rime-za/anastasijevic/ 1;
/rime-za/anastazija/ 1;
/rime-za/anatema/ 1;
/rime-za/anatemisanje/ 1;
/rime-za/anatemisati/ 1;
/rime-za/anatemnik/ 1;
/rime-za/anatemnjak/ 1;
/rime-za/anatol/ 1;
/rime-za/anatomija/ 1;
/rime-za/anatomski/ 1;
/rime-za/andaluzija/ 1;
/rime-za/andaluzijski/ 1;
/rime-za/andante/ 1;
/rime-za/andergraund/ 1;
/rime-za/andersen/ 1;
/rime-za/andja/ 1;
/rime-za/andjela/ 1;
/rime-za/andjelak/ 1;
/rime-za/andjelcic/ 1;
/rime-za/andjeli/ 1;
/rime-za/andjelic/ 1;
/rime-za/andjelija/ 1;
/rime-za/andjelika/ 1;
/rime-za/andjelina/ 1;
/rime-za/andjelka/ 1;
/rime-za/andjelkovic/ 1;
/rime-za/andjelovic/ 1;
/rime-za/andjelski/ 1;
/rime-za/andjeoski/ 1;
/rime-za/andora/ 1;
/rime-za/andras/ 1;
/rime-za/andrea/ 1;
/rime-za/andrej/ 1;
/rime-za/andrejevic/ 1;
/rime-za/andrejic/ 1;
/rime-za/andric/ 1;
/rime-za/andrij/ 1;
/rime-za/andrija/ 1;
/rime-za/andrijana/ 1;
/rime-za/andrijevic/ 1;
/rime-za/andrijevica/ 1;
/rime-za/andrijic/ 1;
/rime-za/android/ 1;
/rime-za/androvic/ 1;
/rime-za/andzela/ 1;
/rime-za/andzelika/ 1;
/rime-za/andzelina/ 1;
/rime-za/anegdota/ 1;
/rime-za/anegdote/ 1;
/rime-za/aneks/ 1;
/rime-za/aneksija/ 1;
/rime-za/anemican/ 1;
/rime-za/anemicnost/ 1;
/rime-za/anemija/ 1;
/rime-za/anemometar/ 1;
/rime-za/anemona/ 1;
/rime-za/anesteticar/ 1;
/rime-za/anestetik/ 1;
/rime-za/anestezija/ 1;
/rime-za/anesteziolog/ 1;
/rime-za/aneurizam/ 1;
/rime-za/aneurizma/ 1;
/rime-za/angazman/ 1;
/rime-za/angazovanja/ 1;
/rime-za/angazovanje/ 1;
/rime-za/angazovanost/ 1;
/rime-za/angazovati/ 1;
/rime-za/angazujuci/ 1;
/rime-za/angelika/ 1;
/rime-za/angelina/ 1;
/rime-za/angelo/ 1;
/rime-za/angelus/ 1;
/rime-za/angina/ 1;
/rime-za/angiogram/ 1;
/rime-za/anglicizam/ 1;
/rime-za/anglista/ 1;
/rime-za/anglo/ 1;
/rime-za/anglofil/ 1;
/rime-za/anglosaksonski/ 1;
/rime-za/angolac/ 1;
/rime-za/angolka/ 1;
/rime-za/angolski/ 1;
/rime-za/angora/ 1;
/rime-za/anic/ 1;
/rime-za/anicic/ 1;
/rime-za/anilin/ 1;
/rime-za/animacija/ 1;
/rime-za/animalizam/ 1;
/rime-za/animalni/ 1;
/rime-za/animator/ 1;
/rime-za/animatori/ 1;
/rime-za/anime/ 1;
/rime-za/animirati/ 1;
/rime-za/animizam/ 1;
/rime-za/animozitet/ 1;
/rime-za/anis/ 1;
/rime-za/anita/ 1;
/rime-za/anja/ 1;
/rime-za/anjon/ 1;
/rime-za/anka/ 1;
/rime-za/ankara/ 1;
/rime-za/anker/ 1;
/rime-za/anketa/ 1;
/rime-za/anketar/ 1;
/rime-za/ankete/ 1;
/rime-za/anketiranje/ 1;
/rime-za/anketirati/ 1;
/rime-za/anketni/ 1;
/rime-za/ankica/ 1;
/rime-za/ankovic/ 1;
/rime-za/anksiozan/ 1;
/rime-za/anksioznost/ 1;
/rime-za/anlaser/ 1;
/rime-za/anoda/ 1;
/rime-za/anokic/ 1;
/rime-za/anomalija/ 1;
/rime-za/anomija/ 1;
/rime-za/anonim/ 1;
/rime-za/anoniman/ 1;
/rime-za/anonimno/ 1;
/rime-za/anonimnost/ 1;
/rime-za/anoreksija/ 1;
/rime-za/anormalan/ 1;
/rime-za/anri/ 1;
/rime-za/ansambli/ 1;
/rime-za/antacid/ 1;
/rime-za/antagonizam/ 1;
/rime-za/antalija/ 1;
/rime-za/antanta/ 1;
/rime-za/antarkticki/ 1;
/rime-za/antarktik/ 1;
/rime-za/antena/ 1;
/rime-za/antenski/ 1;
/rime-za/anterija/ 1;
/rime-za/anterije/ 1;
/rime-za/anti/ 1;
/rime-za/antialkoholicar/ 1;
/rime-za/antibakterijski/ 1;
/rime-za/antibebi/ 1;
/rime-za/antibiotik/ 1;
/rime-za/antic/ 1;
/rime-za/anticevic/ 1;
/rime-za/anticipacija/ 1;
/rime-za/anticki/ 1;
/rime-za/antidepresiv/ 1;
/rime-za/antidoping/ 1;
/rime-za/antidora/ 1;
/rime-za/antidot/ 1;
/rime-za/antidrzavni/ 1;
/rime-za/antifasista/ 1;
/rime-za/antifasisticki/ 1;
/rime-za/antifon/ 1;
/rime-za/antifriz/ 1;
/rime-za/antigen/ 1;
/rime-za/antigravitacija/ 1;
/rime-za/antihistamin/ 1;
/rime-za/antihistaminik/ 1;
/rime-za/antihrist/ 1;
/rime-za/antika/ 1;
/rime-za/antiklerikalac/ 1;
/rime-za/antiklimaks/ 1;
/rime-za/antikni/ 1;
/rime-za/antikoagulant/ 1;
/rime-za/antikomunista/ 1;
/rime-za/antikrist/ 1;
/rime-za/antikvar/ 1;
/rime-za/antikvarijat/ 1;
/rime-za/antikvarnica/ 1;
/rime-za/antikvarski/ 1;
/rime-za/antikvitet/ 1;
/rime-za/antikviteti/ 1;
/rime-za/antilopa/ 1;
/rime-za/antimaterija/ 1;
/rime-za/antimaterijski/ 1;
/rime-za/antimon/ 1;
/rime-za/antinomija/ 1;
/rime-za/antipasti/ 1;
/rime-za/antipatican/ 1;
/rime-za/antipatija/ 1;
/rime-za/antipatije/ 1;
/rime-za/antipod/ 1;
/rime-za/antiproton/ 1;
/rime-za/antipsihotik/ 1;
/rime-za/antiratni/ 1;
/rime-za/antireligiozan/ 1;
/rime-za/antiruski/ 1;
/rime-za/antisemit/ 1;
/rime-za/antisemitizam/ 1;
/rime-za/antisemitski/ 1;
/rime-za/antiseptik/ 1;
/rime-za/antiserum/ 1;
/rime-za/antisrbin/ 1;
/rime-za/antisrpski/ 1;
/rime-za/antiteizam/ 1;
/rime-za/antitela/ 1;
/rime-za/antitelo/ 1;
/rime-za/antiteroristicki/ 1;
/rime-za/antiterorizam/ 1;
/rime-za/antiteza/ 1;
/rime-za/antitoksin/ 1;
/rime-za/antiturski/ 1;
/rime-za/antivirus/ 1;
/rime-za/antivirusni/ 1;
/rime-za/antivladin/ 1;
/rime-za/antoan/ 1;
/rime-za/antoaneta/ 1;
/rime-za/antologija/ 1;
/rime-za/antologije/ 1;
/rime-za/antologijski/ 1;
/rime-za/antonic/ 1;
/rime-za/antonij/ 1;
/rime-za/antonija/ 1;
/rime-za/antonije/ 1;
/rime-za/antonim/ 1;
/rime-za/antonio/ 1;
/rime-za/antonovic/ 1;
/rime-za/antracit/ 1;
/rime-za/antraks/ 1;
/rime-za/antrfile/ 1;
/rime-za/antropofag/ 1;
/rime-za/antropofagija/ 1;
/rime-za/antropolog/ 1;
/rime-za/antropologija/ 1;
/rime-za/antropoloski/ 1;
/rime-za/antunovic/ 1;
/rime-za/antverpen/ 1;
/rime-za/anubis/ 1;
/rime-za/anuitet/ 1;
/rime-za/anulirati/ 1;
/rime-za/anus/ 1;
/rime-za/anusic/ 1;
/rime-za/anuska/ 1;
/rime-za/aorist/ 1;
/rime-za/aorta/ 1;
/rime-za/aorte/ 1;
/rime-za/apac/ 1;
/rime-za/apaci/ 1;
/rime-za/apanaza/ 1;
/rime-za/aparatcik/ 1;
/rime-za/aparati/ 1;
/rime-za/aparatic/ 1;
/rime-za/aparatura/ 1;
/rime-za/apartan/ 1;
/rime-za/apartman/ 1;
/rime-za/apas/ 1;
/rime-za/apatican/ 1;
/rime-za/apaticnost/ 1;
/rime-za/apatija/ 1;
/rime-za/apatin/ 1;
/rime-za/apatinski/ 1;
/rime-za/apatrid/ 1;
/rime-za/apel/ 1;
/rime-za/apelacija/ 1;
/rime-za/apelacioni/ 1;
/rime-za/apelativ/ 1;
/rime-za/apeli/ 1;
/rime-za/apeliraj/ 1;
/rime-za/apelovati/ 1;
/rime-za/apendicitis/ 1;
/rime-za/apendiks/ 1;
/rime-za/aperitiv/ 1;
/rime-za/aperkat/ 1;
/rime-za/apetit/ 1;
/rime-za/apikultura/ 1;
/rime-za/apis/ 1;
/rime-za/aplaudiranje/ 1;
/rime-za/aplaudirati/ 1;
/rime-za/aplauz/ 1;
/rime-za/aplauzi/ 1;
/rime-za/aplicirati/ 1;
/rime-za/aplikacije/ 1;
/rime-za/apodikticki/ 1;
/rime-za/apoen/ 1;
/rime-za/apokalipsa/ 1;
/rime-za/apokrif/ 1;
/rime-za/apokrifan/ 1;
/rime-za/apoliner/ 1;
/rime-za/apolitican/ 1;
/rime-za/apolo/ 1;
/rime-za/apologet/ 1;
/rime-za/apologeta/ 1;
/rime-za/apologetika/ 1;
/rime-za/apologetski/ 1;
/rime-za/apologija/ 1;
/rime-za/apolon/ 1;
/rime-za/apolonija/ 1;
/rime-za/apolonski/ 1;
/rime-za/apopleksija/ 1;
/rime-za/aporija/ 1;
/rime-za/aport/ 1;
/rime-za/apostata/ 1;
/rime-za/apostol/ 1;
/rime-za/apostoli/ 1;
/rime-za/apostolski/ 1;
/rime-za/apostrof/ 1;
/rime-za/apostrofirati/ 1;
/rime-za/apoteka/ 1;
/rime-za/apotekar/ 1;
/rime-za/apotekari/ 1;
/rime-za/apotekarka/ 1;
/rime-za/apotekarke/ 1;
/rime-za/apotekarski/ 1;
/rime-za/apoteke/ 1;
/rime-za/apoteoza/ 1;
/rime-za/apozicija/ 1;
/rime-za/aprilski/ 1;
/rime-za/apriori/ 1;
/rime-za/apriorni/ 1;
/rime-za/apriornost/ 1;
/rime-za/apropo/ 1;
/rime-za/aps/ 1;
/rime-za/apsces/ 1;
/rime-za/apscisa/ 1;
/rime-za/apsida/ 1;
/rime-za/apsint/ 1;
/rime-za/apsolut/ 1;
/rime-za/apsolutan/ 1;
/rime-za/apsolutista/ 1;
/rime-za/apsolutisticki/ 1;
/rime-za/apsolutizacija/ 1;
/rime-za/apsolutizam/ 1;
/rime-za/apsolutni/ 1;
/rime-za/apsolutno/ 1;
/rime-za/apsolutnost/ 1;
/rime-za/apsolvent/ 1;
/rime-za/apsolvirati/ 1;
/rime-za/apsorbovanje/ 1;
/rime-za/apsorbovati/ 1;
/rime-za/apsorpcija/ 1;
/rime-za/apstinencija/ 1;
/rime-za/apstinent/ 1;
/rime-za/apstinirati/ 1;
/rime-za/apstrahovati/ 1;
/rime-za/apstrakcija/ 1;
/rime-za/apstrakt/ 1;
/rime-za/apstraktan/ 1;
/rime-za/apstraktno/ 1;
/rime-za/apsurdan/ 1;
/rime-za/apsurdno/ 1;
/rime-za/apsurdnost/ 1;
/rime-za/ara/ 1;
/rime-za/arabeska/ 1;
/rime-za/arabeske/ 1;
/rime-za/arabija/ 1;
/rime-za/arabijski/ 1;
/rime-za/arabljanin/ 1;
/rime-za/arabljanka/ 1;
/rime-za/aracic/ 1;
/rime-za/arafat/ 1;
/rime-za/arak/ 1;
/rime-za/aralica/ 1;
/rime-za/arambasa/ 1;
/rime-za/arambasic/ 1;
/rime-za/aramejski/ 1;
/rime-za/aramis/ 1;
/rime-za/arandjel/ 1;
/rime-za/arandjelovac/ 1;
/rime-za/arandjelovacki/ 1;
/rime-za/arandjeo/ 1;
/rime-za/aranitovic/ 1;
/rime-za/aranka/ 1;
/rime-za/aranzer/ 1;
/rime-za/aranziranje/ 1;
/rime-za/aranzirati/ 1;
/rime-za/aranzman/ 1;
/rime-za/aranzmani/ 1;
/rime-za/arapi/ 1;
/rime-za/arapin/ 1;
/rime-za/arapkinja/ 1;
/rime-za/arapovic/ 1;
/rime-za/arapski/ 1;
/rime-za/ararat/ 1;
/rime-za/arbanas/ 1;
/rime-za/arbanaski/ 1;
/rime-za/arbanija/ 1;
/rime-za/arbitar/ 1;
/rime-za/arbitraran/ 1;
/rime-za/arbitraza/ 1;
/rime-za/arbitrazni/ 1;
/rime-za/arboretum/ 1;
/rime-za/arbun/ 1;
/rime-za/arcenje/ 1;
/rime-za/arciti/ 1;
/rime-za/arena/ 1;
/rime-za/arenda/ 1;
/rime-za/arest/ 1;
/rime-za/arfa/ 1;
/rime-za/argat/ 1;
/rime-za/argatin/ 1;
/rime-za/argatluk/ 1;
/rime-za/argatovati/ 1;
/rime-za/argentinka/ 1;
/rime-za/argentinku/ 1;
/rime-za/argentinski/ 1;
/rime-za/argon/ 1;
/rime-za/argumenat/ 1;
/rime-za/argument/ 1;
/rime-za/argumenti/ 1;
/rime-za/arhaican/ 1;
/rime-za/arhaizam/ 1;
/rime-za/arhandjel/ 1;
/rime-za/arhandjeli/ 1;
/rime-za/arhandjeo/ 1;
/rime-za/arhangel/ 1;
/rime-za/arheolog/ 1;
/rime-za/arheologija/ 1;
/rime-za/arheoloski/ 1;
/rime-za/arhetip/ 1;
/rime-za/arhetipski/ 1;
/rime-za/arhibiskup/ 1;
/rime-za/arhidjakon/ 1;
/rime-za/arhiepiskop/ 1;
/rime-za/arhiepiskopija/ 1;
/rime-za/arhiepiskopski/ 1;
/rime-za/arhijerej/ 1;
/rime-za/arhijerejski/ 1;
/rime-za/arhimandrit/ 1;
/rime-za/arhimandritski/ 1;
/rime-za/arhimed/ 1;
/rime-za/arhipastir/ 1;
/rime-za/arhipelag/ 1;
/rime-za/arhipelazi/ 1;
/rime-za/arhirabin/ 1;
/rime-za/arhitekt/ 1;
/rime-za/arhitekta/ 1;
/rime-za/arhitekti/ 1;
/rime-za/arhitektonika/ 1;
/rime-za/arhitektonski/ 1;
/rime-za/arhitektura/ 1;
/rime-za/arhiv/ 1;
/rime-za/arhiva/ 1;
/rime-za/arhivar/ 1;
/rime-za/arhive/ 1;
/rime-za/arhiviranje/ 1;
/rime-za/arhivirati/ 1;
/rime-za/arhivista/ 1;
/rime-za/arhivolta/ 1;
/rime-za/arhivski/ 1;
/rime-za/arija/ 1;
/rime-za/arijana/ 1;
/rime-za/arije/ 1;
/rime-za/arijel/ 1;
/rime-za/arijevac/ 1;
/rime-za/arijevski/ 1;
/rime-za/arilje/ 1;
/rime-za/ariljski/ 1;
/rime-za/aris/ 1;
/rime-za/aristid/ 1;
/rime-za/aristokrata/ 1;
/rime-za/aristokratija/ 1;
/rime-za/aristokratkinja/ 1;
/rime-za/aristokratski/ 1;
/rime-za/aristotel/ 1;
/rime-za/aritmeticki/ 1;
/rime-za/aritmetika/ 1;
/rime-za/aritmija/ 1;
/rime-za/aritonovic/ 1;
/rime-za/arivista/ 1;
/rime-za/arizan/ 1;
/rime-za/arizanovic/ 1;
/rime-za/arizona/ 1;
/rime-za/arkada/ 1;
/rime-za/arkade/ 1;
/rime-za/arkadija/ 1;
/rime-za/arkadije/ 1;
/rime-za/arkan/ 1;
/rime-za/arkandjeo/ 1;
/rime-za/arkanzas/ 1;
/rime-za/arkovic/ 1;
/rime-za/arkticki/ 1;
/rime-za/arktik/ 1;
/rime-za/arlekin/ 1;
/rime-za/arlington/ 1;
/rime-za/arlovic/ 1;
/rime-za/armada/ 1;
/rime-za/armadillo/ 1;
/rime-za/armadilo/ 1;
/rime-za/armagedon/ 1;
/rime-za/armani/ 1;
/rime-za/armanjak/ 1;
/rime-za/armatura/ 1;
/rime-za/armature/ 1;
/rime-za/armenulic/ 1;
/rime-za/armija/ 1;
/rime-za/armije/ 1;
/rime-za/armijski/ 1;
/rime-za/armstrong/ 1;
/rime-za/arnaut/ 1;
/rime-za/arnautkinja/ 1;
/rime-za/arnautovic/ 1;
/rime-za/arneric/ 1;
/rime-za/arnold/ 1;
/rime-za/arnovljevic/ 1;
/rime-za/arogancija/ 1;
/rime-za/arogantan/ 1;
/rime-za/arogantnost/ 1;
/rime-za/aroma/ 1;
/rime-za/aromaterapija/ 1;
/rime-za/aromatican/ 1;
/rime-za/arome/ 1;
/rime-za/arondacija/ 1;
/rime-za/arondirati/ 1;
/rime-za/aronija/ 1;
/rime-za/arpadzik/ 1;
/rime-za/arsen/ 1;
/rime-za/arsenal/ 1;
/rime-za/arsenic/ 1;
/rime-za/arsenija/ 1;
/rime-za/arsenije/ 1;
/rime-za/arsenijevic/ 1;
/rime-za/arsenik/ 1;
/rime-za/arsenovic/ 1;
/rime-za/arsic/ 1;
/rime-za/arsin/ 1;
/rime-za/arslama/ 1;
/rime-za/arslan/ 1;
/rime-za/arsovic/ 1;
/rime-za/art/ 1;
/rime-za/artefakt/ 1;
/rime-za/artemida/ 1;
/rime-za/artemije/ 1;
/rime-za/arterija/ 1;
/rime-za/arterije/ 1;
/rime-za/arterijski/ 1;
/rime-za/arterioskleroza/ 1;
/rime-za/articoka/ 1;
/rime-za/artija/ 1;
/rime-za/artikal/ 1;
/rime-za/artikl/ 1;
/rime-za/artikulacija/ 1;
/rime-za/artilerija/ 1;
/rime-za/artiljerac/ 1;
/rime-za/artiljerija/ 1;
/rime-za/artiljerijski/ 1;
/rime-za/artist/ 1;
/rime-za/artista/ 1;
/rime-za/artisticki/ 1;
/rime-za/artizam/ 1;
/rime-za/artritis/ 1;
/rime-za/artur/ 1;
/rime-za/asad/ 1;
/rime-za/asanacija/ 1;
/rime-za/asanovic/ 1;
/rime-za/asceric/ 1;
/rime-za/ascija/ 1;
/rime-za/ascinica/ 1;
/rime-za/aseksualan/ 1;
/rime-za/asembler/ 1;
/rime-za/asentic/ 1;
/rime-za/aseptican/ 1;
/rime-za/asfalt/ 1;
/rime-za/asfalter/ 1;
/rime-za/asfalterski/ 1;
/rime-za/asfaltiranje/ 1;
/rime-za/asfaltirati/ 1;
/rime-za/asfaltni/ 1;
/rime-za/asfiksija/ 1;
/rime-za/asik/ 1;
/rime-za/asikovanje/ 1;
/rime-za/asikovati/ 1;
/rime-za/asim/ 1;
/rime-za/asimetrican/ 1;
/rime-za/asimetrija/ 1;
/rime-za/asimilacija/ 1;
/rime-za/asimilirati/ 1;
/rime-za/asimilovanje/ 1;
/rime-za/asimilovati/ 1;
/rime-za/asimov/ 1;
/rime-za/asimptota/ 1;
/rime-za/asinhroni/ 1;
/rime-za/asirac/ 1;
/rime-za/asirija/ 1;
/rime-za/asirka/ 1;
/rime-za/asirski/ 1;
/rime-za/asistencije/ 1;
/rime-za/asistent/ 1;
/rime-za/asistenti/ 1;
/rime-za/asistentkinja/ 1;
/rime-za/asistentski/ 1;
/rime-za/asistirati/ 1;
/rime-za/asistolija/ 1;
/rime-za/aska/ 1;
/rime-za/askalija/ 1;
/rime-za/askenazi/ 1;
/rime-za/asketa/ 1;
/rime-za/asketizam/ 1;
/rime-za/asketski/ 1;
/rime-za/askeza/ 1;
/rime-za/askovic/ 1;
/rime-za/askrabic/ 1;
/rime-za/askurdjel/ 1;
/rime-za/asocijalan/ 1;
/rime-za/asocirati/ 1;
/rime-za/asonanca/ 1;
/rime-za/asortiman/ 1;
/rime-za/asov/ 1;
/rime-za/asovcic/ 1;
/rime-za/asovi/ 1;
/rime-za/asparagus/ 1;
/rime-za/aspartam/ 1;
/rime-za/aspekat/ 1;
/rime-za/aspekt/ 1;
/rime-za/aspik/ 1;
/rime-za/aspiracija/ 1;
/rime-za/aspirant/ 1;
/rime-za/aspirator/ 1;
/rime-za/aspirin/ 1;
/rime-za/aspra/ 1;
/rime-za/asram/ 1;
/rime-za/astal/ 1;
/rime-za/astat/ 1;
/rime-za/astecki/ 1;
/rime-za/asteroid/ 1;
/rime-za/asteroidi/ 1;
/rime-za/asteroidni/ 1;
/rime-za/astigmatizam/ 1;
/rime-za/astma/ 1;
/rime-za/astmaticar/ 1;
/rime-za/astraganski/ 1;
/rime-za/astrahan/ 1;
/rime-za/astralni/ 1;
/rime-za/astri/ 1;
/rime-za/astrid/ 1;
/rime-za/astrofizicar/ 1;
/rime-za/astrofizika/ 1;
/rime-za/astrolab/ 1;
/rime-za/astrolog/ 1;
/rime-za/astrologija/ 1;
/rime-za/astroloski/ 1;
/rime-za/astronaut/ 1;
/rime-za/astronautika/ 1;
/rime-za/astronautkinja/ 1;
/rime-za/astronautski/ 1;
/rime-za/astronom/ 1;
/rime-za/astronomija/ 1;
/rime-za/astronomski/ 1;
/rime-za/asturije/ 1;
/rime-za/asura/ 1;
/rime-za/asure/ 1;
/rime-za/atak/ 1;
/rime-za/ataksija/ 1;
/rime-za/ataman/ 1;
/rime-za/atanackovic/ 1;
/rime-za/atanas/ 1;
/rime-za/atanasije/ 1;
/rime-za/atanasovic/ 1;
/rime-za/atar/ 1;
/rime-za/atari/ 1;
/rime-za/atase/ 1;
/rime-za/atavizam/ 1;
/rime-za/ateist/ 1;
/rime-za/ateista/ 1;
/rime-za/ateisticki/ 1;
/rime-za/ateizam/ 1;
/rime-za/atelje/ 1;
/rime-za/ateljevic/ 1;
/rime-za/atenjanka/ 1;
/rime-za/atenski/ 1;
/rime-za/atentat/ 1;
/rime-za/atentator/ 1;
/rime-za/aterirati/ 1;
/rime-za/atest/ 1;
/rime-za/aticki/ 1;
/rime-za/atila/ 1;
/rime-za/atinjanin/ 1;
/rime-za/atinjanka/ 1;
/rime-za/atinski/ 1;
/rime-za/atipican/ 1;
/rime-za/atlagic/ 1;
/rime-za/atlanta/ 1;
/rime-za/atlantida/ 1;
/rime-za/atlantis/ 1;
/rime-za/atlantski/ 1;
/rime-za/atlas/ 1;
/rime-za/atlasi/ 1;
/rime-za/atleta/ 1;
/rime-za/atleticar/ 1;
/rime-za/atleticari/ 1;
/rime-za/atleticarka/ 1;
/rime-za/atletika/ 1;
/rime-za/atletski/ 1;
/rime-za/atmosferski/ 1;
/rime-za/atol/ 1;
/rime-za/atom/ 1;
/rime-za/atomi/ 1;
/rime-za/atomista/ 1;
/rime-za/atomistika/ 1;
/rime-za/atomizam/ 1;
/rime-za/atomski/ 1;
/rime-za/atos/ 1;
/rime-za/atoski/ 1;
/rime-za/atrakcija/ 1;
/rime-za/atraktivan/ 1;
/rime-za/atraktivnost/ 1;
/rime-za/atribut/ 1;
/rime-za/atributivni/ 1;
/rime-za/atributski/ 1;
/rime-za/atrijum/ 1;
/rime-za/atrofija/ 1;
/rime-za/atropin/ 1;
/rime-za/auc/ 1;
/rime-za/audi/ 1;
/rime-za/audicija/ 1;
/rime-za/audijencija/ 1;
/rime-za/audio/ 1;
/rime-za/auditivan/ 1;
/rime-za/auditor/ 1;
/rime-za/auditorij/ 1;
/rime-za/auditorijum/ 1;
/rime-za/augmentativ/ 1;
/rime-za/august/ 1;
/rime-za/augustin/ 1;
/rime-za/aukcija/ 1;
/rime-za/aukcije/ 1;
/rime-za/aukcijski/ 1;
/rime-za/aukcionar/ 1;
/rime-za/aula/ 1;
/rime-za/aura/ 1;
/rime-za/aurelija/ 1;
/rime-za/aureol/ 1;
/rime-za/aureola/ 1;
/rime-za/aurora/ 1;
/rime-za/auspuh/ 1;
/rime-za/australac/ 1;
/rime-za/australijanac/ 1;
/rime-za/australijanski/ 1;
/rime-za/australijski/ 1;
/rime-za/australka/ 1;
/rime-za/australski/ 1;
/rime-za/austrijski/ 1;
/rime-za/austrougarski/ 1;
/rime-za/ausvic/ 1;
/rime-za/aut/ 1;
/rime-za/autentican/ 1;
/rime-za/autenticno/ 1;
/rime-za/autenticnost/ 1;
/rime-za/autentifikacija/ 1;
/rime-za/autic/ 1;
/rime-za/autici/ 1;
/rime-za/autistican/ 1;
/rime-za/autisticki/ 1;
/rime-za/autizam/ 1;
/rime-za/autobiografija/ 1;
/rime-za/autobus/ 1;
/rime-za/autobusi/ 1;
/rime-za/autobusni/ 1;
/rime-za/autodidakt/ 1;
/rime-za/autogol/ 1;
/rime-za/autograf/ 1;
/rime-za/autogram/ 1;
/rime-za/autoguma/ 1;
/rime-za/autohton/ 1;
/rime-za/autokrata/ 1;
/rime-za/autokratija/ 1;
/rime-za/automat/ 1;
/rime-za/automatik/ 1;
/rime-za/automatika/ 1;
/rime-za/automatizacija/ 1;
/rime-za/automatizovan/ 1;
/rime-za/automehanicar/ 1;
/rime-za/automobili/ 1;
/rime-za/automobilista/ 1;
/rime-za/automobilizam/ 1;
/rime-za/automobilski/ 1;
/rime-za/automonter/ 1;
/rime-za/autonomas/ 1;
/rime-za/autonomija/ 1;
/rime-za/autonomisticki/ 1;
/rime-za/autonomizam/ 1;
/rime-za/autonomnost/ 1;
/rime-za/autopilot/ 1;
/rime-za/autoportret/ 1;
/rime-za/autoprevoz/ 1;
/rime-za/autoprevoznik/ 1;
/rime-za/autopsija/ 1;
/rime-za/autoput/ 1;
/rime-za/autoputevi/ 1;
/rime-za/autorica/ 1;
/rime-za/autoritativan/ 1;
/rime-za/autoritet/ 1;
/rime-za/autorizacija/ 1;
/rime-za/autorizovati/ 1;
/rime-za/autorka/ 1;
/rime-za/autorski/ 1;
/rime-za/autorstvo/ 1;
/rime-za/autostoper/ 1;
/rime-za/autostoperka/ 1;
/rime-za/autostrada/ 1;
/rime-za/autotrka/ 1;
/rime-za/autsajder/ 1;
/rime-za/avaj/ 1;
/rime-za/aval/ 1;
/rime-za/avala/ 1;
/rime-za/avalista/ 1;
/rime-za/avalski/ 1;
/rime-za/avan/ 1;
/rime-za/avangarda/ 1;
/rime-za/avangardan/ 1;
/rime-za/avangardista/ 1;
/rime-za/avangardizam/ 1;
/rime-za/avangardni/ 1;
/rime-za/avani/ 1;
/rime-za/avans/ 1;
/rime-za/avansirati/ 1;
/rime-za/avantura/ 1;
/rime-za/avanture/ 1;
/rime-za/avanturist/ 1;
/rime-za/avanturista/ 1;
/rime-za/avanturisticki/ 1;
/rime-za/avanturistkinja/ 1;
/rime-za/avanzirati/ 1;
/rime-za/avanzman/ 1;
/rime-za/avanzovati/ 1;
/rime-za/avatar/ 1;
/rime-za/avaz/ 1;
/rime-za/avelj/ 1;
/rime-za/avenija/ 1;
/rime-za/avenije/ 1;
/rime-za/averzija/ 1;
/rime-za/avet/ 1;
/rime-za/aveti/ 1;
/rime-za/avetinja/ 1;
/rime-za/avetinjski/ 1;
/rime-za/avetni/ 1;
/rime-za/avganistanac/ 1;
/rime-za/avganistanski/ 1;
/rime-za/avgustin/ 1;
/rime-za/avijacija/ 1;
/rime-za/avijaticar/ 1;
/rime-za/avijatika/ 1;
/rime-za/avinjon/ 1;
/rime-za/avio/ 1;
/rime-za/aviokarta/ 1;
/rime-za/aviokompanija/ 1;
/rime-za/aviolinija/ 1;
/rime-za/avion/ 1;
/rime-za/avioncic/ 1;
/rime-za/avioni/ 1;
/rime-za/avionski/ 1;
/rime-za/avlija/ 1;
/rime-za/avlije/ 1;
/rime-za/avlijski/ 1;
/rime-za/avnoj/ 1;
/rime-za/avokada/ 1;
/rime-za/avokado/ 1;
/rime-za/avram/ 1;
/rime-za/avramovic/ 1;
/rime-za/azaleja/ 1;
/rime-za/azaric/ 1;
/rime-za/azbest/ 1;
/rime-za/azbestni/ 1;
/rime-za/azbucni/ 1;
/rime-za/azbucnik/ 1;
/rime-za/azbuka/ 1;
/rime-za/azbuke/ 1;
/rime-za/azdaha/ 1;
/rime-za/azdaja/ 1;
/rime-za/azdaje/ 1;
/rime-za/azdajski/ 1;
/rime-za/azerbejdzan/ 1;
/rime-za/azija/ 1;
/rime-za/azijat/ 1;
/rime-za/azijatski/ 1;
/rime-za/azijka/ 1;
/rime-za/azijski/ 1;
/rime-za/azil/ 1;
/rime-za/azilantski/ 1;
/rime-za/azimut/ 1;
/rime-za/azot/ 1;
/rime-za/azotara/ 1;
/rime-za/azotni/ 1;
/rime-za/azra/ 1;
/rime-za/azur/ 1;
/rime-za/azuran/ 1;
/rime-za/azuriranja/ 1;
/rime-za/azuriranje/ 1;
/rime-za/azurirati/ 1;
/rime-za/azurnost/ 1;
/rime-za/baba/ 1;
/rime-za/babac/ 1;
/rime-za/babajko/ 1;
/rime-za/babaroga/ 1;
/rime-za/babe/ 1;
/rime-za/babetina/ 1;
/rime-za/babica/ 1;
/rime-za/babilon/ 1;
/rime-za/babilonija/ 1;
/rime-za/babilonski/ 1;
/rime-za/babinje/ 1;
/rime-za/babovic/ 1;
/rime-za/babovina/ 1;
/rime-za/babula/ 1;
/rime-za/babun/ 1;
/rime-za/babura/ 1;
/rime-za/baburaca/ 1;
/rime-za/baburast/ 1;
/rime-za/babuska/ 1;
/rime-za/babuskera/ 1;
/rime-za/babusnica/ 1;
/rime-za/bacac/ 1;
/rime-za/bacacica/ 1;
/rime-za/bacajuci/ 1;
/rime-za/bacakajuci/ 1;
/rime-za/bacakanja/ 1;
/rime-za/bacakati/ 1;
/rime-za/bacani/ 1;
/rime-za/bacanja/ 1;
/rime-za/bacanje/ 1;
/rime-za/bacati/ 1;
/rime-za/bacih/ 1;
/rime-za/bacil/ 1;
/rime-za/bacise/ 1;
/rime-za/baciti/ 1;
/rime-za/baciv/ 1;
/rime-za/bacovic/ 1;
/rime-za/badanj/ 1;
/rime-za/badar/ 1;
/rime-za/badava/ 1;
/rime-za/badavadzija/ 1;
/rime-za/badavadzisanje/ 1;
/rime-za/badem/ 1;
/rime-za/bademantil/ 1;
/rime-za/bademi/ 1;
/rime-za/bademov/ 1;
/rime-za/badenter/ 1;
/rime-za/badminton/ 1;
/rime-za/badnjak/ 1;
/rime-za/badnje/ 1;
/rime-za/badric/ 1;
/rime-za/badrljak/ 1;
/rime-za/badza/ 1;
/rime-za/badzanak/ 1;
/rime-za/bafer/ 1;
/rime-za/bafet/ 1;
/rime-za/bag/ 1;
/rime-za/bagatela/ 1;
/rime-za/bagatelisanje/ 1;
/rime-za/bagatelisati/ 1;
/rime-za/bagav/ 1;
/rime-za/bagdad/ 1;
/rime-za/bagdala/ 1;
/rime-za/bager/ 1;
/rime-za/bagerista/ 1;
/rime-za/baget/ 1;
/rime-za/baglama/ 1;
/rime-za/baglame/ 1;
/rime-za/bagra/ 1;
/rime-za/bagrem/ 1;
/rime-za/bagremar/ 1;
/rime-za/bagremov/ 1;
/rime-za/bagremovi/ 1;
/rime-za/bah/ 1;
/rime-za/bahame/ 1;
/rime-za/bahanalija/ 1;
/rime-za/bahanalije/ 1;
/rime-za/bahat/ 1;
/rime-za/bahatost/ 1;
/rime-za/bahnuti/ 1;
/rime-za/baja/ 1;
/rime-za/bajac/ 1;
/rime-za/bajadera/ 1;
/rime-za/bajaga/ 1;
/rime-za/bajagic/ 1;
/rime-za/bajalac/ 1;
/rime-za/bajalica/ 1;
/rime-za/bajalice/ 1;
/rime-za/bajan/ 1;
/rime-za/bajanje/ 1;
/rime-za/bajat/ 1;
/rime-za/bajati/ 1;
/rime-za/bajatost/ 1;
/rime-za/bajatovic/ 1;
/rime-za/bajazit/ 1;
/rime-za/bajbok/ 1;
/rime-za/bajbokana/ 1;
/rime-za/bajbuk/ 1;
/rime-za/bajcetic/ 1;
/rime-za/bajcevic/ 1;
/rime-za/bajcic/ 1;
/rime-za/bajern/ 1;
/rime-za/bajevic/ 1;
/rime-za/bajford/ 1;
/rime-za/bajina/ 1;
/rime-za/bajk/ 1;
/rime-za/bajkal/ 1;
/rime-za/bajke/ 1;
/rime-za/bajkerka/ 1;
/rime-za/bajkic/ 1;
/rime-za/bajkonur/ 1;
/rime-za/bajkovic/ 1;
/rime-za/bajkovit/ 1;
/rime-za/bajmok/ 1;
/rime-za/bajno/ 1;
/rime-za/bajo/ 1;
/rime-za/bajonet/ 1;
/rime-za/bajoneta/ 1;
/rime-za/bajorski/ 1;
/rime-za/bajovic/ 1;
/rime-za/bajpas/ 1;
/rime-za/bajrak/ 1;
/rime-za/bajram/ 1;
/rime-za/bajramovic/ 1;
/rime-za/bajron/ 1;
/rime-za/bajronizam/ 1;
/rime-za/bajrovic/ 1;
/rime-za/bajrus/ 1;
/rime-za/bajt/ 1;
/rime-za/bak/ 1;
/rime-za/bakal/ 1;
/rime-za/bakalar/ 1;
/rime-za/bakalin/ 1;
/rime-za/bakalnica/ 1;
/rime-za/bakalnice/ 1;
/rime-za/bakalovic/ 1;
/rime-za/bakaluk/ 1;
/rime-za/bakandze/ 1;
/rime-za/bakar/ 1;
/rime-za/bakaran/ 1;
/rime-za/bakaric/ 1;
/rime-za/bakarna/ 1;
/rime-za/bakarni/ 1;
/rime-za/bakarno/ 1;
/rime-za/bakarski/ 1;
/rime-za/bakenbarde/ 1;
/rime-za/bakica/ 1;
/rime-za/baklava/ 1;
/rime-za/baklave/ 1;
/rime-za/baklja/ 1;
/rime-za/bakljada/ 1;
/rime-za/baklje/ 1;
/rime-za/bakonja/ 1;
/rime-za/bakovic/ 1;
/rime-za/bakrac/ 1;
/rime-za/bakraci/ 1;
/rime-za/bakracic/ 1;
/rime-za/bakraclija/ 1;
/rime-za/bakren/ 1;
/rime-za/bakreni/ 1;
/rime-za/bakri/ 1;
/rime-za/bakropis/ 1;
/rime-za/bakropisac/ 1;
/rime-za/bakrorez/ 1;
/rime-za/bakrorezi/ 1;
/rime-za/bakrorezni/ 1;
/rime-za/baksis/ 1;
/rime-za/baksuz/ 1;
/rime-za/baksuzan/ 1;
/rime-za/baksuzluk/ 1;
/rime-za/baktati/ 1;
/rime-za/bakterija/ 1;
/rime-za/bakterijski/ 1;
/rime-za/bakteriolog/ 1;
/rime-za/bakteriologija/ 1;
/rime-za/bakterioloski/ 1;
/rime-za/bakuta/ 1;
/rime-za/bal/ 1;
/rime-za/bala/ 1;
/rime-za/balaban/ 1;
/rime-za/balada/ 1;
