# GENERISANO (build/gen_pages.py, SEO-2): ?rec= → kanonikal strane reči
"abakus" "/rime-za/abakus/";
"abecedni" "/rime-za/abecedni/";
"aberacija" "/rime-za/aberacija/";
"abiturijent" "/rime-za/abiturijent/";
"ablaut" "/rime-za/ablaut/";
"abnormalan" "/rime-za/abnormalan/";
"abolicija" "/rime-za/abolicija/";
"aboniranje" "/rime-za/aboniranje/";
"abonos" "/rime-za/abonos/";
"aboridzin" "/rime-za/aboridzin/";
"aborid%C5%BEin" "/rime-za/aboridzin/";
"abracadabra" "/rime-za/abracadabra/";
"abrakadabra" "/rime-za/abrakadabra/";
"abramovic" "/rime-za/abramovic/";
"abramovi%C4%87" "/rime-za/abramovic/";
"abrasevic" "/rime-za/abrasevic/";
"abra%C5%A1evi%C4%87" "/rime-za/abrasevic/";
"acetat" "/rime-za/acetat/";
"ackovic" "/rime-za/ackovic/";
"ackovi%C4%87" "/rime-za/ackovic/";
"adaptirati" "/rime-za/adaptirati/";
"adasevic" "/rime-za/adasevic/";
"ada%C5%A1evi%C4%87" "/rime-za/adasevic/";
"adler" "/rime-za/adler/";
"adlesic" "/rime-za/adlesic/";
"adle%C5%A1i%C4%87" "/rime-za/adlesic/";
"admiral" "/rime-za/admiral/";
"adonis" "/rime-za/adonis/";
"adresa" "/rime-za/adresa/";
"adventista" "/rime-za/adventista/";
"aerobni" "/rime-za/aerobni/";
"aeroklub" "/rime-za/aeroklub/";
"aeromiting" "/rime-za/aeromiting/";
"aeronauticki" "/rime-za/aeronauticki/";
"aeronauti%C4%8Dki" "/rime-za/aeronauticki/";
"aeroplanski" "/rime-za/aeroplanski/";
"aerosol" "/rime-za/aerosol/";
"afera" "/rime-za/afera/";
"afganistanka" "/rime-za/afganistanka/";
"afirmacija" "/rime-za/afirmacija/";
"afrodita" "/rime-za/afrodita/";
"agata" "/rime-za/agata/";
"age" "/rime-za/age/";
"agencija" "/rime-za/agencija/";
"agens" "/rime-za/agens/";
"agent" "/rime-za/agent/";
"agilnost" "/rime-za/agilnost/";
"agitprop" "/rime-za/agitprop/";
"aglomerat" "/rime-za/aglomerat/";
"agrar" "/rime-za/agrar/";
"agregat" "/rime-za/agregat/";
"agregatni" "/rime-za/agregatni/";
"agresor" "/rime-za/agresor/";
"agresorski" "/rime-za/agresorski/";
"agrum" "/rime-za/agrum/";
"ajatolah" "/rime-za/ajatolah/";
"ajdacic" "/rime-za/ajdacic/";
"ajda%C4%87i%C4%87" "/rime-za/ajdacic/";
"ajgir" "/rime-za/ajgir/";
"ajkule" "/rime-za/ajkule/";
"akacija" "/rime-za/akacija/";
"akademski" "/rime-za/akademski/";
"akcenti" "/rime-za/akcenti/";
"akcesija" "/rime-za/akcesija/";
"akcesioni" "/rime-za/akcesioni/";
"akcija" "/rime-za/akcija/";
"akcije" "/rime-za/akcije/";
"akcionar" "/rime-za/akcionar/";
"akcionarski" "/rime-za/akcionarski/";
"akcioni" "/rime-za/akcioni/";
"ako" "/rime-za/ako/";
"akt" "/rime-za/akt/";
"aktivnost" "/rime-za/aktivnost/";
"aktivnosti" "/rime-za/aktivnosti/";
"albanija" "/rime-za/albanija/";
"alzir" "/rime-za/alzir/";
"al%C5%BEir" "/rime-za/alzir/";
"amandman" "/rime-za/amandman/";
"ambasador" "/rime-za/ambasador/";
"amsterdam" "/rime-za/amsterdam/";
"analiza" "/rime-za/analiza/";
"anastasija" "/rime-za/anastasija/";
"andjeo" "/rime-za/andjeo/";
"an%C4%91eo" "/rime-za/andjeo/";
"angola" "/rime-za/angola/";
"antifona" "/rime-za/antifona/";
"aparat" "/rime-za/aparat/";
"aplikacija" "/rime-za/aplikacija/";
"april" "/rime-za/april/";
"argentina" "/rime-za/argentina/";
"asocijacija" "/rime-za/asocijacija/";
"atina" "/rime-za/atina/";
"atmosfera" "/rime-za/atmosfera/";
"australija" "/rime-za/australija/";
"austrija" "/rime-za/austrija/";
"auto" "/rime-za/auto/";
"automatski" "/rime-za/automatski/";
"automobil" "/rime-za/automobil/";
"autor" "/rime-za/autor/";
"avganistan" "/rime-za/avganistan/";
"avgust" "/rime-za/avgust/";
"baba" "/rime-za/baba/";
"bajka" "/rime-za/bajka/";
"baka" "/rime-za/baka/";
"balon" "/rime-za/balon/";
"bangkok" "/rime-za/bangkok/";
"banka" "/rime-za/banka/";
"bar" "/rime-za/bar/";
"barem" "/rime-za/barem/";
"barselona" "/rime-za/barselona/";
"bas" "/rime-za/bas/";
"baviti" "/rime-za/baviti/";
"baza" "/rime-za/baza/";
"bazen" "/rime-za/bazen/";
"beba" "/rime-za/beba/";
"bebe" "/rime-za/bebe/";
"bec" "/rime-za/bec/";
"be%C4%8D" "/rime-za/bec/";
"belgija" "/rime-za/belgija/";
"belorusija" "/rime-za/belorusija/";
"bend" "/rime-za/bend/";
"beograd" "/rime-za/beograd/";
"beogradski" "/rime-za/beogradski/";
"berlin" "/rime-za/berlin/";
"besplatan" "/rime-za/besplatan/";
"beta" "/rime-za/beta/";
"bezbednost" "/rime-za/bezbednost/";
"biblioteka" "/rime-za/biblioteka/";
"bice" "/rime-za/bice/";
"bi%C4%87e" "/rime-za/bice/";
"biser" "/rime-za/biser/";
"bitan" "/rime-za/bitan/";
"bitno" "/rime-za/bitno/";
"bivsi" "/rime-za/bivsi/";
"biv%C5%A1i" "/rime-za/bivsi/";
"blago" "/rime-za/blago/";
"blizi" "/rime-za/blizi/";
"bli%C5%BEi" "/rime-za/blizi/";
"blizu" "/rime-za/blizu/";
"blog" "/rime-za/blog/";
"bogat" "/rime-za/bogat/";
"bogatstvo" "/rime-za/bogatstvo/";
"boja" "/rime-za/boja/";
"boje" "/rime-za/boje/";
"bol" "/rime-za/bol/";
"bolest" "/rime-za/bolest/";
"bolesti" "/rime-za/bolesti/";
"bolivija" "/rime-za/bolivija/";
"bolje" "/rime-za/bolje/";
"bolji" "/rime-za/bolji/";
"bor" "/rime-za/bor/";
"boravak" "/rime-za/boravak/";
"borba" "/rime-za/borba/";
"borbe" "/rime-za/borbe/";
"bore" "/rime-za/bore/";
"boston" "/rime-za/boston/";
"brak" "/rime-za/brak/";
"brane" "/rime-za/brane/";
"brat" "/rime-za/brat/";
"brata" "/rime-za/brata/";
"brazil" "/rime-za/brazil/";
"briga" "/rime-za/briga/";
"brisel" "/rime-za/brisel/";
"britanski" "/rime-za/britanski/";
"brod" "/rime-za/brod/";
"broj" "/rime-za/broj/";
"brze" "/rime-za/brze/";
"br%C5%BEe" "/rime-za/brze/";
"brzina" "/rime-za/brzina/";
"brzo" "/rime-za/brzo/";
"bubanj" "/rime-za/bubanj/";
"budimpesta" "/rime-za/budimpesta/";
"budimpe%C5%A1ta" "/rime-za/budimpesta/";
"buducnost" "/rime-za/buducnost/";
"budu%C4%87nost" "/rime-za/buducnost/";
"bugarska" "/rime-za/bugarska/";
"bukvalno" "/rime-za/bukvalno/";
"cacak" "/rime-za/cacak/";
"%C4%8Da%C4%8Dak" "/rime-za/cacak/";
"caj" "/rime-za/caj/";
"%C4%8Daj" "/rime-za/caj/";
"car" "/rime-za/car/";
"carstvo" "/rime-za/carstvo/";
"cas" "/rime-za/cas/";
"%C4%8Das" "/rime-za/cas/";
"casopis" "/rime-za/casopis/";
"%C4%8Dasopis" "/rime-za/casopis/";
"cast" "/rime-za/cast/";
"%C4%8Dast" "/rime-za/cast/";
"cedo" "/rime-za/cedo/";
"%C4%8Dedo" "/rime-za/cedo/";
"ceka" "/rime-za/ceka/";
"%C4%8Deka" "/rime-za/ceka/";
"celija" "/rime-za/celija/";
"%C4%87elija" "/rime-za/celija/";
"centar" "/rime-za/centar/";
"ceo" "/rime-za/ceo/";
"cerka" "/rime-za/cerka/";
"%C4%87erka" "/rime-za/cerka/";
"cesce" "/rime-za/cesce/";
"%C4%8De%C5%A1%C4%87e" "/rime-za/cesce/";
"ceska" "/rime-za/ceska/";
"%C4%8De%C5%A1ka" "/rime-za/ceska/";
"cesto" "/rime-za/cesto/";
"%C4%8Desto" "/rime-za/cesto/";
"cetvrtak" "/rime-za/cetvrtak/";
"%C4%8Detvrtak" "/rime-za/cetvrtak/";
"cetvrti" "/rime-za/cetvrti/";
"%C4%8Detvrti" "/rime-za/cetvrti/";
"cevi" "/rime-za/cevi/";
"ceznja" "/rime-za/ceznja/";
"%C4%8De%C5%BEnja" "/rime-za/ceznja/";
"cikago" "/rime-za/cikago/";
"%C4%8Dikago" "/rime-za/cikago/";
"ciklus" "/rime-za/ciklus/";
"cile" "/rime-za/cile/";
"%C4%8Dile" "/rime-za/cile/";
"cilj" "/rime-za/cilj/";
"cini" "/rime-za/cini/";
"%C4%8Dini" "/rime-za/cini/";
"ciniti" "/rime-za/ciniti/";
"%C4%8Diniti" "/rime-za/ciniti/";
"cinjenica" "/rime-za/cinjenica/";
"%C4%8Dinjenica" "/rime-za/cinjenica/";
"cinjenice" "/rime-za/cinjenice/";
"%C4%8Dinjenice" "/rime-za/cinjenice/";
"ciscenje" "/rime-za/ciscenje/";
"%C4%8Di%C5%A1%C4%87enje" "/rime-za/ciscenje/";
"cist" "/rime-za/cist/";
"%C4%8Dist" "/rime-za/cist/";
"cisto" "/rime-za/cisto/";
"%C4%8Disto" "/rime-za/cisto/";
"citav" "/rime-za/citav/";
"%C4%8Ditav" "/rime-za/citav/";
"clan" "/rime-za/clan/";
"%C4%8Dlan" "/rime-za/clan/";
"clanak" "/rime-za/clanak/";
"%C4%8Dlanak" "/rime-za/clanak/";
"clanica" "/rime-za/clanica/";
"%C4%8Dlanica" "/rime-za/clanica/";
"clanovi" "/rime-za/clanovi/";
"%C4%8Dlanovi" "/rime-za/clanovi/";
"clanstvo" "/rime-za/clanstvo/";
"%C4%8Dlanstvo" "/rime-za/clanstvo/";
"cokolada" "/rime-za/cokolada/";
"%C4%8Dokolada" "/rime-za/cokolada/";
"covek" "/rime-za/covek/";
"%C4%8Dovek" "/rime-za/covek/";
"crkva" "/rime-za/crkva/";
"crkve" "/rime-za/crkve/";
"cuda" "/rime-za/cuda/";
"%C4%8Duda" "/rime-za/cuda/";
"cudo" "/rime-za/cudo/";
"%C4%8Dudo" "/rime-za/cudo/";
"cula" "/rime-za/cula/";
"%C4%8Dula" "/rime-za/cula/";
"cuti" "/rime-za/cuti/";
"%C4%8Duti" "/rime-za/cuti/";
"cvet" "/rime-za/cvet/";
"dablin" "/rime-za/dablin/";
"dah" "/rime-za/dah/";
"daleko" "/rime-za/daleko/";
"dalje" "/rime-za/dalje/";
"daljina" "/rime-za/daljina/";
"dan" "/rime-za/dan/";
"danas" "/rime-za/danas/";
"danasnji" "/rime-za/danasnji/";
"dana%C5%A1nji" "/rime-za/danasnji/";
"dani" "/rime-za/dani/";
"danska" "/rime-za/danska/";
"dar" "/rime-za/dar/";
"dati" "/rime-za/dati/";
"datum" "/rime-za/datum/";
"davanja" "/rime-za/davanja/";
"davanje" "/rime-za/davanje/";
"deca" "/rime-za/deca/";
"decembar" "/rime-za/decembar/";
"decenija" "/rime-za/decenija/";
"deficit" "/rime-za/deficit/";
"definitivno" "/rime-za/definitivno/";
"dejstvo" "/rime-za/dejstvo/";
"deka" "/rime-za/deka/";
"dela" "/rime-za/dela/";
"delatnost" "/rime-za/delatnost/";
"delegacija" "/rime-za/delegacija/";
"delhi" "/rime-za/delhi/";
"delimicno" "/rime-za/delimicno/";
"delimi%C4%8Dno" "/rime-za/delimicno/";
"delo" "/rime-za/delo/";
"delom" "/rime-za/delom/";
"delovanja" "/rime-za/delovanja/";
"delovanje" "/rime-za/delovanje/";
"delta" "/rime-za/delta/";
"demokratija" "/rime-za/demokratija/";
"demokratski" "/rime-za/demokratski/";
"deo" "/rime-za/deo/";
"desavanja" "/rime-za/desavanja/";
"de%C5%A1avanja" "/rime-za/desavanja/";
"desetina" "/rime-za/desetina/";
"desiti" "/rime-za/desiti/";
"desno" "/rime-za/desno/";
"dete" "/rime-za/dete/";
"devojcica" "/rime-za/devojcica/";
"devoj%C4%8Dica" "/rime-za/devojcica/";
"devojka" "/rime-za/devojka/";
"devojke" "/rime-za/devojke/";
"dijalog" "/rime-za/dijalog/";
"dijamant" "/rime-za/dijamant/";
"dimenzija" "/rime-za/dimenzija/";
"din" "/rime-za/din/";
"dinar" "/rime-za/dinar/";
"dio" "/rime-za/dio/";
"direktor" "/rime-za/direktor/";
"disciplina" "/rime-za/disciplina/";
"djavo" "/rime-za/djavo/";
"%C4%91avo" "/rime-za/djavo/";
"dlan" "/rime-za/dlan/";
"dnevni" "/rime-za/dnevni/";
"dnevnik" "/rime-za/dnevnik/";
"doba" "/rime-za/doba/";
"dobar" "/rime-za/dobar/";
"dobijanje" "/rime-za/dobijanje/";
"dobit" "/rime-za/dobit/";
"dobiti" "/rime-za/dobiti/";
"dobro" "/rime-za/dobro/";
"doci" "/rime-za/doci/";
"do%C4%87i" "/rime-za/doci/";
"dodatak" "/rime-za/dodatak/";
"dodati" "/rime-za/dodati/";
"dodatni" "/rime-za/dodatni/";
"dodir" "/rime-za/dodir/";
"doduse" "/rime-za/doduse/";
"dodu%C5%A1e" "/rime-za/doduse/";
"dogadjaj" "/rime-za/dogadjaj/";
"doga%C4%91aj" "/rime-za/dogadjaj/";
"dogadjaji" "/rime-za/dogadjaji/";
"doga%C4%91aji" "/rime-za/dogadjaji/";
"dokaz" "/rime-za/dokaz/";
"dokle" "/rime-za/dokle/";
"doktor" "/rime-za/doktor/";
"dokument" "/rime-za/dokument/";
"dolazak" "/rime-za/dolazak/";
"dole" "/rime-za/dole/";
"dom" "/rime-za/dom/";
"doma" "/rime-za/doma/";
"domaci" "/rime-za/domaci/";
"doma%C4%87i" "/rime-za/domaci/";
"domacin" "/rime-za/domacin/";
"doma%C4%87in" "/rime-za/domacin/";
"donekle" "/rime-za/donekle/";
"doneti" "/rime-za/doneti/";
"doprinos" "/rime-za/doprinos/";
"doprinosi" "/rime-za/doprinosi/";
"dosad" "/rime-za/dosad/";
"dosta" "/rime-za/dosta/";
"dostupan" "/rime-za/dostupan/";
"dovesti" "/rime-za/dovesti/";
"dovoljan" "/rime-za/dovoljan/";
"dovoljno" "/rime-za/dovoljno/";
"dozvola" "/rime-za/dozvola/";
"dozvoliti" "/rime-za/dozvoliti/";
"draga" "/rime-za/draga/";
"dragi" "/rime-za/dragi/";
"drago" "/rime-za/drago/";
"drasticno" "/rime-za/drasticno/";
"drasti%C4%8Dno" "/rime-za/drasticno/";
"droga" "/rime-za/droga/";
"drug" "/rime-za/drug/";
"drugacije" "/rime-za/drugacije/";
"druga%C4%8Dije" "/rime-za/drugacije/";
"drugaciji" "/rime-za/drugaciji/";
"druga%C4%8Diji" "/rime-za/drugaciji/";
"drugarica" "/rime-za/drugarica/";
"drugi" "/rime-za/drugi/";
"drugo" "/rime-za/drugo/";
"drustva" "/rime-za/drustva/";
"dru%C5%A1tva" "/rime-za/drustva/";
"drustveni" "/rime-za/drustveni/";
"dru%C5%A1tveni" "/rime-za/drustveni/";
"drustveno" "/rime-za/drustveno/";
"dru%C5%A1tveno" "/rime-za/drustveno/";
"drustvo" "/rime-za/drustvo/";
"dru%C5%A1tvo" "/rime-za/drustvo/";
"drvo" "/rime-za/drvo/";
"drzati" "/rime-za/drzati/";
"dr%C5%BEati" "/rime-za/drzati/";
"drzava" "/rime-za/drzava/";
"dr%C5%BEava" "/rime-za/drzava/";
"drzave" "/rime-za/drzave/";
"dr%C5%BEave" "/rime-za/drzave/";
"dug" "/rime-za/dug/";
"duga" "/rime-za/duga/";
"duge" "/rime-za/duge/";
"dugo" "/rime-za/dugo/";
"duh" "/rime-za/duh/";
"dusa" "/rime-za/dusa/";
"du%C5%A1a" "/rime-za/dusa/";
"duzan" "/rime-za/duzan/";
"du%C5%BEan" "/rime-za/duzan/";
"duzi" "/rime-za/duzi/";
"du%C5%BEi" "/rime-za/duzi/";
"duzina" "/rime-za/duzina/";
"du%C5%BEina" "/rime-za/duzina/";
"duzine" "/rime-za/duzine/";
"du%C5%BEine" "/rime-za/duzine/";
"duznost" "/rime-za/duznost/";
"du%C5%BEnost" "/rime-za/duznost/";
"duznosti" "/rime-za/duznosti/";
"du%C5%BEnosti" "/rime-za/duznosti/";
"dvojica" "/rime-za/dvojica/";
"efekti" "/rime-za/efekti/";
"efikasno" "/rime-za/efikasno/";
"efikasnost" "/rime-za/efikasnost/";
"egipat" "/rime-za/egipat/";
"ekipa" "/rime-za/ekipa/";
"ekoloski" "/rime-za/ekoloski/";
"ekolo%C5%A1ki" "/rime-za/ekoloski/";
"ekonomija" "/rime-za/ekonomija/";
"ekonomski" "/rime-za/ekonomski/";
"ekran" "/rime-za/ekran/";
"ekvador" "/rime-za/ekvador/";
"elementi" "/rime-za/elementi/";
"elita" "/rime-za/elita/";
"emisija" "/rime-za/emisija/";
"emocije" "/rime-za/emocije/";
"energija" "/rime-za/energija/";
"engleski" "/rime-za/engleski/";
"estonija" "/rime-za/estonija/";
"etiopija" "/rime-za/etiopija/";
"evropski" "/rime-za/evropski/";
"fabrika" "/rime-za/fabrika/";
"fabrike" "/rime-za/fabrike/";
"faktor" "/rime-za/faktor/";
"fakultet" "/rime-za/fakultet/";
"faza" "/rime-za/faza/";
"februar" "/rime-za/februar/";
"festival" "/rime-za/festival/";
"filipini" "/rime-za/filipini/";
"finale" "/rime-za/finale/";
"finansije" "/rime-za/finansije/";
"finansijski" "/rime-za/finansijski/";
"finska" "/rime-za/finska/";
"firenca" "/rime-za/firenca/";
"fond" "/rime-za/fond/";
"formalno" "/rime-za/formalno/";
"forme" "/rime-za/forme/";
"foto" "/rime-za/foto/";
"fotografija" "/rime-za/fotografija/";
"francuska" "/rime-za/francuska/";
"fudbal" "/rime-za/fudbal/";
"funkcija" "/rime-za/funkcija/";
"funkcije" "/rime-za/funkcije/";
"funkcionisanje" "/rime-za/funkcionisanje/";
"garancija" "/rime-za/garancija/";
"garancije" "/rime-za/garancije/";
"gas" "/rime-za/gas/";
"generacija" "/rime-za/generacija/";
"general" "/rime-za/general/";
"generalni" "/rime-za/generalni/";
"generalno" "/rime-za/generalno/";
"gimnazije" "/rime-za/gimnazije/";
"gitara" "/rime-za/gitara/";
"glas" "/rime-za/glas/";
"glasanje" "/rime-za/glasanje/";
"glava" "/rime-za/glava/";
"glavni" "/rime-za/glavni/";
"glavom" "/rime-za/glavom/";
"gledati" "/rime-za/gledati/";
"glumac" "/rime-za/glumac/";
"glumica" "/rime-za/glumica/";
"godina" "/rime-za/godina/";
"godine" "/rime-za/godine/";
"godisnji" "/rime-za/godisnji/";
"godi%C5%A1nji" "/rime-za/godisnji/";
"gol" "/rime-za/gol/";
"golub" "/rime-za/golub/";
"gora" "/rime-za/gora/";
"gore" "/rime-za/gore/";
"gorivo" "/rime-za/gorivo/";
"gospodin" "/rime-za/gospodin/";
"gospodja" "/rime-za/gospodja/";
"gospo%C4%91a" "/rime-za/gospodja/";
"gost" "/rime-za/gost/";
"gotovo" "/rime-za/gotovo/";
"govor" "/rime-za/govor/";
"govori" "/rime-za/govori/";
"govoriti" "/rime-za/govoriti/";
"grad" "/rime-za/grad/";
"gradjanin" "/rime-za/gradjanin/";
"gra%C4%91anin" "/rime-za/gradjanin/";
"gradonacelnik" "/rime-za/gradonacelnik/";
"gradona%C4%8Delnik" "/rime-za/gradonacelnik/";
"gradski" "/rime-za/gradski/";
"granica" "/rime-za/granica/";
"grcka" "/rime-za/grcka/";
"gr%C4%8Dka" "/rime-za/grcka/";
"greh" "/rime-za/greh/";
"grejanje" "/rime-za/grejanje/";
"greska" "/rime-za/greska/";
"gre%C5%A1ka" "/rime-za/greska/";
"grlo" "/rime-za/grlo/";
"grozdje" "/rime-za/grozdje/";
"gro%C5%BE%C4%91e" "/rime-za/grozdje/";
"grudi" "/rime-za/grudi/";
"grupa" "/rime-za/grupa/";
"gubitak" "/rime-za/gubitak/";
"hamburg" "/rime-za/hamburg/";
"havana" "/rime-za/havana/";
"helsinki" "/rime-za/helsinki/";
"hitno" "/rime-za/hitno/";
"hleb" "/rime-za/hleb/";
"holandija" "/rime-za/holandija/";
"hotel" "/rime-za/hotel/";
"hram" "/rime-za/hram/";
"hrana" "/rime-za/hrana/";
"hrvatska" "/rime-za/hrvatska/";
"hrvatski" "/rime-za/hrvatski/";
"hvala" "/rime-za/hvala/";
"ici" "/rime-za/ici/";
"i%C4%87i" "/rime-za/ici/";
"idealan" "/rime-za/idealan/";
"idealno" "/rime-za/idealno/";
"ideja" "/rime-za/ideja/";
"ideje" "/rime-za/ideje/";
"identitet" "/rime-za/identitet/";
"igra" "/rime-za/igra/";
"igrac" "/rime-za/igrac/";
"igra%C4%8D" "/rime-za/igrac/";
"igraci" "/rime-za/igraci/";
"igra%C4%8Di" "/rime-za/igraci/";
"igracka" "/rime-za/igracka/";
"igra%C4%8Dka" "/rime-za/igracka/";
"igrati" "/rime-za/igrati/";
"ikad" "/rime-za/ikad/";
"imati" "/rime-za/imati/";
"ime" "/rime-za/ime/";
"imena" "/rime-za/imena/";
"imovina" "/rime-za/imovina/";
"inace" "/rime-za/inace/";
"ina%C4%8De" "/rime-za/inace/";
"indeks" "/rime-za/indeks/";
"indija" "/rime-za/indija/";
"indonezija" "/rime-za/indonezija/";
"industrija" "/rime-za/industrija/";
"infekcija" "/rime-za/infekcija/";
"informacija" "/rime-za/informacija/";
"inicijativa" "/rime-za/inicijativa/";
"institucija" "/rime-za/institucija/";
"institut" "/rime-za/institut/";
"integracija" "/rime-za/integracija/";
"interes" "/rime-za/interes/";
"interesovanje" "/rime-za/interesovanje/";
"internet" "/rime-za/internet/";
"investicija" "/rime-za/investicija/";
"ionako" "/rime-za/ionako/";
"ipak" "/rime-za/ipak/";
"irak" "/rime-za/irak/";
"iran" "/rime-za/iran/";
"irska" "/rime-za/irska/";
"ishod" "/rime-za/ishod/";
"ishrana" "/rime-za/ishrana/";
"iskljucivo" "/rime-za/iskljucivo/";
"isklju%C4%8Divo" "/rime-za/iskljucivo/";
"iskoristiti" "/rime-za/iskoristiti/";
"iskreno" "/rime-za/iskreno/";
"iskustva" "/rime-za/iskustva/";
"iskustvo" "/rime-za/iskustvo/";
"island" "/rime-za/island/";
"ispit" "/rime-za/ispit/";
"ispitivanja" "/rime-za/ispitivanja/";
"ispitivanje" "/rime-za/ispitivanje/";
"istanbul" "/rime-za/istanbul/";
"isti" "/rime-za/isti/";
"istina" "/rime-za/istina/";
"istine" "/rime-za/istine/";
"istinski" "/rime-za/istinski/";
"isto" "/rime-za/isto/";
"istorija" "/rime-za/istorija/";
"istorije" "/rime-za/istorije/";
"istorijski" "/rime-za/istorijski/";
"istovremeno" "/rime-za/istovremeno/";
"istraga" "/rime-za/istraga/";
"istrazivanje" "/rime-za/istrazivanje/";
"istra%C5%BEivanje" "/rime-za/istrazivanje/";
"italija" "/rime-za/italija/";
"italijanski" "/rime-za/italijanski/";
"izabran" "/rime-za/izabran/";
"izaci" "/rime-za/izaci/";
"iza%C4%87i" "/rime-za/izaci/";
"izbor" "/rime-za/izbor/";
"izbori" "/rime-za/izbori/";
"izdanje" "/rime-za/izdanje/";
"izdavanje" "/rime-za/izdavanje/";
"izgled" "/rime-za/izgled/";
"izgleda" "/rime-za/izgleda/";
"izjava" "/rime-za/izjava/";
"izjave" "/rime-za/izjave/";
"izlaz" "/rime-za/izlaz/";
"izlazak" "/rime-za/izlazak/";
"izlazi" "/rime-za/izlazi/";
"izmena" "/rime-za/izmena/";
"iznenada" "/rime-za/iznenada/";
"iznenadjenje" "/rime-za/iznenadjenje/";
"iznena%C4%91enje" "/rime-za/iznenadjenje/";
"iznos" "/rime-za/iznos/";
"izrada" "/rime-za/izrada/";
"izrael" "/rime-za/izrael/";
"izraz" "/rime-za/izraz/";
"izuzetno" "/rime-za/izuzetno/";
"izvestaj" "/rime-za/izvestaj/";
"izve%C5%A1taj" "/rime-za/izvestaj/";
"izvodi" "/rime-za/izvodi/";
"izvodjenje" "/rime-za/izvodjenje/";
"izvo%C4%91enje" "/rime-za/izvodjenje/";
"izvor" "/rime-za/izvor/";
"izvoz" "/rime-za/izvoz/";
"izvrsiti" "/rime-za/izvrsiti/";
"izvr%C5%A1iti" "/rime-za/izvrsiti/";
"jabuka" "/rime-za/jabuka/";
"jada" "/rime-za/jada/";
"jagoda" "/rime-za/jagoda/";
"jaja" "/rime-za/jaja/";
"jak" "/rime-za/jak/";
"jako" "/rime-za/jako/";
"jamajka" "/rime-za/jamajka/";
"januar" "/rime-za/januar/";
"japan" "/rime-za/japan/";
"jasan" "/rime-za/jasan/";
"jasno" "/rime-za/jasno/";
"java" "/rime-za/java/";
"javni" "/rime-za/javni/";
"javno" "/rime-za/javno/";
"javnost" "/rime-za/javnost/";
"jedini" "/rime-za/jedini/";
"jedinica" "/rime-za/jedinica/";
"jedinice" "/rime-za/jedinice/";
"jedino" "/rime-za/jedino/";
"jedinstven" "/rime-za/jedinstven/";
"jedinstvo" "/rime-za/jedinstvo/";
"jednostavan" "/rime-za/jednostavan/";
"jednostavno" "/rime-za/jednostavno/";
"jedva" "/rime-za/jedva/";
"jeka" "/rime-za/jeka/";
"jela" "/rime-za/jela/";
"jesen" "/rime-za/jesen/";
"jezero" "/rime-za/jezero/";
"jezik" "/rime-za/jezik/";
"jordan" "/rime-za/jordan/";
"jos" "/rime-za/jos/";
"jo%C5%A1" "/rime-za/jos/";
"juce" "/rime-za/juce/";
"ju%C4%8De" "/rime-za/juce/";
"jun" "/rime-za/jun/";
"jutra" "/rime-za/jutra/";
"jutro" "/rime-za/jutro/";
"jutros" "/rime-za/jutros/";
"kada" "/rime-za/kada/";
"kafa" "/rime-za/kafa/";
"kafe" "/rime-za/kafe/";
"kairo" "/rime-za/kairo/";
"kajanje" "/rime-za/kajanje/";
"kamata" "/rime-za/kamata/";
"kamen" "/rime-za/kamen/";
"kamera" "/rime-za/kamera/";
"kampanja" "/rime-za/kampanja/";
"kanada" "/rime-za/kanada/";
"kanal" "/rime-za/kanal/";
"kancelarija" "/rime-za/kancelarija/";
"kandidat" "/rime-za/kandidat/";
"kapacitet" "/rime-za/kapacitet/";
"kapital" "/rime-za/kapital/";
"karakter" "/rime-za/karakter/";
"karakteristika" "/rime-za/karakteristika/";
"karta" "/rime-za/karta/";
"karte" "/rime-za/karte/";
"kartica" "/rime-za/kartica/";
"kasno" "/rime-za/kasno/";
"kategorija" "/rime-za/kategorija/";
"kazahstan" "/rime-za/kazahstan/";
"kazna" "/rime-za/kazna/";
"kazne" "/rime-za/kazne/";
"kejptaun" "/rime-za/kejptaun/";
"kenija" "/rime-za/kenija/";
"kijev" "/rime-za/kijev/";
"kim" "/rime-za/kim/";
"kina" "/rime-za/kina/";
"kisa" "/rime-za/kisa/";
"ki%C5%A1a" "/rime-za/kisa/";
"klasa" "/rime-za/klasa/";
"klima" "/rime-za/klima/";
"kljucni" "/rime-za/kljucni/";
"klju%C4%8Dni" "/rime-za/kljucni/";
"klub" "/rime-za/klub/";
"knjiga" "/rime-za/knjiga/";
"knjige" "/rime-za/knjige/";
"knjizevnost" "/rime-za/knjizevnost/";
"knji%C5%BEevnost" "/rime-za/knjizevnost/";
"koalicija" "/rime-za/koalicija/";
"kola" "/rime-za/kola/";
"kolac" "/rime-za/kolac/";
"kola%C4%8D" "/rime-za/kolac/";
"kolena" "/rime-za/kolena/";
"kolicina" "/rime-za/kolicina/";
"koli%C4%8Dina" "/rime-za/kolicina/";
"koliko" "/rime-za/koliko/";
"kolo" "/rime-za/kolo/";
"kolumbija" "/rime-za/kolumbija/";
"komad" "/rime-za/komad/";
"kombinacija" "/rime-za/kombinacija/";
"komentar" "/rime-za/komentar/";
"komisija" "/rime-za/komisija/";
"komora" "/rime-za/komora/";
"kompanija" "/rime-za/kompanija/";
"kompleks" "/rime-za/kompleks/";
"kompletan" "/rime-za/kompletan/";
"kompletno" "/rime-za/kompletno/";
"komsija" "/rime-za/komsija/";
"kom%C5%A1ija" "/rime-za/komsija/";
"komunikacija" "/rime-za/komunikacija/";
"konacno" "/rime-za/konacno/";
"kona%C4%8Dno" "/rime-za/konacno/";
"koncert" "/rime-za/koncert/";
"konferencija" "/rime-za/konferencija/";
"konkretno" "/rime-za/konkretno/";
"konkurencija" "/rime-za/konkurencija/";
"konstantno" "/rime-za/konstantno/";
"kontakt" "/rime-za/kontakt/";
"kontrole" "/rime-za/kontrole/";
"kopenhagen" "/rime-za/kopenhagen/";
"korak" "/rime-za/korak/";
"koreja" "/rime-za/koreja/";
"korisnik" "/rime-za/korisnik/";
"korisno" "/rime-za/korisno/";
"korist" "/rime-za/korist/";
"kosa" "/rime-za/kosa/";
"kose" "/rime-za/kose/";
"kosti" "/rime-za/kosti/";
"koza" "/rime-za/koza/";
"ko%C5%BEa" "/rime-za/koza/";
"kragujevac" "/rime-za/kragujevac/";
"kraj" "/rime-za/kraj/";
"kralj" "/rime-za/kralj/";
"kraljica" "/rime-za/kraljica/";
"kratak" "/rime-za/kratak/";
"kredit" "/rime-za/kredit/";
"krenuti" "/rime-za/krenuti/";
"kretanja" "/rime-za/kretanja/";
"kretanje" "/rime-za/kretanje/";
"krila" "/rime-za/krila/";
"kriminal" "/rime-za/kriminal/";
"kritika" "/rime-za/kritika/";
"kriv" "/rime-za/kriv/";
"krivica" "/rime-za/krivica/";
"krivicno" "/rime-za/krivicno/";
"krivi%C4%8Dno" "/rime-za/krivicno/";
"kriza" "/rime-za/kriza/";
"krov" "/rime-za/krov/";
"krst" "/rime-za/krst/";
"krug" "/rime-za/krug/";
"kruna" "/rime-za/kruna/";
"krusevac" "/rime-za/krusevac/";
"kru%C5%A1evac" "/rime-za/krusevac/";
"kruska" "/rime-za/kruska/";
"kru%C5%A1ka" "/rime-za/kruska/";
"krvi" "/rime-za/krvi/";
"kuba" "/rime-za/kuba/";
"kuca" "/rime-za/kuca/";
"ku%C4%87a" "/rime-za/kuca/";
"kuce" "/rime-za/kuce/";
"ku%C4%87e" "/rime-za/kuce/";
"kuci" "/rime-za/kuci/";
"ku%C4%87i" "/rime-za/kuci/";
"kucica" "/rime-za/kucica/";
"ku%C4%87ica" "/rime-za/kucica/";
"kultura" "/rime-za/kultura/";
"kulturno" "/rime-za/kulturno/";
"kupa" "/rime-za/kupa/";
"kupac" "/rime-za/kupac/";
"kupe" "/rime-za/kupe/";
"kupiti" "/rime-za/kupiti/";
"kupovina" "/rime-za/kupovina/";
"kvalifikacija" "/rime-za/kvalifikacija/";
"kvalitet" "/rime-za/kvalitet/";
"kvalitetan" "/rime-za/kvalitetan/";
"kvalitetno" "/rime-za/kvalitetno/";
"lagano" "/rime-za/lagano/";
"lak" "/rime-za/lak/";
"lako" "/rime-za/lako/";
"lav" "/rime-za/lav/";
"laz" "/rime-za/laz/";
"la%C5%BE" "/rime-za/laz/";
"lazi" "/rime-za/lazi/";
"la%C5%BEi" "/rime-za/lazi/";
"lecenje" "/rime-za/lecenje/";
"le%C4%8Denje" "/rime-za/lecenje/";
"led" "/rime-za/led/";
"ledja" "/rime-za/ledja/";
"le%C4%91a" "/rime-za/ledja/";
"lek" "/rime-za/lek/";
"lekar" "/rime-za/lekar/";
"lep" "/rime-za/lep/";
"lepo" "/rime-za/lepo/";
"lepota" "/rime-za/lepota/";
"lepote" "/rime-za/lepote/";
"lepse" "/rime-za/lepse/";
"lep%C5%A1e" "/rime-za/lepse/";
"leptir" "/rime-za/leptir/";
"leskovac" "/rime-za/leskovac/";
"leto" "/rime-za/leto/";
"letonija" "/rime-za/letonija/";
"liban" "/rime-za/liban/";
"libija" "/rime-za/libija/";
"lice" "/rime-za/lice/";
"licni" "/rime-za/licni/";
"li%C4%8Dni" "/rime-za/licni/";
"licno" "/rime-za/licno/";
"li%C4%8Dno" "/rime-za/licno/";
"licnost" "/rime-za/licnost/";
"li%C4%8Dnost" "/rime-za/licnost/";
"licnosti" "/rime-za/licnosti/";
"li%C4%8Dnosti" "/rime-za/licnosti/";
"liga" "/rime-za/liga/";
"lik" "/rime-za/lik/";
"linija" "/rime-za/linija/";
"linije" "/rime-za/linije/";
"lion" "/rime-za/lion/";
"lisabon" "/rime-za/lisabon/";
"lisica" "/rime-za/lisica/";
"list" "/rime-za/list/";
"lista" "/rime-za/lista/";
"liste" "/rime-za/liste/";
"litvanija" "/rime-za/litvanija/";
"ljubav" "/rime-za/ljubav/";
"ljubavi" "/rime-za/ljubavi/";
"ljubavnik" "/rime-za/ljubavnik/";
"ljubljana" "/rime-za/ljubljana/";
"ljubomora" "/rime-za/ljubomora/";
"ljudi" "/rime-za/ljudi/";
"ljudski" "/rime-za/ljudski/";
"logicno" "/rime-za/logicno/";
"logi%C4%8Dno" "/rime-za/logicno/";
"lokacija" "/rime-za/lokacija/";
"lokalni" "/rime-za/lokalni/";
"london" "/rime-za/london/";
"lopta" "/rime-za/lopta/";
"los" "/rime-za/los/";
"lo%C5%A1" "/rime-za/los/";
"lose" "/rime-za/lose/";
"lo%C5%A1e" "/rime-za/lose/";
"loznica" "/rime-za/loznica/";
"luk" "/rime-za/luk/";
"lutka" "/rime-za/lutka/";
"maca" "/rime-za/maca/";
"macka" "/rime-za/macka/";
"ma%C4%8Dka" "/rime-za/macka/";
"madagaskar" "/rime-za/madagaskar/";
"madjarska" "/rime-za/madjarska/";
"ma%C4%91arska" "/rime-za/madjarska/";
"madrid" "/rime-za/madrid/";
"maj" "/rime-za/maj/";
"majka" "/rime-za/majka/";
"majke" "/rime-za/majke/";
"makar" "/rime-za/makar/";
"makedonija" "/rime-za/makedonija/";
"maksimalno" "/rime-za/maksimalno/";
"maksimum" "/rime-za/maksimum/";
"malezija" "/rime-za/malezija/";
"mali" "/rime-za/mali/";
"malina" "/rime-za/malina/";
"malo" "/rime-za/malo/";
"mama" "/rime-za/mama/";
"manastir" "/rime-za/manastir/";
"mandat" "/rime-za/mandat/";
"manifestacija" "/rime-za/manifestacija/";
"manja" "/rime-za/manja/";
"manje" "/rime-za/manje/";
"manji" "/rime-za/manji/";
"manjina" "/rime-za/manjina/";
"marketing" "/rime-za/marketing/";
"maroko" "/rime-za/maroko/";
"marselj" "/rime-za/marselj/";
"mart" "/rime-za/mart/";
"masa" "/rime-za/masa/";
"masina" "/rime-za/masina/";
"ma%C5%A1ina" "/rime-za/masina/";
"masine" "/rime-za/masine/";
"ma%C5%A1ine" "/rime-za/masine/";
"master" "/rime-za/master/";
"masti" "/rime-za/masti/";
"materija" "/rime-za/materija/";
"materijal" "/rime-za/materijal/";
"materije" "/rime-za/materije/";
"mec" "/rime-za/mec/";
"me%C4%8D" "/rime-za/mec/";
"med" "/rime-za/med/";
"meda" "/rime-za/meda/";
"medijski" "/rime-za/medijski/";
"medjunarodni" "/rime-za/medjunarodni/";
"me%C4%91unarodni" "/rime-za/medjunarodni/";
"medjusobno" "/rime-za/medjusobno/";
"me%C4%91usobno" "/rime-za/medjusobno/";
"medjutim" "/rime-za/medjutim/";
"me%C4%91utim" "/rime-za/medjutim/";
"mehanizam" "/rime-za/mehanizam/";
"meksiko" "/rime-za/meksiko/";
"menadzer" "/rime-za/menadzer/";
"menad%C5%BEer" "/rime-za/menadzer/";
"meni" "/rime-za/meni/";
"menjati" "/rime-za/menjati/";
"mera" "/rime-za/mera/";
"mere" "/rime-za/mere/";
"mesec" "/rime-za/mesec/";
"meseci" "/rime-za/meseci/";
"mesecno" "/rime-za/mesecno/";
"mese%C4%8Dno" "/rime-za/mesecno/";
"meso" "/rime-za/meso/";
"mesto" "/rime-za/mesto/";
"metod" "/rime-za/metod/";
"metoda" "/rime-za/metoda/";
"milano" "/rime-za/milano/";
"minhen" "/rime-za/minhen/";
"ministar" "/rime-za/ministar/";
"ministarka" "/rime-za/ministarka/";
"ministarstvo" "/rime-za/ministarstvo/";
"minut" "/rime-za/minut/";
"mir" "/rime-za/mir/";
"mira" "/rime-za/mira/";
"miris" "/rime-za/miris/";
"mirno" "/rime-za/mirno/";
"mis" "/rime-za/mis/";
"mi%C5%A1" "/rime-za/mis/";
"misao" "/rime-za/misao/";
"misija" "/rime-za/misija/";
"misli" "/rime-za/misli/";
"mlad" "/rime-za/mlad/";
"mlada" "/rime-za/mlada/";
"mladost" "/rime-za/mladost/";
"mladosti" "/rime-za/mladosti/";
"mleka" "/rime-za/mleka/";
"mleko" "/rime-za/mleko/";
"mnogo" "/rime-za/mnogo/";
"mnostvo" "/rime-za/mnostvo/";
"mno%C5%A1tvo" "/rime-za/mnostvo/";
"moc" "/rime-za/moc/";
"mo%C4%87" "/rime-za/moc/";
"moci" "/rime-za/moci/";
"mo%C4%87i" "/rime-za/moci/";
"model" "/rime-za/model/";
"moguce" "/rime-za/moguce/";
"mogu%C4%87e" "/rime-za/moguce/";
"mogucnost" "/rime-za/mogucnost/";
"mogu%C4%87nost" "/rime-za/mogucnost/";
"mogucnosti" "/rime-za/mogucnosti/";
"mogu%C4%87nosti" "/rime-za/mogucnosti/";
"molitva" "/rime-za/molitva/";
"momak" "/rime-za/momak/";
"mongolija" "/rime-za/mongolija/";
"mora" "/rime-za/mora/";
"more" "/rime-za/more/";
"moskva" "/rime-za/moskva/";
"most" "/rime-za/most/";
"motiv" "/rime-za/motiv/";
"motor" "/rime-za/motor/";
"mozambik" "/rime-za/mozambik/";
"mozda" "/rime-za/mozda/";
"mo%C5%BEda" "/rime-za/mozda/";
"mrak" "/rime-za/mrak/";
"mreza" "/rime-za/mreza/";
"mre%C5%BEa" "/rime-za/mreza/";
"mreze" "/rime-za/mreze/";
"mre%C5%BEe" "/rime-za/mreze/";
"muka" "/rime-za/muka/";
"muke" "/rime-za/muke/";
"mumbaj" "/rime-za/mumbaj/";
"munja" "/rime-za/munja/";
"muskarac" "/rime-za/muskarac/";
"mu%C5%A1karac" "/rime-za/muskarac/";
"muz" "/rime-za/muz/";
"mu%C5%BE" "/rime-za/muz/";
"muzej" "/rime-za/muzej/";
"muzicki" "/rime-za/muzicki/";
"muzi%C4%8Dki" "/rime-za/muzicki/";
"muzika" "/rime-za/muzika/";
"nacela" "/rime-za/nacela/";
"na%C4%8Dela" "/rime-za/nacela/";
"nacelnik" "/rime-za/nacelnik/";
"na%C4%8Delnik" "/rime-za/nacelnik/";
"naci" "/rime-za/naci/";
"na%C4%87i" "/rime-za/naci/";
"nacija" "/rime-za/nacija/";
"nacije" "/rime-za/nacije/";
"nacin" "/rime-za/nacin/";
"na%C4%8Din" "/rime-za/nacin/";
"nacionalni" "/rime-za/nacionalni/";
"nacionalno" "/rime-za/nacionalno/";
"nada" "/rime-za/nada/";
"nadleznosti" "/rime-za/nadleznosti/";
"nadle%C5%BEnosti" "/rime-za/nadleznosti/";
"nadzor" "/rime-za/nadzor/";
"naglo" "/rime-za/naglo/";
"nagrada" "/rime-za/nagrada/";
"najlepse" "/rime-za/najlepse/";
"najlep%C5%A1e" "/rime-za/najlepse/";
"najmanje" "/rime-za/najmanje/";
"najpre" "/rime-za/najpre/";
"najrobi" "/rime-za/najrobi/";
"najvazniji" "/rime-za/najvazniji/";
"najva%C5%BEniji" "/rime-za/najvazniji/";
"najvecu" "/rime-za/najvecu/";
"najve%C4%87u" "/rime-za/najvecu/";
"najvise" "/rime-za/najvise/";
"najvi%C5%A1e" "/rime-za/najvise/";
"najvisi" "/rime-za/najvisi/";
"najvi%C5%A1i" "/rime-za/najvisi/";
"najzad" "/rime-za/najzad/";
"naknada" "/rime-za/naknada/";
"naknadno" "/rime-za/naknadno/";
"nalazi" "/rime-za/nalazi/";
"nalog" "/rime-za/nalog/";
"namera" "/rime-za/namera/";
"namerno" "/rime-za/namerno/";
"namibija" "/rime-za/namibija/";
"namirnica" "/rime-za/namirnica/";
"namirnice" "/rime-za/namirnice/";
"napad" "/rime-za/napad/";
"naplate" "/rime-za/naplate/";
"naprave" "/rime-za/naprave/";
"napraviti" "/rime-za/napraviti/";
"napred" "/rime-za/napred/";
"napredak" "/rime-za/napredak/";
"napulj" "/rime-za/napulj/";
"narocito" "/rime-za/narocito/";
"naro%C4%8Dito" "/rime-za/narocito/";
"narod" "/rime-za/narod/";
"naselja" "/rime-za/naselja/";
"nasilje" "/rime-za/nasilje/";
"nastava" "/rime-za/nastava/";
"nastavak" "/rime-za/nastavak/";
"nastaviti" "/rime-za/nastaviti/";
"nastup" "/rime-za/nastup/";
"nauciti" "/rime-za/nauciti/";
"nau%C4%8Diti" "/rime-za/nauciti/";
"naucni" "/rime-za/naucni/";
"nau%C4%8Dni" "/rime-za/naucni/";
"nauka" "/rime-za/nauka/";
"navodeci" "/rime-za/navodeci/";
"navode%C4%87i" "/rime-za/navodeci/";
"navodi" "/rime-za/navodi/";
"navodno" "/rime-za/navodno/";
"nazad" "/rime-za/nazad/";
"naziv" "/rime-za/naziv/";
"nebo" "/rime-za/nebo/";
"nedavno" "/rime-za/nedavno/";
"nedelja" "/rime-za/nedelja/";
"nedelje" "/rime-za/nedelje/";
"nedostatak" "/rime-za/nedostatak/";
"nedovoljno" "/rime-za/nedovoljno/";
"negativno" "/rime-za/negativno/";
"negde" "/rime-za/negde/";
"nekad" "/rime-za/nekad/";
"nekada" "/rime-za/nekada/";
"nekadasnji" "/rime-za/nekadasnji/";
"nekada%C5%A1nji" "/rime-za/nekadasnji/";
"nekako" "/rime-za/nekako/";
"nekoliko" "/rime-za/nekoliko/";
"nekretnina" "/rime-za/nekretnina/";
"nema" "/rime-za/nema/";
"nemacka" "/rime-za/nemacka/";
"nema%C4%8Dka" "/rime-za/nemacka/";
"nemacki" "/rime-za/nemacki/";
"nema%C4%8Dki" "/rime-za/nemacki/";
"nemam" "/rime-za/nemam/";
"nemoj" "/rime-za/nemoj/";
"neobicno" "/rime-za/neobicno/";
"neobi%C4%8Dno" "/rime-za/neobicno/";
"neophodan" "/rime-za/neophodan/";
"neprestano" "/rime-za/neprestano/";
"nesumnjivo" "/rime-za/nesumnjivo/";
"neverovatno" "/rime-za/neverovatno/";
"nezavisno" "/rime-za/nezavisno/";
"nezavisnost" "/rime-za/nezavisnost/";
"neznost" "/rime-za/neznost/";
"ne%C5%BEnost" "/rime-za/neznost/";
"nigde" "/rime-za/nigde/";
"nigerija" "/rime-za/nigerija/";
"nijedan" "/rime-za/nijedan/";
"nikako" "/rime-za/nikako/";
"nimalo" "/rime-za/nimalo/";
"nis" "/rime-za/nis/";
"ni%C5%A1" "/rime-za/nis/";
"nivo" "/rime-za/nivo/";
"niz" "/rime-za/niz/";
"nize" "/rime-za/nize/";
"ni%C5%BEe" "/rime-za/nize/";
"noc" "/rime-za/noc/";
"no%C4%87" "/rime-za/noc/";
"noci" "/rime-za/noci/";
"no%C4%87i" "/rime-za/noci/";
"nocu" "/rime-za/nocu/";
"no%C4%87u" "/rime-za/nocu/";
"noge" "/rime-za/noge/";
"normalan" "/rime-za/normalan/";
"norveska" "/rime-za/norveska/";
"norve%C5%A1ka" "/rime-za/norveska/";
"nos" "/rime-za/nos/";
"nosi" "/rime-za/nosi/";
"nov" "/rime-za/nov/";
"nova" "/rime-za/nova/";
"novac" "/rime-za/novac/";
"novembar" "/rime-za/novembar/";
"novi" "/rime-za/novi/";
"novina" "/rime-za/novina/";
"novinar" "/rime-za/novinar/";
"novine" "/rime-za/novine/";
"novosti" "/rime-za/novosti/";
"nuzno" "/rime-za/nuzno/";
"nu%C5%BEno" "/rime-za/nuzno/";
"obaveza" "/rime-za/obaveza/";
"obaveze" "/rime-za/obaveze/";
"obavezno" "/rime-za/obavezno/";
"obavljanje" "/rime-za/obavljanje/";
"obezbediti" "/rime-za/obezbediti/";
"obican" "/rime-za/obican/";
"obi%C4%8Dan" "/rime-za/obican/";
"obicno" "/rime-za/obicno/";
"obi%C4%8Dno" "/rime-za/obicno/";
"obim" "/rime-za/obim/";
"objasniti" "/rime-za/objasniti/";
"objasnjenje" "/rime-za/objasnjenje/";
"obja%C5%A1njenje" "/rime-za/objasnjenje/";
"objekat" "/rime-za/objekat/";
"oblak" "/rime-za/oblak/";
"oblast" "/rime-za/oblast/";
"oblasti" "/rime-za/oblasti/";
"oblik" "/rime-za/oblik/";
"obrade" "/rime-za/obrade/";
"obratiti" "/rime-za/obratiti/";
"obrazovanje" "/rime-za/obrazovanje/";
"obuka" "/rime-za/obuka/";
"obzir" "/rime-za/obzir/";
"ocekivati" "/rime-za/ocekivati/";
"o%C4%8Dekivati" "/rime-za/ocekivati/";
"ocena" "/rime-za/ocena/";
"ocene" "/rime-za/ocene/";
"oci" "/rime-za/oci/";
"o%C4%8Di" "/rime-za/oci/";
"ocito" "/rime-za/ocito/";
"o%C4%8Dito" "/rime-za/ocito/";
"ocuvanje" "/rime-za/ocuvanje/";
"o%C4%8Duvanje" "/rime-za/ocuvanje/";
"odakle" "/rime-za/odakle/";
"odavno" "/rime-za/odavno/";
"odbor" "/rime-za/odbor/";
"odbrane" "/rime-za/odbrane/";
"ode" "/rime-za/ode/";
"odeljenje" "/rime-za/odeljenje/";
"odgovarajuci" "/rime-za/odgovarajuci/";
"odgovaraju%C4%87i" "/rime-za/odgovarajuci/";
"odgovornost" "/rime-za/odgovornost/";
"odjednom" "/rime-za/odjednom/";
"odlazak" "/rime-za/odlazak/";
"odlican" "/rime-za/odlican/";
"odli%C4%8Dan" "/rime-za/odlican/";
"odlicno" "/rime-za/odlicno/";
"odli%C4%8Dno" "/rime-za/odlicno/";
"odluka" "/rime-za/odluka/";
"odluke" "/rime-za/odluke/";
"odmah" "/rime-za/odmah/";
"odmor" "/rime-za/odmor/";
"odnos" "/rime-za/odnos/";
"odnosno" "/rime-za/odnosno/";
"odredbe" "/rime-za/odredbe/";
"odredjen" "/rime-za/odredjen/";
"odre%C4%91en" "/rime-za/odredjen/";
"odredjeno" "/rime-za/odredjeno/";
"odre%C4%91eno" "/rime-za/odredjeno/";
"odrzati" "/rime-za/odrzati/";
"odr%C5%BEati" "/rime-za/odrzati/";
"odrzavanje" "/rime-za/odrzavanje/";
"odr%C5%BEavanje" "/rime-za/odrzavanje/";
"oduvek" "/rime-za/oduvek/";
"oka" "/rime-za/oka/";
"oko" "/rime-za/oko/";
"okolnosti" "/rime-za/okolnosti/";
"okruzenje" "/rime-za/okruzenje/";
"okru%C5%BEenje" "/rime-za/okruzenje/";
"oktobar" "/rime-za/oktobar/";
"okvir" "/rime-za/okvir/";
"omoguciti" "/rime-za/omoguciti/";
"omogu%C4%87iti" "/rime-za/omoguciti/";
"onako" "/rime-za/onako/";
"onda" "/rime-za/onda/";
"opasnost" "/rime-za/opasnost/";
"opasnosti" "/rime-za/opasnosti/";
"opcija" "/rime-za/opcija/";
"operacija" "/rime-za/operacija/";
"opet" "/rime-za/opet/";
"opis" "/rime-za/opis/";
"oporavak" "/rime-za/oporavak/";
"opozicija" "/rime-za/opozicija/";
"oprema" "/rime-za/oprema/";
"oprost" "/rime-za/oprost/";
"opstanak" "/rime-za/opstanak/";
"opsti" "/rime-za/opsti/";
"op%C5%A1ti" "/rime-za/opsti/";
"opstina" "/rime-za/opstina/";
"op%C5%A1tina" "/rime-za/opstina/";
"optuzbe" "/rime-za/optuzbe/";
"optu%C5%BEbe" "/rime-za/optuzbe/";
"orao" "/rime-za/orao/";
"organ" "/rime-za/organ/";
"organizacija" "/rime-za/organizacija/";
"organizacije" "/rime-za/organizacije/";
"organizam" "/rime-za/organizam/";
"organizator" "/rime-za/organizator/";
"organizovati" "/rime-za/organizovati/";
"oruzje" "/rime-za/oruzje/";
"oru%C5%BEje" "/rime-za/oruzje/";
"osecaj" "/rime-za/osecaj/";
"ose%C4%87aj" "/rime-za/osecaj/";
"osecanja" "/rime-za/osecanja/";
"ose%C4%87anja" "/rime-za/osecanja/";
"osiguranje" "/rime-za/osiguranje/";
"oslo" "/rime-za/oslo/";
"osmeh" "/rime-za/osmeh/";
"osnivac" "/rime-za/osnivac/";
"osniva%C4%8D" "/rime-za/osnivac/";
"osnov" "/rime-za/osnov/";
"osnova" "/rime-za/osnova/";
"osnovni" "/rime-za/osnovni/";
"osoba" "/rime-za/osoba/";
"osobine" "/rime-za/osobine/";
"osoblje" "/rime-za/osoblje/";
"ostatak" "/rime-za/ostatak/";
"ostati" "/rime-za/ostati/";
"ostaviti" "/rime-za/ostaviti/";
"ostrvo" "/rime-za/ostrvo/";
"ostvarenja" "/rime-za/ostvarenja/";
"ostvarenje" "/rime-za/ostvarenje/";
"ostvariti" "/rime-za/ostvariti/";
"otac" "/rime-za/otac/";
"otici" "/rime-za/otici/";
"oti%C4%87i" "/rime-za/otici/";
"otpor" "/rime-za/otpor/";
"otprilike" "/rime-za/otprilike/";
"otvoren" "/rime-za/otvoren/";
"otvoreno" "/rime-za/otvoreno/";
"otvoriti" "/rime-za/otvoriti/";
"ovako" "/rime-za/ovako/";
"ovde" "/rime-za/ovde/";
"ozbiljan" "/rime-za/ozbiljan/";
"ozbiljno" "/rime-za/ozbiljno/";
"pad" "/rime-za/pad/";
"pakao" "/rime-za/pakao/";
"pakistan" "/rime-za/pakistan/";
"pamet" "/rime-za/pamet/";
"pameti" "/rime-za/pameti/";
"pancevo" "/rime-za/pancevo/";
"pan%C4%8Devo" "/rime-za/pancevo/";
"papir" "/rime-za/papir/";
"par" "/rime-za/par/";
"para" "/rime-za/para/";
"paragvaj" "/rime-za/paragvaj/";
"pare" "/rime-za/pare/";
"pariz" "/rime-za/pariz/";
"park" "/rime-za/park/";
"parlament" "/rime-za/parlament/";
"partija" "/rime-za/partija/";
"partizan" "/rime-za/partizan/";
"pas" "/rime-za/pas/";
"patka" "/rime-za/patka/";
"patrijarh" "/rime-za/patrijarh/";
"pauze" "/rime-za/pauze/";
"pazljivo" "/rime-za/pazljivo/";
"pa%C5%BEljivo" "/rime-za/pazljivo/";
"paznja" "/rime-za/paznja/";
"pa%C5%BEnja" "/rime-za/paznja/";
"pcela" "/rime-za/pcela/";
"p%C4%8Dela" "/rime-za/pcela/";
"peking" "/rime-za/peking/";
"penzija" "/rime-za/penzija/";
"period" "/rime-za/period/";
"peru" "/rime-za/peru/";
"pesak" "/rime-za/pesak/";
"pesma" "/rime-za/pesma/";
"pesnik" "/rime-za/pesnik/";
"petak" "/rime-za/petak/";
"peti" "/rime-za/peti/";
"petrograd" "/rime-za/petrograd/";
"pevacica" "/rime-za/pevacica/";
"peva%C4%8Dica" "/rime-za/pevacica/";
"pice" "/rime-za/pice/";
"pi%C4%87e" "/rime-za/pice/";
"pile" "/rime-za/pile/";
"pisac" "/rime-za/pisac/";
"pisanja" "/rime-za/pisanja/";
"pisanje" "/rime-za/pisanje/";
"pisati" "/rime-za/pisati/";
"pismo" "/rime-za/pismo/";
"pita" "/rime-za/pita/";
"pitanje" "/rime-za/pitanje/";
"pivo" "/rime-za/pivo/";
"placanja" "/rime-za/placanja/";
"pla%C4%87anja" "/rime-za/placanja/";
"plan" "/rime-za/plan/";
"planeta" "/rime-za/planeta/";
"planina" "/rime-za/planina/";
"planine" "/rime-za/planine/";
"plasman" "/rime-za/plasman/";
"plata" "/rime-za/plata/";
"plate" "/rime-za/plate/";
"platiti" "/rime-za/platiti/";
"ploca" "/rime-za/ploca/";
"plo%C4%8Da" "/rime-za/ploca/";
"ploce" "/rime-za/ploce/";
"plo%C4%8De" "/rime-za/ploce/";
"pluca" "/rime-za/pluca/";
"plu%C4%87a" "/rime-za/pluca/";
"plus" "/rime-za/plus/";
"pobednik" "/rime-za/pobednik/";
"poboljsanje" "/rime-za/poboljsanje/";
"pobolj%C5%A1anje" "/rime-za/poboljsanje/";
"pocetak" "/rime-za/pocetak/";
"po%C4%8Detak" "/rime-za/pocetak/";
"poceti" "/rime-za/poceti/";
"po%C4%8Deti" "/rime-za/poceti/";
"podaci" "/rime-za/podaci/";
"podatak" "/rime-za/podatak/";
"podela" "/rime-za/podela/";
"podele" "/rime-za/podele/";
"podgorica" "/rime-za/podgorica/";
"podjednako" "/rime-za/podjednako/";
"podrska" "/rime-za/podrska/";
"podr%C5%A1ka" "/rime-za/podrska/";
"podrucje" "/rime-za/podrucje/";
"podru%C4%8Dje" "/rime-za/podrucje/";
"podrzati" "/rime-za/podrzati/";
"podr%C5%BEati" "/rime-za/podrzati/";
"pogled" "/rime-za/pogled/";
"pogledati" "/rime-za/pogledati/";
"pogotovo" "/rime-za/pogotovo/";
"pogresno" "/rime-za/pogresno/";
"pogre%C5%A1no" "/rime-za/pogresno/";
"pojam" "/rime-za/pojam/";
"pojava" "/rime-za/pojava/";
"pojave" "/rime-za/pojave/";
"pojaviti" "/rime-za/pojaviti/";
"pojedinacno" "/rime-za/pojedinacno/";
"pojedina%C4%8Dno" "/rime-za/pojedinacno/";
"pokazati" "/rime-za/pokazati/";
"poklon" "/rime-za/poklon/";
"pokret" "/rime-za/pokret/";
"pokusati" "/rime-za/pokusati/";
"poku%C5%A1ati" "/rime-za/pokusati/";
"polako" "/rime-za/polako/";
"policija" "/rime-za/policija/";
"politicki" "/rime-za/politicki/";
"politi%C4%8Dki" "/rime-za/politicki/";
"politika" "/rime-za/politika/";
"polja" "/rime-za/polja/";
"polje" "/rime-za/polje/";
"poljska" "/rime-za/poljska/";
"poljubac" "/rime-za/poljubac/";
"polovina" "/rime-za/polovina/";
"polozaj" "/rime-za/polozaj/";
"polo%C5%BEaj" "/rime-za/polozaj/";
"pomalo" "/rime-za/pomalo/";
"pomenuti" "/rime-za/pomenuti/";
"pomoc" "/rime-za/pomoc/";
"pomo%C4%87" "/rime-za/pomoc/";
"pomoci" "/rime-za/pomoci/";
"pomo%C4%87i" "/rime-za/pomoci/";
"pomocnik" "/rime-za/pomocnik/";
"pomo%C4%87nik" "/rime-za/pomocnik/";
"ponasanja" "/rime-za/ponasanja/";
"pona%C5%A1anja" "/rime-za/ponasanja/";
"ponasanje" "/rime-za/ponasanje/";
"pona%C5%A1anje" "/rime-za/ponasanje/";
"ponedeljak" "/rime-za/ponedeljak/";
"ponekad" "/rime-za/ponekad/";
"ponos" "/rime-za/ponos/";
"ponovo" "/rime-za/ponovo/";
"ponude" "/rime-za/ponude/";
"porast" "/rime-za/porast/";
"poraz" "/rime-za/poraz/";
"poreklo" "/rime-za/poreklo/";
"porez" "/rime-za/porez/";
"porodica" "/rime-za/porodica/";
"portal" "/rime-za/portal/";
"portparol" "/rime-za/portparol/";
"portugalija" "/rime-za/portugalija/";
"posao" "/rime-za/posao/";
"poseban" "/rime-za/poseban/";
"posebno" "/rime-za/posebno/";
"poseta" "/rime-za/poseta/";
"poslanik" "/rime-za/poslanik/";
"poslati" "/rime-za/poslati/";
"posledica" "/rime-za/posledica/";
"posledice" "/rime-za/posledice/";
"poslednji" "/rime-za/poslednji/";
"poslovanje" "/rime-za/poslovanje/";
"post" "/rime-za/post/";
"postati" "/rime-za/postati/";
"posteno" "/rime-za/posteno/";
"po%C5%A1teno" "/rime-za/posteno/";
"postepeno" "/rime-za/postepeno/";
"postici" "/rime-za/postici/";
"posti%C4%87i" "/rime-za/postici/";
"postojanje" "/rime-za/postojanje/";
"postovanje" "/rime-za/postovanje/";
"po%C5%A1tovanje" "/rime-za/postovanje/";
"postupak" "/rime-za/postupak/";
"posvecen" "/rime-za/posvecen/";
"posve%C4%87en" "/rime-za/posvecen/";
"potencijal" "/rime-za/potencijal/";
"potez" "/rime-za/potez/";
"potom" "/rime-za/potom/";
"potpredsednik" "/rime-za/potpredsednik/";
"potpuno" "/rime-za/potpuno/";
"potreba" "/rime-za/potreba/";
"potreban" "/rime-za/potreban/";
"potrebe" "/rime-za/potrebe/";
"potrebno" "/rime-za/potrebno/";
"potvrda" "/rime-za/potvrda/";
"povecanje" "/rime-za/povecanje/";
"pove%C4%87anje" "/rime-za/povecanje/";
"povecati" "/rime-za/povecati/";
"pove%C4%87ati" "/rime-za/povecati/";
"poverenja" "/rime-za/poverenja/";
"poverenje" "/rime-za/poverenje/";
"povezivanje" "/rime-za/povezivanje/";
"povod" "/rime-za/povod/";
"povratak" "/rime-za/povratak/";
"povrce" "/rime-za/povrce/";
"povr%C4%87e" "/rime-za/povrce/";
"povreda" "/rime-za/povreda/";
"povremeno" "/rime-za/povremeno/";
"povrsina" "/rime-za/povrsina/";
"povr%C5%A1ina" "/rime-za/povrsina/";
"povrsine" "/rime-za/povrsine/";
"povr%C5%A1ine" "/rime-za/povrsine/";
"pozarevac" "/rime-za/pozarevac/";
"po%C5%BEarevac" "/rime-za/pozarevac/";
"pozdrav" "/rime-za/pozdrav/";
"pozicija" "/rime-za/pozicija/";
"pozitivan" "/rime-za/pozitivan/";
"pozitivno" "/rime-za/pozitivno/";
"poziv" "/rime-za/poziv/";
"poznati" "/rime-za/poznati/";
"pozoriste" "/rime-za/pozoriste/";
"pozori%C5%A1te" "/rime-za/pozoriste/";
"pracenje" "/rime-za/pracenje/";
"pra%C4%87enje" "/rime-za/pracenje/";
"prag" "/rime-za/prag/";
"praksa" "/rime-za/praksa/";
"prakticno" "/rime-za/prakticno/";
"prakti%C4%8Dno" "/rime-za/prakticno/";
"prati" "/rime-za/prati/";
"pratiti" "/rime-za/pratiti/";
"prava" "/rime-za/prava/";
"pravac" "/rime-za/pravac/";
"pravda" "/rime-za/pravda/";
"pravde" "/rime-za/pravde/";
"pravi" "/rime-za/pravi/";
"pravila" "/rime-za/pravila/";
"pravilno" "/rime-za/pravilno/";
"pravilo" "/rime-za/pravilo/";
"praviti" "/rime-za/praviti/";
"pravni" "/rime-za/pravni/";
"pravo" "/rime-za/pravo/";
"praznik" "/rime-za/praznik/";
"precizno" "/rime-za/precizno/";
"predavanja" "/rime-za/predavanja/";
"predavanje" "/rime-za/predavanje/";
"predje" "/rime-za/predje/";
"pre%C4%91e" "/rime-za/predje/";
"predlog" "/rime-za/predlog/";
"predmet" "/rime-za/predmet/";
"predmeti" "/rime-za/predmeti/";
"prednost" "/rime-za/prednost/";
"predsednica" "/rime-za/predsednica/";
"predsednik" "/rime-za/predsednik/";
"predstava" "/rime-za/predstava/";
"predstave" "/rime-za/predstave/";
"predstaviti" "/rime-za/predstaviti/";
"predstavnik" "/rime-za/predstavnik/";
"preduzece" "/rime-za/preduzece/";
"preduze%C4%87e" "/rime-za/preduzece/";
"pregled" "/rime-za/pregled/";
"pregovori" "/rime-za/pregovori/";
"prelazi" "/rime-za/prelazi/";
"premijer" "/rime-za/premijer/";
"premijera" "/rime-za/premijera/";
"prenos" "/rime-za/prenos/";
"preporuka" "/rime-za/preporuka/";
"prepreka" "/rime-za/prepreka/";
"presuda" "/rime-za/presuda/";
"presude" "/rime-za/presude/";
"preterano" "/rime-za/preterano/";
"pretezno" "/rime-za/pretezno/";
"prete%C5%BEno" "/rime-za/pretezno/";
"prethodno" "/rime-za/prethodno/";
"preuzeti" "/rime-za/preuzeti/";
"previse" "/rime-za/previse/";
"previ%C5%A1e" "/rime-za/previse/";
"prevoz" "/rime-za/prevoz/";
"prezentacija" "/rime-za/prezentacija/";
"prezime" "/rime-za/prezime/";
"priblizno" "/rime-za/priblizno/";
"pribli%C5%BEno" "/rime-za/priblizno/";
"prica" "/rime-za/prica/";
"pri%C4%8Da" "/rime-za/prica/";
"prihod" "/rime-za/prihod/";
"prihvatiti" "/rime-za/prihvatiti/";
"prijatelj" "/rime-za/prijatelj/";
"prijava" "/rime-za/prijava/";
"prijem" "/rime-za/prijem/";
"prikaz" "/rime-za/prikaz/";
"prilicno" "/rime-za/prilicno/";
"prili%C4%8Dno" "/rime-za/prilicno/";
"prilika" "/rime-za/prilika/";
"prilike" "/rime-za/prilike/";
"prilog" "/rime-za/prilog/";
"primer" "/rime-za/primer/";
"princeza" "/rime-za/princeza/";
"princip" "/rime-za/princip/";
"prioritet" "/rime-za/prioritet/";
"pripadnici" "/rime-za/pripadnici/";
"priprema" "/rime-za/priprema/";
"priroda" "/rime-za/priroda/";
"prirodni" "/rime-za/prirodni/";
"pristina" "/rime-za/pristina/";
"pri%C5%A1tina" "/rime-za/pristina/";
"prisustvo" "/rime-za/prisustvo/";
"prisutan" "/rime-za/prisutan/";
"pritisak" "/rime-za/pritisak/";
"privreda" "/rime-za/privreda/";
"priznanje" "/rime-za/priznanje/";
"priznati" "/rime-za/priznati/";
"problem" "/rime-za/problem/";
"procedura" "/rime-za/procedura/";
"procenat" "/rime-za/procenat/";
"proces" "/rime-za/proces/";
"procesor" "/rime-za/procesor/";
"proci" "/rime-za/proci/";
"pro%C4%87i" "/rime-za/proci/";
"procitati" "/rime-za/procitati/";
"pro%C4%8Ditati" "/rime-za/procitati/";
"prodaja" "/rime-za/prodaja/";
"profesionalni" "/rime-za/profesionalni/";
"profesionalno" "/rime-za/profesionalno/";
"profesor" "/rime-za/profesor/";
"profil" "/rime-za/profil/";
"profit" "/rime-za/profit/";
"program" "/rime-za/program/";
"proizvod" "/rime-za/proizvod/";
"proizvodi" "/rime-za/proizvodi/";
"proizvodjac" "/rime-za/proizvodjac/";
"proizvo%C4%91a%C4%8D" "/rime-za/proizvodjac/";
"proizvodnja" "/rime-za/proizvodnja/";
"prokuplje" "/rime-za/prokuplje/";
"prolazi" "/rime-za/prolazi/";
"prolece" "/rime-za/prolece/";
"prole%C4%87e" "/rime-za/prolece/";
"promene" "/rime-za/promene/";
"promeniti" "/rime-za/promeniti/";
"promet" "/rime-za/promet/";
"promocija" "/rime-za/promocija/";
"pronaci" "/rime-za/pronaci/";
"prona%C4%87i" "/rime-za/pronaci/";
"prosirenje" "/rime-za/prosirenje/";
"pro%C5%A1irenje" "/rime-za/prosirenje/";
"proslost" "/rime-za/proslost/";
"pro%C5%A1lost" "/rime-za/proslost/";
"proslosti" "/rime-za/proslosti/";
"pro%C5%A1losti" "/rime-za/proslosti/";
"prostor" "/rime-za/prostor/";
"prostorija" "/rime-za/prostorija/";
"protest" "/rime-za/protest/";
"provere" "/rime-za/provere/";
"prozor" "/rime-za/prozor/";
"prst" "/rime-za/prst/";
"pruziti" "/rime-za/pruziti/";
"pru%C5%BEiti" "/rime-za/pruziti/";
"prvenstveno" "/rime-za/prvenstveno/";
"prvenstvo" "/rime-za/prvenstvo/";
"prvi" "/rime-za/prvi/";
"prvo" "/rime-za/prvo/";
"ptica" "/rime-za/ptica/";
"publika" "/rime-za/publika/";
"pun" "/rime-za/pun/";
"puno" "/rime-za/puno/";
"put" "/rime-za/put/";
"putovanja" "/rime-za/putovanja/";
"racun" "/rime-za/racun/";
"ra%C4%8Dun" "/rime-za/racun/";
"racunar" "/rime-za/racunar/";
"ra%C4%8Dunar" "/rime-za/racunar/";
"rad" "/rime-za/rad/";
"radi" "/rime-za/radi/";
"radio" "/rime-za/radio/";
"radionica" "/rime-za/radionica/";
"raditi" "/rime-za/raditi/";
"radni" "/rime-za/radni/";
"radnik" "/rime-za/radnik/";
"radnje" "/rime-za/radnje/";
"radno" "/rime-za/radno/";
"rado" "/rime-za/rado/";
"radost" "/rime-za/radost/";
"raj" "/rime-za/raj/";
"raka" "/rime-za/raka/";
"rane" "/rime-za/rane/";
"ranije" "/rime-za/ranije/";
"rano" "/rime-za/rano/";
"raspolozenje" "/rime-za/raspolozenje/";
"raspolo%C5%BEenje" "/rime-za/raspolozenje/";
"raspored" "/rime-za/raspored/";
"rasprava" "/rime-za/rasprava/";
"rasprave" "/rime-za/rasprave/";
"rast" "/rime-za/rast/";
"rastanak" "/rime-za/rastanak/";
"rat" "/rime-za/rat/";
"rata" "/rime-za/rata/";
"razgovor" "/rime-za/razgovor/";
"razlika" "/rime-za/razlika/";
"razlike" "/rime-za/razlike/";
"razlog" "/rime-za/razlog/";
"razlozi" "/rime-za/razlozi/";
"razmisljanja" "/rime-za/razmisljanja/";
"razmi%C5%A1ljanja" "/rime-za/razmisljanja/";
"razum" "/rime-za/razum/";
"razumeti" "/rime-za/razumeti/";
"razumevanje" "/rime-za/razumevanje/";
"razvoj" "/rime-za/razvoj/";
"reakcija" "/rime-za/reakcija/";
"realno" "/rime-za/realno/";
"realnost" "/rime-za/realnost/";
"rec" "/rime-za/rec/";
"re%C4%8D" "/rime-za/rec/";
"recenica" "/rime-za/recenica/";
"re%C4%8Denica" "/rime-za/recenica/";
"reci" "/rime-za/reci/";
"re%C4%8Di" "/rime-za/reci/";
"red" "/rime-za/red/";
"reditelj" "/rime-za/reditelj/";
"redom" "/rime-za/redom/";
"redovno" "/rime-za/redovno/";
"region" "/rime-za/region/";
"reka" "/rime-za/reka/";
"reke" "/rime-za/reke/";
"reklama" "/rime-za/reklama/";
"rekonstrukcija" "/rime-za/rekonstrukcija/";
"rekord" "/rime-za/rekord/";
"relativno" "/rime-za/relativno/";
"reprezentacija" "/rime-za/reprezentacija/";
"republika" "/rime-za/republika/";
"resavanje" "/rime-za/resavanje/";
"re%C5%A1avanje" "/rime-za/resavanje/";
"resenje" "/rime-za/resenje/";
"re%C5%A1enje" "/rime-za/resenje/";
"resiti" "/rime-za/resiti/";
"re%C5%A1iti" "/rime-za/resiti/";
"restoran" "/rime-za/restoran/";
"retko" "/rime-za/retko/";
"revolucije" "/rime-za/revolucije/";
"rezim" "/rime-za/rezim/";
"re%C5%BEim" "/rime-za/rezim/";
"rezultat" "/rime-za/rezultat/";
"riba" "/rime-za/riba/";
"ribe" "/rime-za/ribe/";
"rim" "/rime-za/rim/";
"ritam" "/rime-za/ritam/";
"rizik" "/rime-za/rizik/";
"roba" "/rime-za/roba/";
"rod" "/rime-za/rod/";
"roda" "/rime-za/roda/";
"rodjendan" "/rime-za/rodjendan/";
"ro%C4%91endan" "/rime-za/rodjendan/";
"rodjenja" "/rime-za/rodjenja/";
"ro%C4%91enja" "/rime-za/rodjenja/";
"rok" "/rime-za/rok/";
"roman" "/rime-za/roman/";
"rucak" "/rime-za/rucak/";
"ru%C4%8Dak" "/rime-za/rucak/";
"ruka" "/rime-za/ruka/";
"ruke" "/rime-za/ruke/";
"rukovodstvo" "/rime-za/rukovodstvo/";
"rumunija" "/rime-za/rumunija/";
"rusija" "/rime-za/rusija/";
"ruski" "/rime-za/ruski/";
"ruza" "/rime-za/ruza/";
"ru%C5%BEa" "/rime-za/ruza/";
"sabac" "/rime-za/sabac/";
"%C5%A1abac" "/rime-za/sabac/";
"sad" "/rime-za/sad/";
"sada" "/rime-za/sada/";
"sadasnji" "/rime-za/sadasnji/";
"sada%C5%A1nji" "/rime-za/sadasnji/";
"sadasnjost" "/rime-za/sadasnjost/";
"sada%C5%A1njost" "/rime-za/sadasnjost/";
"sadrzaj" "/rime-za/sadrzaj/";
"sadr%C5%BEaj" "/rime-za/sadrzaj/";
"saglasnost" "/rime-za/saglasnost/";
"sajam" "/rime-za/sajam/";
"samo" "/rime-za/samo/";
"samoca" "/rime-za/samoca/";
"samo%C4%87a" "/rime-za/samoca/";
"samostalno" "/rime-za/samostalno/";
"samouprava" "/rime-za/samouprava/";
"sampion" "/rime-za/sampion/";
"%C5%A1ampion" "/rime-za/sampion/";
"san" "/rime-za/san/";
"sangaj" "/rime-za/sangaj/";
"%C5%A1angaj" "/rime-za/sangaj/";
"sanjarenje" "/rime-za/sanjarenje/";
"sansa" "/rime-za/sansa/";
"%C5%A1ansa" "/rime-za/sansa/";
"saobracaj" "/rime-za/saobracaj/";
"saobra%C4%87aj" "/rime-za/saobracaj/";
"sarajevo" "/rime-za/sarajevo/";
"sastanak" "/rime-za/sastanak/";
"sastav" "/rime-za/sastav/";
"sastavni" "/rime-za/sastavni/";
"sasvim" "/rime-za/sasvim/";
"sat" "/rime-za/sat/";
"sati" "/rime-za/sati/";
"sav" "/rime-za/sav/";
"savet" "/rime-za/savet/";
"savetnik" "/rime-za/savetnik/";
"savez" "/rime-za/savez/";
"savrseno" "/rime-za/savrseno/";
"savr%C5%A1eno" "/rime-za/savrseno/";
"saznanja" "/rime-za/saznanja/";
"scena" "/rime-za/scena/";
"scenario" "/rime-za/scenario/";
"scene" "/rime-za/scene/";
"secer" "/rime-za/secer/";
"%C5%A1e%C4%87er" "/rime-za/secer/";
"sediste" "/rime-za/sediste/";
"sedi%C5%A1te" "/rime-za/sediste/";
"sednica" "/rime-za/sednica/";
"sef" "/rime-za/sef/";
"%C5%A1ef" "/rime-za/sef/";
"seks" "/rime-za/seks/";
"selektor" "/rime-za/selektor/";
"selo" "/rime-za/selo/";
"sem" "/rime-za/sem/";
"seminar" "/rime-za/seminar/";
"senka" "/rime-za/senka/";
"septembar" "/rime-za/septembar/";
"server" "/rime-za/server/";
"servis" "/rime-za/servis/";
"sestra" "/rime-za/sestra/";
"set" "/rime-za/set/";
"seul" "/rime-za/seul/";
"shodno" "/rime-za/shodno/";
"shvatiti" "/rime-za/shvatiti/";
"sidnej" "/rime-za/sidnej/";
"signal" "/rime-za/signal/";
"siguran" "/rime-za/siguran/";
"sigurno" "/rime-za/sigurno/";
"sigurnost" "/rime-za/sigurnost/";
"sila" "/rime-za/sila/";
"sile" "/rime-za/sile/";
"silom" "/rime-za/silom/";
"simbol" "/rime-za/simbol/";
"sin" "/rime-za/sin/";
"sindikat" "/rime-za/sindikat/";
"singapur" "/rime-za/singapur/";
"sinoc" "/rime-za/sinoc/";
"sino%C4%87" "/rime-za/sinoc/";
"sirenje" "/rime-za/sirenje/";
"%C5%A1irenje" "/rime-za/sirenje/";
"sirija" "/rime-za/sirija/";
"sirok" "/rime-za/sirok/";
"%C5%A1irok" "/rime-za/sirok/";
"sistem" "/rime-za/sistem/";
"situacija" "/rime-za/situacija/";
"situacije" "/rime-za/situacije/";
"sjaj" "/rime-za/sjaj/";
"sjajan" "/rime-za/sjajan/";
"sjajno" "/rime-za/sjajno/";
"skola" "/rime-za/skola/";
"%C5%A1kola" "/rime-za/skola/";
"skole" "/rime-za/skole/";
"%C5%A1kole" "/rime-za/skole/";
"skoplje" "/rime-za/skoplje/";
"skoro" "/rime-za/skoro/";
"skup" "/rime-za/skup/";
"skupa" "/rime-za/skupa/";
"skupstina" "/rime-za/skupstina/";
"skup%C5%A1tina" "/rime-za/skupstina/";
"skupstine" "/rime-za/skupstine/";
"skup%C5%A1tine" "/rime-za/skupstine/";
"sladoled" "/rime-za/sladoled/";
"slatkis" "/rime-za/slatkis/";
"slatki%C5%A1" "/rime-za/slatkis/";
"slava" "/rime-za/slava/";
"slave" "/rime-za/slave/";
"sledeci" "/rime-za/sledeci/";
"slede%C4%87i" "/rime-za/sledeci/";
"slican" "/rime-za/slican/";
"sli%C4%8Dan" "/rime-za/slican/";
"slika" "/rime-za/slika/";
"slike" "/rime-za/slike/";
"sljiva" "/rime-za/sljiva/";
"%C5%A1ljiva" "/rime-za/sljiva/";
"sloboda" "/rime-za/sloboda/";
"slobodan" "/rime-za/slobodan/";
"slobode" "/rime-za/slobode/";
"slobodno" "/rime-za/slobodno/";
"sloj" "/rime-za/sloj/";
"slova" "/rime-za/slova/";
"slovacka" "/rime-za/slovacka/";
"slova%C4%8Dka" "/rime-za/slovacka/";
"slovenija" "/rime-za/slovenija/";
"slucaj" "/rime-za/slucaj/";
"slu%C4%8Daj" "/rime-za/slucaj/";
"slucajno" "/rime-za/slucajno/";
"slu%C4%8Dajno" "/rime-za/slucajno/";
"sluzba" "/rime-za/sluzba/";
"slu%C5%BEba" "/rime-za/sluzba/";
"sluzbe" "/rime-za/sluzbe/";
"slu%C5%BEbe" "/rime-za/sluzbe/";
"smanjenje" "/rime-za/smanjenje/";
"smanjiti" "/rime-za/smanjiti/";
"smatrati" "/rime-za/smatrati/";
"smederevo" "/rime-za/smederevo/";
"smesno" "/rime-za/smesno/";
"sme%C5%A1no" "/rime-za/smesno/";
"smestaj" "/rime-za/smestaj/";
"sme%C5%A1taj" "/rime-za/smestaj/";
"smisao" "/rime-za/smisao/";
"smrt" "/rime-za/smrt/";
"snaga" "/rime-za/snaga/";
"snazan" "/rime-za/snazan/";
"sna%C5%BEan" "/rime-za/snazan/";
"snazno" "/rime-za/snazno/";
"sna%C5%BEno" "/rime-za/snazno/";
"sneg" "/rime-za/sneg/";
"snimanje" "/rime-za/snimanje/";
"so" "/rime-za/so/";
"soba" "/rime-za/soba/";
"sobe" "/rime-za/sobe/";
"sofija" "/rime-za/sofija/";
"softver" "/rime-za/softver/";
"sokak" "/rime-za/sokak/";
"sombor" "/rime-za/sombor/";
"sopstveni" "/rime-za/sopstveni/";
"spanija" "/rime-za/spanija/";
"%C5%A1panija" "/rime-za/spanija/";
"specijalno" "/rime-za/specijalno/";
"spolja" "/rime-za/spolja/";
"spomenik" "/rime-za/spomenik/";
"spor" "/rime-za/spor/";
"sporazum" "/rime-za/sporazum/";
"sport" "/rime-za/sport/";
"sportista" "/rime-za/sportista/";
"sposobnost" "/rime-za/sposobnost/";
"sposobnosti" "/rime-za/sposobnosti/";
"sprema" "/rime-za/sprema/";
"spreman" "/rime-za/spreman/";
"spremnost" "/rime-za/spremnost/";
"sprovodjenje" "/rime-za/sprovodjenje/";
"sprovo%C4%91enje" "/rime-za/sprovodjenje/";
"sramota" "/rime-za/sramota/";
"srbija" "/rime-za/srbija/";
"srca" "/rime-za/srca/";
"srce" "/rime-za/srce/";
"sreca" "/rime-za/sreca/";
"sre%C4%87a" "/rime-za/sreca/";
"srecan" "/rime-za/srecan/";
"sre%C4%87an" "/rime-za/srecan/";
"srece" "/rime-za/srece/";
"sre%C4%87e" "/rime-za/srece/";
"sredina" "/rime-za/sredina/";
"sredstvo" "/rime-za/sredstvo/";
"srpski" "/rime-za/srpski/";
"stabilnost" "/rime-za/stabilnost/";
"stalno" "/rime-za/stalno/";
"stalo" "/rime-za/stalo/";
"stan" "/rime-za/stan/";
"standard" "/rime-za/standard/";
"stanja" "/rime-za/stanja/";
"stanje" "/rime-za/stanje/";
"stanovnistvo" "/rime-za/stanovnistvo/";
"stanovni%C5%A1tvo" "/rime-za/stanovnistvo/";
"star" "/rime-za/star/";
"stari" "/rime-za/stari/";
"starost" "/rime-za/starost/";
"starosti" "/rime-za/starosti/";
"status" "/rime-za/status/";
"stav" "/rime-za/stav/";
"staviti" "/rime-za/staviti/";
"staza" "/rime-za/staza/";
"staze" "/rime-za/staze/";
"stepen" "/rime-za/stepen/";
"steta" "/rime-za/steta/";
"%C5%A1teta" "/rime-za/steta/";
"stici" "/rime-za/stici/";
"sti%C4%87i" "/rime-za/stici/";
"stih" "/rime-za/stih/";
"stil" "/rime-za/stil/";
"stoga" "/rime-za/stoga/";
"stopa" "/rime-za/stopa/";
"stotina" "/rime-za/stotina/";
"strah" "/rime-za/strah/";
"strajk" "/rime-za/strajk/";
"%C5%A1trajk" "/rime-za/strajk/";
"strana" "/rime-za/strana/";
"stranci" "/rime-za/stranci/";
"strane" "/rime-za/strane/";
"strani" "/rime-za/strani/";
"stranica" "/rime-za/stranica/";
"stranice" "/rime-za/stranice/";
"stranka" "/rime-za/stranka/";
"stranke" "/rime-za/stranke/";
"strasno" "/rime-za/strasno/";
"stra%C5%A1no" "/rime-za/strasno/";
"strast" "/rime-za/strast/";
"strasti" "/rime-za/strasti/";
"strategija" "/rime-za/strategija/";
"strateski" "/rime-za/strateski/";
"strate%C5%A1ki" "/rime-za/strateski/";
"strucnjak" "/rime-za/strucnjak/";
"stru%C4%8Dnjak" "/rime-za/strucnjak/";
"strucno" "/rime-za/strucno/";
"stru%C4%8Dno" "/rime-za/strucno/";
"struja" "/rime-za/struja/";
"struje" "/rime-za/struje/";
"struke" "/rime-za/struke/";
"struktura" "/rime-za/struktura/";
"student" "/rime-za/student/";
"studenti" "/rime-za/studenti/";
"studija" "/rime-za/studija/";
"studije" "/rime-za/studije/";
"studio" "/rime-za/studio/";
"stvar" "/rime-za/stvar/";
"stvaranja" "/rime-za/stvaranja/";
"stvaranje" "/rime-za/stvaranje/";
"stvari" "/rime-za/stvari/";
"stvarno" "/rime-za/stvarno/";
"stvarnost" "/rime-za/stvarnost/";
"subotica" "/rime-za/subotica/";
"sudan" "/rime-za/sudan/";
"sudbina" "/rime-za/sudbina/";
"sudija" "/rime-za/sudija/";
"sudjenje" "/rime-za/sudjenje/";
"su%C4%91enje" "/rime-za/sudjenje/";
"sukob" "/rime-za/sukob/";
"suma" "/rime-za/suma/";
"%C5%A1uma" "/rime-za/suma/";
"sume" "/rime-za/sume/";
"%C5%A1ume" "/rime-za/sume/";
"sumrak" "/rime-za/sumrak/";
"sunca" "/rime-za/sunca/";
"sunce" "/rime-za/sunce/";
"super" "/rime-za/super/";
"supruga" "/rime-za/supruga/";
"susret" "/rime-za/susret/";
"sustina" "/rime-za/sustina/";
"su%C5%A1tina" "/rime-za/sustina/";
"sustinski" "/rime-za/sustinski/";
"su%C5%A1tinski" "/rime-za/sustinski/";
"sutra" "/rime-za/sutra/";
"suvise" "/rime-za/suvise/";
"suvi%C5%A1e" "/rime-za/suvise/";
"suza" "/rime-za/suza/";
"svajcarska" "/rime-za/svajcarska/";
"%C5%A1vajcarska" "/rime-za/svajcarska/";
"svakako" "/rime-za/svakako/";
"svakodnevno" "/rime-za/svakodnevno/";
"sve" "/rime-za/sve/";
"svecano" "/rime-za/svecano/";
"sve%C4%8Dano" "/rime-za/svecano/";
"svedska" "/rime-za/svedska/";
"%C5%A1vedska" "/rime-za/svedska/";
"svejedno" "/rime-za/svejedno/";
"svesno" "/rime-za/svesno/";
"svest" "/rime-za/svest/";
"svestan" "/rime-za/svestan/";
"svesti" "/rime-za/svesti/";
"svet" "/rime-za/svet/";
"svetlo" "/rime-za/svetlo/";
"svetlost" "/rime-za/svetlost/";
"svetlosti" "/rime-za/svetlosti/";
"svetski" "/rime-za/svetski/";
"svi" "/rime-za/svi/";
"svojevremeno" "/rime-za/svojevremeno/";
"svrha" "/rime-za/svrha/";
"svuda" "/rime-za/svuda/";
"tacka" "/rime-za/tacka/";
"ta%C4%8Dka" "/rime-za/tacka/";
"tacke" "/rime-za/tacke/";
"ta%C4%8Dke" "/rime-za/tacke/";
"tacno" "/rime-za/tacno/";
"ta%C4%8Dno" "/rime-za/tacno/";
"tad" "/rime-za/tad/";
"tajland" "/rime-za/tajland/";
"tajna" "/rime-za/tajna/";
"takmicenja" "/rime-za/takmicenja/";
"takmi%C4%8Denja" "/rime-za/takmicenja/";
"takmicenje" "/rime-za/takmicenje/";
"takmi%C4%8Denje" "/rime-za/takmicenje/";
"tako" "/rime-za/tako/";
"talas" "/rime-za/talas/";
"tata" "/rime-za/tata/";
"tecnosti" "/rime-za/tecnosti/";
"te%C4%8Dnosti" "/rime-za/tecnosti/";
"tehnika" "/rime-za/tehnika/";
"tehnologija" "/rime-za/tehnologija/";
"tek" "/rime-za/tek/";
"tekst" "/rime-za/tekst/";
"telefon" "/rime-za/telefon/";
"televizija" "/rime-za/televizija/";
"telo" "/rime-za/telo/";
"tema" "/rime-za/tema/";
"teme" "/rime-za/teme/";
"temperatura" "/rime-za/temperatura/";
"temperature" "/rime-za/temperature/";
"teorija" "/rime-za/teorija/";
"terapija" "/rime-za/terapija/";
"teret" "/rime-za/teret/";
"teritorije" "/rime-za/teritorije/";
"termin" "/rime-za/termin/";
"tesko" "/rime-za/tesko/";
"te%C5%A1ko" "/rime-za/tesko/";
"test" "/rime-za/test/";
"tezak" "/rime-za/tezak/";
"te%C5%BEak" "/rime-za/tezak/";
"tezi" "/rime-za/tezi/";
"te%C5%BEi" "/rime-za/tezi/";
"tip" "/rime-za/tip/";
"tok" "/rime-za/tok/";
"tokio" "/rime-za/tokio/";
"toliko" "/rime-za/toliko/";
"tona" "/rime-za/tona/";
"top" "/rime-za/top/";
"toronto" "/rime-za/toronto/";
"torta" "/rime-za/torta/";
"totalno" "/rime-za/totalno/";
"tradicija" "/rime-za/tradicija/";
"tradicije" "/rime-za/tradicije/";
"tradicionalno" "/rime-za/tradicionalno/";
"trag" "/rime-za/trag/";
"trajati" "/rime-za/trajati/";
"trajno" "/rime-za/trajno/";
"trava" "/rime-za/trava/";
"traziti" "/rime-za/traziti/";
"tra%C5%BEiti" "/rime-za/traziti/";
"treci" "/rime-za/treci/";
"tre%C4%87i" "/rime-za/treci/";
"trend" "/rime-za/trend/";
"trener" "/rime-za/trener/";
"trening" "/rime-za/trening/";
"trenutak" "/rime-za/trenutak/";
"trenutno" "/rime-za/trenutno/";
"tretman" "/rime-za/tretman/";
"trka" "/rime-za/trka/";
"trke" "/rime-za/trke/";
"troskovi" "/rime-za/troskovi/";
"tro%C5%A1kovi" "/rime-za/troskovi/";
"truba" "/rime-za/truba/";
"trud" "/rime-za/trud/";
"trziste" "/rime-za/trziste/";
"tr%C5%BEi%C5%A1te" "/rime-za/trziste/";
"tuga" "/rime-za/tuga/";
"tunis" "/rime-za/tunis/";
"turizam" "/rime-za/turizam/";
"turnir" "/rime-za/turnir/";
"turska" "/rime-za/turska/";
"tuzilac" "/rime-za/tuzilac/";
"tu%C5%BEilac" "/rime-za/tuzilac/";
"tuzilastvo" "/rime-za/tuzilastvo/";
"tu%C5%BEila%C5%A1tvo" "/rime-za/tuzilastvo/";
"ubedljivo" "/rime-za/ubedljivo/";
"ubistvo" "/rime-za/ubistvo/";
"ubrzo" "/rime-za/ubrzo/";
"ubuduce" "/rime-za/ubuduce/";
"ubudu%C4%87e" "/rime-za/ubuduce/";
"ucenik" "/rime-za/ucenik/";
"u%C4%8Denik" "/rime-za/ucenik/";
"ucenje" "/rime-za/ucenje/";
"u%C4%8Denje" "/rime-za/ucenje/";
"ucesnici" "/rime-za/ucesnici/";
"u%C4%8Desnici" "/rime-za/ucesnici/";
"ucestvovati" "/rime-za/ucestvovati/";
"u%C4%8Destvovati" "/rime-za/ucestvovati/";
"uci" "/rime-za/uci/";
"u%C4%87i" "/rime-za/uci/";
"uciniti" "/rime-za/uciniti/";
"u%C4%8Diniti" "/rime-za/uciniti/";
"udarac" "/rime-za/udarac/";
"udruzenja" "/rime-za/udruzenja/";
"udru%C5%BEenja" "/rime-za/udruzenja/";
"udruzenje" "/rime-za/udruzenje/";
"udru%C5%BEenje" "/rime-za/udruzenje/";
"uglavnom" "/rime-za/uglavnom/";
"ugled" "/rime-za/ugled/";
"ugovor" "/rime-za/ugovor/";
"uho" "/rime-za/uho/";
"ujedno" "/rime-za/ujedno/";
"ukidanje" "/rime-za/ukidanje/";
"ukrajina" "/rime-za/ukrajina/";
"ukratko" "/rime-za/ukratko/";
"ukupan" "/rime-za/ukupan/";
"ukupno" "/rime-za/ukupno/";
"ukus" "/rime-za/ukus/";
"ulaz" "/rime-za/ulaz/";
"ulazak" "/rime-za/ulazak/";
"ulica" "/rime-za/ulica/";
"ulice" "/rime-za/ulice/";
"ulja" "/rime-za/ulja/";
"ulje" "/rime-za/ulje/";
"uloga" "/rime-za/uloga/";
"um" "/rime-za/um/";
"umetnost" "/rime-za/umetnost/";
"unapred" "/rime-za/unapred/";
"unapredjenje" "/rime-za/unapredjenje/";
"unapre%C4%91enje" "/rime-za/unapredjenje/";
"unazad" "/rime-za/unazad/";
"unija" "/rime-za/unija/";
"univerzitet" "/rime-za/univerzitet/";
"unos" "/rime-za/unos/";
"unutra" "/rime-za/unutra/";
"uopste" "/rime-za/uopste/";
"uop%C5%A1te" "/rime-za/uopste/";
"uostalom" "/rime-za/uostalom/";
"upis" "/rime-za/upis/";
"uporno" "/rime-za/uporno/";
"upotreba" "/rime-za/upotreba/";
"uprava" "/rime-za/uprava/";
"upravljanje" "/rime-za/upravljanje/";
"upravo" "/rime-za/upravo/";
"uraditi" "/rime-za/uraditi/";
"uredjaj" "/rime-za/uredjaj/";
"ure%C4%91aj" "/rime-za/uredjaj/";
"uredjenje" "/rime-za/uredjenje/";
"ure%C4%91enje" "/rime-za/uredjenje/";
"uredno" "/rime-za/uredno/";
"urugvaj" "/rime-za/urugvaj/";
"uskoro" "/rime-za/uskoro/";
"uslov" "/rime-za/uslov/";
"usne" "/rime-za/usne/";
"uspeh" "/rime-za/uspeh/";
"uspesan" "/rime-za/uspesan/";
"uspe%C5%A1an" "/rime-za/uspesan/";
"uspesno" "/rime-za/uspesno/";
"uspe%C5%A1no" "/rime-za/uspesno/";
"uspeti" "/rime-za/uspeti/";
"uspostavljanje" "/rime-za/uspostavljanje/";
"usput" "/rime-za/usput/";
"usta" "/rime-za/usta/";
"ustanova" "/rime-za/ustanova/";
"ustav" "/rime-za/ustav/";
"ustava" "/rime-za/ustava/";
"ustavni" "/rime-za/ustavni/";
"ustvari" "/rime-za/ustvari/";
"usvajanje" "/rime-za/usvajanje/";
"utakmica" "/rime-za/utakmica/";
"uticaj" "/rime-za/uticaj/";
"uticati" "/rime-za/uticati/";
"utisak" "/rime-za/utisak/";
"utorak" "/rime-za/utorak/";
"utvrditi" "/rime-za/utvrditi/";
"uvece" "/rime-za/uvece/";
"uve%C4%8De" "/rime-za/uvece/";
"uvek" "/rime-za/uvek/";
"uveliko" "/rime-za/uveliko/";
"uvid" "/rime-za/uvid/";
"uvod" "/rime-za/uvod/";
"uvodjenje" "/rime-za/uvodjenje/";
"uvo%C4%91enje" "/rime-za/uvodjenje/";
"uvoz" "/rime-za/uvoz/";
"uzeti" "/rime-za/uzeti/";
"uzice" "/rime-za/uzice/";
"u%C5%BEice" "/rime-za/uzice/";
"uzivo" "/rime-za/uzivo/";
"u%C5%BEivo" "/rime-za/uzivo/";
"uzrok" "/rime-za/uzrok/";
"valjda" "/rime-za/valjda/";
"valjevo" "/rime-za/valjevo/";
"varijanta" "/rime-za/varijanta/";
"varsava" "/rime-za/varsava/";
"var%C5%A1ava" "/rime-za/varsava/";
"vasington" "/rime-za/vasington/";
"va%C5%A1ington" "/rime-za/vasington/";
"vatra" "/rime-za/vatra/";
"vazan" "/rime-za/vazan/";
"va%C5%BEan" "/rime-za/vazan/";
"vazduh" "/rime-za/vazduh/";
"vazno" "/rime-za/vazno/";
"va%C5%BEno" "/rime-za/vazno/";
"vaznost" "/rime-za/vaznost/";
"va%C5%BEnost" "/rime-za/vaznost/";
"veca" "/rime-za/veca/";
"ve%C4%87a" "/rime-za/veca/";
"vece" "/rime-za/vece/";
"ve%C4%8De" "/rime-za/vece/";
"veceras" "/rime-za/veceras/";
"ve%C4%8Deras" "/rime-za/veceras/";
"veceri" "/rime-za/veceri/";
"ve%C4%8Deri" "/rime-za/veceri/";
"vecina" "/rime-za/vecina/";
"ve%C4%87ina" "/rime-za/vecina/";
"vecnost" "/rime-za/vecnost/";
"ve%C4%8Dnost" "/rime-za/vecnost/";
"vek" "/rime-za/vek/";
"velicina" "/rime-za/velicina/";
"veli%C4%8Dina" "/rime-za/velicina/";
"velicine" "/rime-za/velicine/";
"veli%C4%8Dine" "/rime-za/velicine/";
"veliki" "/rime-za/veliki/";
"venecija" "/rime-za/venecija/";
"venecuela" "/rime-za/venecuela/";
"veoma" "/rime-za/veoma/";
"vera" "/rime-za/vera/";
"vere" "/rime-za/vere/";
"verovatno" "/rime-za/verovatno/";
"verzija" "/rime-za/verzija/";
"vest" "/rime-za/vest/";
"vesti" "/rime-za/vesti/";
"vestina" "/rime-za/vestina/";
"ve%C5%A1tina" "/rime-za/vestina/";
"vestine" "/rime-za/vestine/";
"ve%C5%A1tine" "/rime-za/vestine/";
"vetar" "/rime-za/vetar/";
"veza" "/rime-za/veza/";
"vezan" "/rime-za/vezan/";
"vezano" "/rime-za/vezano/";
"veze" "/rime-za/veze/";
"vid" "/rime-za/vid/";
"video" "/rime-za/video/";
"videti" "/rime-za/videti/";
"vijetnam" "/rime-za/vijetnam/";
"vila" "/rime-za/vila/";
"vina" "/rime-za/vina/";
"vino" "/rime-za/vino/";
"visak" "/rime-za/visak/";
"vi%C5%A1ak" "/rime-za/visak/";
"vise" "/rime-za/vise/";
"vi%C5%A1e" "/rime-za/vise/";
"visina" "/rime-za/visina/";
"visine" "/rime-za/visine/";
"visok" "/rime-za/visok/";
"vitez" "/rime-za/vitez/";
"vlada" "/rime-za/vlada/";
"vladavine" "/rime-za/vladavine/";
"vladika" "/rime-za/vladika/";
"vlasnik" "/rime-za/vlasnik/";
"vlasnistvo" "/rime-za/vlasnistvo/";
"vlasni%C5%A1tvo" "/rime-za/vlasnistvo/";
"vlast" "/rime-za/vlast/";
"voce" "/rime-za/voce/";
"vo%C4%87e" "/rime-za/voce/";
"voda" "/rime-za/voda/";
"vodeci" "/rime-za/vodeci/";
"vode%C4%87i" "/rime-za/vodeci/";
"voditi" "/rime-za/voditi/";
"vodja" "/rime-za/vodja/";
"vo%C4%91a" "/rime-za/vodja/";
"vodjenje" "/rime-za/vodjenje/";
"vo%C4%91enje" "/rime-za/vodjenje/";
"vojni" "/rime-za/vojni/";
"vojnici" "/rime-za/vojnici/";
"vojska" "/rime-za/vojska/";
"vojske" "/rime-za/vojske/";
"volja" "/rime-za/volja/";
"voljena" "/rime-za/voljena/";
"vozac" "/rime-za/vozac/";
"voza%C4%8D" "/rime-za/vozac/";
"vozila" "/rime-za/vozila/";
"vozilo" "/rime-za/vozilo/";
"vranje" "/rime-za/vranje/";
"vrata" "/rime-za/vrata/";
"vratiti" "/rime-za/vratiti/";
"vredan" "/rime-za/vredan/";
"vrednost" "/rime-za/vrednost/";
"vrednosti" "/rime-za/vrednosti/";
"vreme" "/rime-za/vreme/";
"vremenom" "/rime-za/vremenom/";
"vremenski" "/rime-za/vremenski/";
"vrhunski" "/rime-za/vrhunski/";
"vrlo" "/rime-za/vrlo/";
"vrsta" "/rime-za/vrsta/";
"vrste" "/rime-za/vrste/";
"vuce" "/rime-za/vuce/";
"vu%C4%8De" "/rime-za/vuce/";
"vuk" "/rime-za/vuk/";
"zaboraviti" "/rime-za/zaboraviti/";
"zadatak" "/rime-za/zadatak/";
"zadnji" "/rime-za/zadnji/";
"zadovoljan" "/rime-za/zadovoljan/";
"zadovoljstvo" "/rime-za/zadovoljstvo/";
"zaduzen" "/rime-za/zaduzen/";
"zadu%C5%BEen" "/rime-za/zaduzen/";
"zagreb" "/rime-za/zagreb/";
"zagrljaj" "/rime-za/zagrljaj/";
"zahtev" "/rime-za/zahtev/";
"zahvaljujuci" "/rime-za/zahvaljujuci/";
"zahvaljuju%C4%87i" "/rime-za/zahvaljujuci/";
"zaista" "/rime-za/zaista/";
"zajecar" "/rime-za/zajecar/";
"zaje%C4%8Dar" "/rime-za/zajecar/";
"zajednica" "/rime-za/zajednica/";
"zajednice" "/rime-za/zajednice/";
"zajednicki" "/rime-za/zajednicki/";
"zajedni%C4%8Dki" "/rime-za/zajednicki/";
"zajedno" "/rime-za/zajedno/";
"zakljucak" "/rime-za/zakljucak/";
"zaklju%C4%8Dak" "/rime-za/zakljucak/";
"zakljuciti" "/rime-za/zakljuciti/";
"zaklju%C4%8Diti" "/rime-za/zakljuciti/";
"zakon" "/rime-za/zakon/";
"zakoni" "/rime-za/zakoni/";
"zakonski" "/rime-za/zakonski/";
"zalost" "/rime-za/zalost/";
"%C5%BEalost" "/rime-za/zalost/";
"zambija" "/rime-za/zambija/";
"zamena" "/rime-za/zamena/";
"zamenik" "/rime-za/zamenik/";
"zamisli" "/rime-za/zamisli/";
"zanimljiv" "/rime-za/zanimljiv/";
"zao" "/rime-za/zao/";
"%C5%BEao" "/rime-za/zao/";
"zapad" "/rime-za/zapad/";
"zapravo" "/rime-za/zapravo/";
"zarada" "/rime-za/zarada/";
"zarade" "/rime-za/zarade/";
"zastita" "/rime-za/zastita/";
"za%C5%A1tita" "/rime-za/zastita/";
"zastite" "/rime-za/zastite/";
"za%C5%A1tite" "/rime-za/zastite/";
"zato" "/rime-za/zato/";
"zatvor" "/rime-za/zatvor/";
"zavisno" "/rime-za/zavisno/";
"zavrsetak" "/rime-za/zavrsetak/";
"zavr%C5%A1etak" "/rime-za/zavrsetak/";
"zavrsiti" "/rime-za/zavrsiti/";
"zavr%C5%A1iti" "/rime-za/zavrsiti/";
"zdrav" "/rime-za/zdrav/";
"zdravlje" "/rime-za/zdravlje/";
"zdravo" "/rime-za/zdravo/";
"zdravstveno" "/rime-za/zdravstveno/";
"zeka" "/rime-za/zeka/";
"zele" "/rime-za/zele/";
"%C5%BEele" "/rime-za/zele/";
"zelja" "/rime-za/zelja/";
"%C5%BEelja" "/rime-za/zelja/";
"zelje" "/rime-za/zelje/";
"%C5%BEelje" "/rime-za/zelje/";
"zemlja" "/rime-za/zemlja/";
"zemljista" "/rime-za/zemljista/";
"zemlji%C5%A1ta" "/rime-za/zemljista/";
"zemljiste" "/rime-za/zemljiste/";
"zemlji%C5%A1te" "/rime-za/zemljiste/";
"zena" "/rime-za/zena/";
"%C5%BEena" "/rime-za/zena/";
"zene" "/rime-za/zene/";
"%C5%BEene" "/rime-za/zene/";
"zgrada" "/rime-za/zgrada/";
"zid" "/rime-za/zid/";
"zima" "/rime-za/zima/";
"zimbabve" "/rime-za/zimbabve/";
"zime" "/rime-za/zime/";
"ziv" "/rime-za/ziv/";
"%C5%BEiv" "/rime-za/ziv/";
"ziva" "/rime-za/ziva/";
"%C5%BEiva" "/rime-za/ziva/";
"ziveti" "/rime-za/ziveti/";
"%C5%BEiveti" "/rime-za/ziveti/";
"zivot" "/rime-za/zivot/";
"%C5%BEivot" "/rime-za/zivot/";
"zivotinja" "/rime-za/zivotinja/";
"%C5%BEivotinja" "/rime-za/zivotinja/";
"zivotni" "/rime-za/zivotni/";
"%C5%BEivotni" "/rime-za/zivotni/";
"zlata" "/rime-za/zlata/";
"zlato" "/rime-za/zlato/";
"zlo" "/rime-za/zlo/";
"zlocin" "/rime-za/zlocin/";
"zlo%C4%8Din" "/rime-za/zlocin/";
"zmija" "/rime-za/zmija/";
"znacaj" "/rime-za/znacaj/";
"zna%C4%8Daj" "/rime-za/znacaj/";
"znacajan" "/rime-za/znacajan/";
"zna%C4%8Dajan" "/rime-za/znacajan/";
"znacajno" "/rime-za/znacajno/";
"zna%C4%8Dajno" "/rime-za/znacajno/";
"znacenje" "/rime-za/znacenje/";
"zna%C4%8Denje" "/rime-za/znacenje/";
"znaci" "/rime-za/znaci/";
"znak" "/rime-za/znak/";
"znanja" "/rime-za/znanja/";
"znanje" "/rime-za/znanje/";
"znati" "/rime-za/znati/";
"znatno" "/rime-za/znatno/";
"zora" "/rime-za/zora/";
"zraka" "/rime-za/zraka/";
"zrenjanin" "/rime-za/zrenjanin/";
"zrtva" "/rime-za/zrtva/";
"%C5%BErtva" "/rime-za/zrtva/";
"zub" "/rime-za/zub/";
"zvanicni" "/rime-za/zvanicni/";
"zvani%C4%8Dni" "/rime-za/zvanicni/";
"zvanicno" "/rime-za/zvanicno/";
"zvani%C4%8Dno" "/rime-za/zvanicno/";
"zvezda" "/rime-za/zvezda/";
"zvuk" "/rime-za/zvuk/";
